Archive member included because of file (symbol)

/Users/tehn/avr32-tools-20140411/lib/gcc/avr32/4.4.7/ucr1/libgcc.a(_lshrdi3.o)
                              avr32/drivers/flashc/flashc.o (__avr32_lsr64)
/Users/tehn/avr32-tools-20140411/lib/gcc/avr32/4.4.7/ucr1/libgcc.a(_ashldi3.o)
                              avr32/drivers/flashc/flashc.o (__avr32_lsl64)
/Users/tehn/avr32-tools-20140411/lib/gcc/avr32/4.4.7/ucr1/libgcc.a(_udivdi3.o)
                              ../skeleton/adc.o (__avr32_udiv64)
/Users/tehn/avr32-tools-20140411/lib/gcc/avr32/4.4.7/../../../../avr32/lib/ucr1/libc.a(lib_a-atexit.o)
                              /Users/tehn/avr32-tools-20140411/lib/gcc/avr32/4.4.7/../../../../avr32/lib/ucr1/crt0.o (atexit)
/Users/tehn/avr32-tools-20140411/lib/gcc/avr32/4.4.7/../../../../avr32/lib/ucr1/libc.a(lib_a-exit.o)
                              /Users/tehn/avr32-tools-20140411/lib/gcc/avr32/4.4.7/../../../../avr32/lib/ucr1/crt0.o (exit)
/Users/tehn/avr32-tools-20140411/lib/gcc/avr32/4.4.7/../../../../avr32/lib/ucr1/libc.a(lib_a-impure.o)
                              /Users/tehn/avr32-tools-20140411/lib/gcc/avr32/4.4.7/../../../../avr32/lib/ucr1/libc.a(lib_a-exit.o) (_global_impure_ptr)
/Users/tehn/avr32-tools-20140411/lib/gcc/avr32/4.4.7/../../../../avr32/lib/ucr1/libc.a(lib_a-malloc.o)
                              ../skeleton/usb/hid/uhi_hid.o (free)
/Users/tehn/avr32-tools-20140411/lib/gcc/avr32/4.4.7/../../../../avr32/lib/ucr1/libc.a(lib_a-mallocr.o)
                              /Users/tehn/avr32-tools-20140411/lib/gcc/avr32/4.4.7/../../../../avr32/lib/ucr1/libc.a(lib_a-malloc.o) (_malloc_r)
/Users/tehn/avr32-tools-20140411/lib/gcc/avr32/4.4.7/../../../../avr32/lib/ucr1/libc.a(lib_a-memcpy.o)
                              avr32/drivers/flashc/flashc.o (memcpy)
/Users/tehn/avr32-tools-20140411/lib/gcc/avr32/4.4.7/../../../../avr32/lib/ucr1/libc.a(lib_a-mlock.o)
                              /Users/tehn/avr32-tools-20140411/lib/gcc/avr32/4.4.7/../../../../avr32/lib/ucr1/libc.a(lib_a-mallocr.o) (__malloc_lock)
/Users/tehn/avr32-tools-20140411/lib/gcc/avr32/4.4.7/../../../../avr32/lib/ucr1/libc.a(lib_a-sbrkr.o)
                              /Users/tehn/avr32-tools-20140411/lib/gcc/avr32/4.4.7/../../../../avr32/lib/ucr1/libc.a(lib_a-mallocr.o) (_sbrk_r)
/Users/tehn/avr32-tools-20140411/lib/gcc/avr32/4.4.7/../../../../avr32/lib/ucr1/libc.a(lib_a-strncmp.o)
                              ../skeleton/monome.o (strncmp)
/Users/tehn/avr32-tools-20140411/lib/gcc/avr32/4.4.7/../../../../avr32/lib/ucr1/libc.a(lib_a-syscalls.o)
                              /Users/tehn/avr32-tools-20140411/lib/gcc/avr32/4.4.7/../../../../avr32/lib/ucr1/crt0.o (_init_startup)
/Users/tehn/avr32-tools-20140411/lib/gcc/avr32/4.4.7/../../../../avr32/lib/ucr1/libc.a(lib_a-__atexit.o)
                              /Users/tehn/avr32-tools-20140411/lib/gcc/avr32/4.4.7/../../../../avr32/lib/ucr1/libc.a(lib_a-atexit.o) (__register_exitproc)
/Users/tehn/avr32-tools-20140411/lib/gcc/avr32/4.4.7/../../../../avr32/lib/ucr1/libc.a(lib_a-__call_atexit.o)
                              /Users/tehn/avr32-tools-20140411/lib/gcc/avr32/4.4.7/../../../../avr32/lib/ucr1/libc.a(lib_a-exit.o) (__call_exitprocs)
/Users/tehn/avr32-tools-20140411/lib/gcc/avr32/4.4.7/../../../../avr32/lib/ucr1/libc.a(lib_a-errno.o)
                              /Users/tehn/avr32-tools-20140411/lib/gcc/avr32/4.4.7/../../../../avr32/lib/ucr1/libc.a(lib_a-syscalls.o) (__errno)
/Users/tehn/avr32-tools-20140411/lib/gcc/avr32/4.4.7/../../../../avr32/lib/ucr1/libc.a(lib_a-findfp.o)
                              /Users/tehn/avr32-tools-20140411/lib/gcc/avr32/4.4.7/../../../../avr32/lib/ucr1/libc.a(lib_a-impure.o) (__sf_fake_stdin)
/Users/tehn/avr32-tools-20140411/lib/gcc/avr32/4.4.7/../../../../avr32/lib/ucr1/libc.a(lib_a-freer.o)
                              /Users/tehn/avr32-tools-20140411/lib/gcc/avr32/4.4.7/../../../../avr32/lib/ucr1/libc.a(lib_a-malloc.o) (_free_r)
/Users/tehn/avr32-tools-20140411/lib/gcc/avr32/4.4.7/../../../../avr32/lib/ucr1/libc.a(lib_a-fwalk.o)
                              /Users/tehn/avr32-tools-20140411/lib/gcc/avr32/4.4.7/../../../../avr32/lib/ucr1/libc.a(lib_a-findfp.o) (_fwalk)
/Users/tehn/avr32-tools-20140411/lib/gcc/avr32/4.4.7/../../../../avr32/lib/ucr1/libc.a(lib_a-memset.o)
                              /Users/tehn/avr32-tools-20140411/lib/gcc/avr32/4.4.7/../../../../avr32/lib/ucr1/libc.a(lib_a-findfp.o) (memset)
/Users/tehn/avr32-tools-20140411/lib/gcc/avr32/4.4.7/../../../../avr32/lib/ucr1/libc.a(lib_a-reent.o)
                              /Users/tehn/avr32-tools-20140411/lib/gcc/avr32/4.4.7/../../../../avr32/lib/ucr1/libc.a(lib_a-sbrkr.o) (errno)
/Users/tehn/avr32-tools-20140411/lib/gcc/avr32/4.4.7/../../../../avr32/lib/ucr1/libc.a(lib_a-stdio.o)
                              /Users/tehn/avr32-tools-20140411/lib/gcc/avr32/4.4.7/../../../../avr32/lib/ucr1/libc.a(lib_a-findfp.o) (__sclose)
[...]
Memory Configuration

Name             Origin             Length             Attributes
FLASH            0x0000000080000000 0x0000000000040000 axrl !w
INTRAM           0x0000000000000004 0x0000000000007ffc axw !rl
USERPAGE         0x0000000080800000 0x0000000000000200
*default*        0x0000000000000000 0xffffffffffffffff

Linker script and memory map

                0x0000000000001000                _stack_size = 0x1000
LOAD /Users/tehn/avr32-tools-20140411/lib/gcc/avr32/4.4.7/../../../../avr32/lib/ucr1/crt0.o
LOAD /Users/tehn/avr32-tools-20140411/lib/gcc/avr32/4.4.7/ucr1/crti.o
LOAD /Users/tehn/avr32-tools-20140411/lib/gcc/avr32/4.4.7/ucr1/crtbegin.o
                0xffffffffffffffff                __max_heap_size__ = 0xffffffffffffffff
                [0xffffffffffffffff]                __heap_size__ = DEFINED (__heap_size__)?__heap_size__:__max_heap_size__
                [0x0000000000001000]                __stack_size__ = DEFINED (__stack_size__)?__stack_size__:0x1000
                [0x0000000000010000]                __flash_nvram_size__ = DEFINED (__flash_nvram_size__)?__flash_nvram_size__:0x10000
                0x0000000080000000                PROVIDE (__executable_start, 0x80000000)
                0x0000000080000000                . = 0x80000000

.interp
 *(.interp)

.reset          0x0000000080000000     0x2004
 *(.reset)
 .reset         0x0000000080000000     0x2004 avr32/utils/startup/trampoline_uc3.o
                                       0x2008 (size before relaxing)
                0x0000000080000000                _trampoline

.hash
 *(.hash)

.dynsym
 *(.dynsym)

.dynstr
 *(.dynstr)

.gnu.version
 *(.gnu.version)

.gnu.version_d
 *(.gnu.version_d)

.gnu.version_r
 *(.gnu.version_r)

.rel.init
 *(.rel.init)

.rela.init
 *(.rela.init)

.rel.text
 *(.rel.text .rel.text.* .rel.gnu.linkonce.t.*)

.rela.text
 *(.rela.text .rela.text.* .rela.gnu.linkonce.t.*)

.rel.fini
 *(.rel.fini)

.rela.fini
 *(.rela.fini)

.rel.rodata
 *(.rel.rodata .rel.rodata.* .rel.gnu.linkonce.r.*)

.rela.rodata
 *(.rela.rodata .rela.rodata.* .rela.gnu.linkonce.r.*)

.rel.data.rel.ro
 *(.rel.data.rel.ro*)

.rela.data.rel.ro
 *(.rel.data.rel.ro*)

.rel.data
 *(.rel.data .rel.data.* .rel.gnu.linkonce.d.*)

.rela.data
 *(.rela.data .rela.data.* .rela.gnu.linkonce.d.*)

.rel.tdata
 *(.rel.tdata .rel.tdata.* .rel.gnu.linkonce.td.*)

.rela.tdata
 *(.rela.tdata .rela.tdata.* .rela.gnu.linkonce.td.*)

.rel.tbss
 *(.rel.tbss .rel.tbss.* .rel.gnu.linkonce.tb.*)

.rela.tbss
 *(.rela.tbss .rela.tbss.* .rela.gnu.linkonce.tb.*)

.rel.ctors
 *(.rel.ctors)

.rela.ctors
 *(.rela.ctors)

.rel.dtors
 *(.rel.dtors)

.rela.dtors
 *(.rela.dtors)

.rel.got
 *(.rel.got)

.rela.got       0x0000000080002004        0x0
 *(.rela.got)
 .rela.got      0x0000000080002004        0x0 /Users/tehn/avr32-tools-20140411/lib/gcc/avr32/4.4.7/../../../../avr32/lib/ucr1/crt0.o

.rel.bss
 *(.rel.bss .rel.bss.* .rel.gnu.linkonce.b.*)

.rela.bss
 *(.rela.bss .rela.bss.* .rela.gnu.linkonce.b.*)

.rel.plt
 *(.rel.plt)

.rela.plt
 *(.rela.plt)

.init           0x0000000080002004       0x1a
 *(.init)
 .init          0x0000000080002004       0x10 /Users/tehn/avr32-tools-20140411/lib/gcc/avr32/4.4.7/ucr1/crti.o
                0x0000000080002004                _init
 .init          0x0000000080002014        0x2 /Users/tehn/avr32-tools-20140411/lib/gcc/avr32/4.4.7/ucr1/crtbegin.o
                                          0x4 (size before relaxing)
 .init          0x0000000080002016        0x4 /Users/tehn/avr32-tools-20140411/lib/gcc/avr32/4.4.7/ucr1/crtend.o
 .init          0x000000008000201a        0x4 /Users/tehn/avr32-tools-20140411/lib/gcc/avr32/4.4.7/ucr1/crtn.o

.plt
 *(.plt)

.text           0x0000000080002020     0x524c
 *(.text .stub .text.* .gnu.linkonce.t.*)
 .text          0x0000000080002020       0x60 /Users/tehn/avr32-tools-20140411/lib/gcc/avr32/4.4.7/../../../../avr32/lib/ucr1/crt0.o
                                         0x84 (size before relaxing)
                0x0000000080002020                _stext
 .text.__do_global_dtors_aux
                0x0000000080002080       0x3c /Users/tehn/avr32-tools-20140411/lib/gcc/avr32/4.4.7/ucr1/crtbegin.o
                                         0x48 (size before relaxing)
 .text.frame_dummy
                0x00000000800020bc       0x18 /Users/tehn/avr32-tools-20140411/lib/gcc/avr32/4.4.7/ucr1/crtbegin.o
                                         0x1c (size before relaxing)
 .text.handler_None
                0x00000000800020d4        0x2 ../meadowphysics/main.o
 *fill*         0x00000000800020d6        0x2 d703d703
 .text.clockTimer_callback
                0x00000000800020d8       0x30 ../meadowphysics/main.o
                                         0x38 (size before relaxing)
 .text.handler_MonomePoll
                0x0000000080002108        0xc ../meadowphysics/main.o
                                         0x10 (size before relaxing)
 .text.handler_Front
                0x0000000080002114       0x3c ../meadowphysics/main.o
                                         0x48 (size before relaxing)
 .text.flash_read
                0x0000000080002150       0x70 ../meadowphysics/main.o
                                         0x7c (size before relaxing)
                0x0000000080002150                flash_read
 .text.handler_ClockNormal
                0x00000000800021c0       0x14 ../meadowphysics/main.o
                                         0x1c (size before relaxing)
 .text.timers_set_monome
                0x00000000800021d4       0x24 ../meadowphysics/main.o
                                         0x30 (size before relaxing)
                0x00000000800021d4                timers_set_monome
 .text.handler_MonomeGridKey
                0x00000000800021f8      0x2b0 ../meadowphysics/main.o
                                        0x2b4 (size before relaxing)
 .text.handler_MonomeRefresh
                0x00000000800024a8       0x9c ../meadowphysics/main.o
                                         0xac (size before relaxing)
 .text.refresh  0x0000000080002544      0x1b8 ../meadowphysics/main.o
                                        0x1c0 (size before relaxing)
 .text.refresh_mono
                0x00000000800026fc        0x8 ../meadowphysics/main.o
                                          0xc (size before relaxing)
 .text.handler_MonomeConnect
                0x0000000080002704       0x44 ../meadowphysics/main.o
                                         0x5c (size before relaxing)
 .text.handler_FtdiConnect
                0x0000000080002748        0x8 ../meadowphysics/main.o
                                          0xc (size before relaxing)
 .text.handler_KeyTimer
                0x0000000080002750       0xbc ../meadowphysics/main.o
                                         0xcc (size before relaxing)
 .text.adcTimer_callback
                0x000000008000280c       0x18 ../meadowphysics/main.o
                                         0x1c (size before relaxing)
 .text.keyTimer_callback
                0x0000000080002824       0x18 ../meadowphysics/main.o
                                         0x1c (size before relaxing)
 .text.monome_refresh_timer_callback
                0x000000008000283c       0x20 ../meadowphysics/main.o
                                         0x28 (size before relaxing)
 .text.handler_PollADC
                0x000000008000285c       0x44 ../meadowphysics/main.o
                                         0x50 (size before relaxing)
 .text.cascades_trigger
                0x00000000800028a0      0x17c ../meadowphysics/main.o
 .text.clock    0x0000000080002a1c       0xd0 ../meadowphysics/main.o
                                         0xe0 (size before relaxing)
 .text.flash_write
                0x0000000080002aec       0x50 ../meadowphysics/main.o
                                         0x5c (size before relaxing)
                0x0000000080002aec                flash_write
 .text.handler_SaveFlash
                0x0000000080002b3c        0x8 ../meadowphysics/main.o
                                          0xc (size before relaxing)
 .text.flash_unfresh
                0x0000000080002b44       0x14 ../meadowphysics/main.o
                                         0x18 (size before relaxing)
                0x0000000080002b44                flash_unfresh
 .text.main     0x0000000080002b58      0x1f4 ../meadowphysics/main.o
                                        0x298 (size before relaxing)
                0x0000000080002b58                main
 .text.timers_unset_monome
                0x0000000080002d4c       0x14 ../meadowphysics/main.o
                                         0x1c (size before relaxing)
                0x0000000080002d4c                timers_unset_monome
 .text.handler_FtdiDisconnect
                0x0000000080002d60        0x8 ../meadowphysics/main.o
                                          0xc (size before relaxing)
 .text.monome_poll_timer_callback
                0x0000000080002d68        0x8 ../meadowphysics/main.o
                                          0xc (size before relaxing)
 .text.init_adc
                0x0000000080002d70       0x7c ../skeleton/adc.o
                                         0x8c (size before relaxing)
                0x0000000080002d70                init_adc
 .text.adc_convert
                0x0000000080002dec       0xf8 ../skeleton/adc.o
                                        0x108 (size before relaxing)
                0x0000000080002dec                adc_convert
 .text.init_events
                0x0000000080002ee4       0x24 ../skeleton/events.o
                                         0x2c (size before relaxing)
                0x0000000080002ee4                init_events
 .text.event_post
                0x0000000080002f08       0x50 ../skeleton/events.o
                                         0x5c (size before relaxing)
                0x0000000080002f08                event_post
 .text.event_next
                0x0000000080002f58       0x4c ../skeleton/events.o
                                         0x50 (size before relaxing)
                0x0000000080002f58                event_next
 .text.init_usb_host
                0x0000000080002fa4        0x8 ../skeleton/init.o
                                          0xc (size before relaxing)
                0x0000000080002fa4                init_usb_host
 .text.init_spi
                0x0000000080002fac       0xa0 ../skeleton/init.o
                                         0xbc (size before relaxing)
                0x0000000080002fac                init_spi
 .text.init_tc  0x000000008000304c       0x38 ../skeleton/init.o
                                         0x4c (size before relaxing)
                0x000000008000304c                init_tc
 .text.init_gpio
                0x0000000080003084       0x4c ../skeleton/init.o
                                         0x50 (size before relaxing)
                0x0000000080003084                init_gpio
 .text.clock_null
                0x00000000800030d0        0x2 ../skeleton/interrupts.o
                0x00000000800030d0                clock_null
 *fill*         0x00000000800030d2        0x2 d703d703
 .text.register_interrupts
                0x00000000800030d4       0x44 ../skeleton/interrupts.o
                                         0x50 (size before relaxing)
                0x00000000800030d4                register_interrupts
 .text.irq_tc   0x0000000080003118       0x5c ../skeleton/interrupts.o
                                         0x68 (size before relaxing)
 .text.irq_port0_line1
                0x0000000080003174       0x2c ../skeleton/interrupts.o
                                         0x40 (size before relaxing)
 .text.irq_port1_line1
                0x00000000800031a0       0x60 ../skeleton/interrupts.o
                                         0x84 (size before relaxing)
 .text.read_serial_dummy
                0x0000000080003200        0x2 ../skeleton/monome.o
 *fill*         0x0000000080003202        0x2 d703d703
 .text.init_monome
                0x0000000080003204       0x14 ../skeleton/monome.o
                0x0000000080003204                init_monome
 .text.monome_grid_key_parse_event_data
                0x0000000080003218       0x18 ../skeleton/monome.o
                0x0000000080003218                monome_grid_key_parse_event_data
 .text.monome_set_quadrant_flag
                0x0000000080003230       0x14 ../skeleton/monome.o
                0x0000000080003230                monome_set_quadrant_flag
 .text.monome_size_x
                0x0000000080003244        0x8 ../skeleton/monome.o
                                          0xc (size before relaxing)
                0x0000000080003244                monome_size_x
 .text.monome_is_vari
                0x000000008000324c        0x8 ../skeleton/monome.o
                                          0xc (size before relaxing)
                0x000000008000324c                monome_is_vari
 .text.set_intense_mext
                0x0000000080003254        0x2 ../skeleton/monome.o
 *fill*         0x0000000080003256        0x2 d703d703
 .text.monome_grid_refresh
                0x0000000080003258      0x124 ../skeleton/monome.o
                                        0x118 (size before relaxing)
                0x0000000080003258                monome_grid_refresh
 .text.monome_arc_refresh
                0x000000008000337c       0x80 ../skeleton/monome.o
                                         0x94 (size before relaxing)
                0x000000008000337c                monome_arc_refresh
 .text.set_intense_series
                0x00000000800033fc       0x1c ../skeleton/monome.o
                                         0x24 (size before relaxing)
 .text.ring_map_mext
                0x0000000080003418       0x4c ../skeleton/monome.o
                                         0x54 (size before relaxing)
 .text.grid_map_mext
                0x0000000080003464       0x70 ../skeleton/monome.o
                                         0x78 (size before relaxing)
 .text.grid_map_series
                0x00000000800034d4       0x88 ../skeleton/monome.o
                                         0x90 (size before relaxing)
 .text.grid_map_40h
                0x000000008000355c       0x80 ../skeleton/monome.o
                                         0x88 (size before relaxing)
 .text.read_serial_series
                0x00000000800035dc       0x50 ../skeleton/monome.o
                                         0x60 (size before relaxing)
 .text.read_serial_40h
                0x000000008000362c       0x58 ../skeleton/monome.o
                                         0x68 (size before relaxing)
 .text.read_serial_mext
                0x0000000080003684       0xcc ../skeleton/monome.o
                                         0xdc (size before relaxing)
 .text.monome_connect_write_event
                0x0000000080003750       0x28 ../skeleton/monome.o
                                         0x34 (size before relaxing)
 .text.setup_series
                0x0000000080003778       0x54 ../skeleton/monome.o
                                         0x74 (size before relaxing)
 .text.check_monome_device_desc
                0x00000000800037cc      0x394 ../skeleton/monome.o
                                        0x434 (size before relaxing)
                0x00000000800037cc                check_monome_device_desc
 .text.process_timers
                0x0000000080003b60       0x48 ../skeleton/timers.o
                                         0x4c (size before relaxing)
                0x0000000080003b60                process_timers
 .text.timer_set
                0x0000000080003ba8        0xc ../skeleton/timers.o
                0x0000000080003ba8                timer_set
 .text.timer_remove
                0x0000000080003bb4       0x6c ../skeleton/timers.o
                                         0x70 (size before relaxing)
                0x0000000080003bb4                timer_remove
 .text.timer_add
                0x0000000080003c20       0x6c ../skeleton/timers.o
                0x0000000080003c20                timer_add
 .text.usb_mode_change
                0x0000000080003c8c        0x2 ../skeleton/usb.o
                0x0000000080003c8c                usb_mode_change
 .text.usb_vbus_change
                0x0000000080003c8e        0x2 ../skeleton/usb.o
                0x0000000080003c8e                usb_vbus_change
 .text.usb_vbus_error
                0x0000000080003c90        0x2 ../skeleton/usb.o
                0x0000000080003c90                usb_vbus_error
 .text.usb_connection
                0x0000000080003c92        0x2 ../skeleton/usb.o
                0x0000000080003c92                usb_connection
 .text.usb_wakeup
                0x0000000080003c94        0x2 ../skeleton/usb.o
                0x0000000080003c94                usb_wakeup
 .text.usb_sof  0x0000000080003c96        0x2 ../skeleton/usb.o
                0x0000000080003c96                usb_sof
 .text.usb_enum
                0x0000000080003c98        0x2 ../skeleton/usb.o
                0x0000000080003c98                usb_enum
 *fill*         0x0000000080003c9a        0x2 d703d703
 .text.rnd      0x0000000080003c9c       0x34 ../skeleton/util.o
                                         0x3c (size before relaxing)
                0x0000000080003c9c                rnd
 .text.ftdi_rx_done
                0x0000000080003cd0       0x24 ../skeleton/usb/ftdi/ftdi.o
                                         0x30 (size before relaxing)
 .text.ftdi_tx_done
                0x0000000080003cf4       0x10 ../skeleton/usb/ftdi/ftdi.o
                                         0x14 (size before relaxing)
 .text.ftdi_rx_buf
                0x0000000080003d04        0x8 ../skeleton/usb/ftdi/ftdi.o
                                          0xc (size before relaxing)
                0x0000000080003d04                ftdi_rx_buf
 .text.ftdi_rx_bytes
                0x0000000080003d0c        0x8 ../skeleton/usb/ftdi/ftdi.o
                                          0xc (size before relaxing)
                0x0000000080003d0c                ftdi_rx_bytes
 .text.ftdi_rx_busy
                0x0000000080003d14        0x8 ../skeleton/usb/ftdi/ftdi.o
                                          0xc (size before relaxing)
                0x0000000080003d14                ftdi_rx_busy
 .text.ftdi_tx_busy
                0x0000000080003d1c        0x8 ../skeleton/usb/ftdi/ftdi.o
                                          0xc (size before relaxing)
                0x0000000080003d1c                ftdi_tx_busy
 .text.ftdi_setup
                0x0000000080003d24       0x28 ../skeleton/usb/ftdi/ftdi.o
                                         0x34 (size before relaxing)
                0x0000000080003d24                ftdi_setup
 .text.ftdi_change
                0x0000000080003d4c       0x1c ../skeleton/usb/ftdi/ftdi.o
                                         0x20 (size before relaxing)
                0x0000000080003d4c                ftdi_change
 .text.ftdi_read
                0x0000000080003d68       0x2c ../skeleton/usb/ftdi/ftdi.o
                                         0x40 (size before relaxing)
                0x0000000080003d68                ftdi_read
 .text.ftdi_write
                0x0000000080003d94       0x14 ../skeleton/usb/ftdi/ftdi.o
                                         0x1c (size before relaxing)
                0x0000000080003d94                ftdi_write
 .text.ctl_req_end
                0x0000000080003da8        0xc ../skeleton/usb/ftdi/uhi_ftdi.o
 .text.send_ctl_request
                0x0000000080003db4       0x34 ../skeleton/usb/ftdi/uhi_ftdi.o
                                         0x3c (size before relaxing)
 .text.ftdi_get_strings
                0x0000000080003de8       0xdc ../skeleton/usb/ftdi/uhi_ftdi.o
                                         0xe0 (size before relaxing)
                0x0000000080003de8                ftdi_get_strings
 .text.uhi_ftdi_out_run
                0x0000000080003ec4       0x24 ../skeleton/usb/ftdi/uhi_ftdi.o
                                         0x2c (size before relaxing)
                0x0000000080003ec4                uhi_ftdi_out_run
 .text.uhi_ftdi_in_run
                0x0000000080003ee8       0x24 ../skeleton/usb/ftdi/uhi_ftdi.o
                                         0x2c (size before relaxing)
                0x0000000080003ee8                uhi_ftdi_in_run
 .text.uhi_ftdi_uninstall
                0x0000000080003f0c       0x14 ../skeleton/usb/ftdi/uhi_ftdi.o
                                         0x1c (size before relaxing)
                0x0000000080003f0c                uhi_ftdi_uninstall
 .text.uhi_ftdi_enable
                0x0000000080003f20       0x88 ../skeleton/usb/ftdi/uhi_ftdi.o
                                         0xa0 (size before relaxing)
                0x0000000080003f20                uhi_ftdi_enable
 .text.uhi_ftdi_install
                0x0000000080003fa8       0xe0 ../skeleton/usb/ftdi/uhi_ftdi.o
                                         0xe4 (size before relaxing)
                0x0000000080003fa8                uhi_ftdi_install
 .text.flashc_set_bus_freq
                0x0000000080004088       0x28 avr32/drivers/flashc/flashc.o
                0x0000000080004088                flashc_set_bus_freq
 .text.flashc_default_wait_until_ready
                0x00000000800040b0       0x14 avr32/drivers/flashc/flashc.o
                0x00000000800040b0                flashc_default_wait_until_ready
 .text.flashc_issue_command
                0x00000000800040c4       0x40 avr32/drivers/flashc/flashc.o
                                         0x44 (size before relaxing)
                0x00000000800040c4                flashc_issue_command
 .text.flashc_clear_page_buffer
                0x0000000080004104        0xc avr32/drivers/flashc/flashc.o
                                         0x10 (size before relaxing)
                0x0000000080004104                flashc_clear_page_buffer
 .text.flashc_quick_page_read
                0x0000000080004110       0x14 avr32/drivers/flashc/flashc.o
                                         0x1c (size before relaxing)
                0x0000000080004110                flashc_quick_page_read
 .text.flashc_erase_page
                0x0000000080004124       0x24 avr32/drivers/flashc/flashc.o
                                         0x34 (size before relaxing)
                0x0000000080004124                flashc_erase_page
 .text.flashc_write_page
                0x0000000080004148        0xc avr32/drivers/flashc/flashc.o
                                         0x10 (size before relaxing)
                0x0000000080004148                flashc_write_page
 .text.flashc_quick_user_page_read
                0x0000000080004154       0x14 avr32/drivers/flashc/flashc.o
                                         0x1c (size before relaxing)
                0x0000000080004154                flashc_quick_user_page_read
 .text.flashc_erase_user_page
                0x0000000080004168       0x14 avr32/drivers/flashc/flashc.o
                                         0x20 (size before relaxing)
                0x0000000080004168                flashc_erase_user_page
 .text.flashc_write_user_page
                0x000000008000417c        0xc avr32/drivers/flashc/flashc.o
                                         0x10 (size before relaxing)
                0x000000008000417c                flashc_write_user_page
 .text.flashc_memset64
                0x0000000080004188      0x24c avr32/drivers/flashc/flashc.o
                                        0x270 (size before relaxing)
                0x0000000080004188                flashc_memset64
 .text.flashc_memset32
                0x00000000800043d4       0x18 avr32/drivers/flashc/flashc.o
                                         0x20 (size before relaxing)
                0x00000000800043d4                flashc_memset32
 .text.flashc_memset16
                0x00000000800043ec        0xc avr32/drivers/flashc/flashc.o
                                         0x10 (size before relaxing)
                0x00000000800043ec                flashc_memset16
 .text.flashc_memset8
                0x00000000800043f8        0xc avr32/drivers/flashc/flashc.o
                                         0x14 (size before relaxing)
                0x00000000800043f8                flashc_memset8
 .text.flashc_memcpy
                0x0000000080004404       0xbc avr32/drivers/flashc/flashc.o
                                         0xdc (size before relaxing)
                0x0000000080004404                flashc_memcpy
 .text.gpio_enable_module_pin
                0x00000000800044c0       0x4e avr32/drivers/gpio/gpio.o
                0x00000000800044c0                gpio_enable_module_pin
 *fill*         0x000000008000450e        0x2 d703d703
 .text.gpio_enable_module
                0x0000000080004510       0x20 avr32/drivers/gpio/gpio.o
                                         0x28 (size before relaxing)
                0x0000000080004510                gpio_enable_module
 .text.gpio_enable_gpio_pin
                0x0000000080004530       0x16 avr32/drivers/gpio/gpio.o
                0x0000000080004530                gpio_enable_gpio_pin
 .text.gpio_get_pin_value
                0x0000000080004546       0x16 avr32/drivers/gpio/gpio.o
                0x0000000080004546                gpio_get_pin_value
 .text.gpio_set_gpio_pin
                0x000000008000455c       0x1a avr32/drivers/gpio/gpio.o
                0x000000008000455c                gpio_set_gpio_pin
 .text.gpio_clr_gpio_pin
                0x0000000080004576       0x1a avr32/drivers/gpio/gpio.o
                0x0000000080004576                gpio_clr_gpio_pin
 .text.gpio_enable_pin_interrupt
                0x0000000080004590       0x42 avr32/drivers/gpio/gpio.o
                0x0000000080004590                gpio_enable_pin_interrupt
 .text.gpio_get_pin_interrupt_flag
                0x00000000800045d2       0x18 avr32/drivers/gpio/gpio.o
                0x00000000800045d2                gpio_get_pin_interrupt_flag
 .text.gpio_clear_pin_interrupt_flag
                0x00000000800045ea       0x14 avr32/drivers/gpio/gpio.o
                0x00000000800045ea                gpio_clear_pin_interrupt_flag
 .text._unhandled_interrupt
                0x00000000800045fe        0x2 avr32/drivers/intc/intc.o
 .text.INTC_register_interrupt
                0x0000000080004600       0x6c avr32/drivers/intc/intc.o
                                         0x74 (size before relaxing)
                0x0000000080004600                INTC_register_interrupt
 .text.INTC_init_interrupts
                0x000000008000466c       0x44 avr32/drivers/intc/intc.o
                                         0x4c (size before relaxing)
                0x000000008000466c                INTC_init_interrupts
 .text._get_interrupt_handler
                0x00000000800046b0       0x34 avr32/drivers/intc/intc.o
                                         0x38 (size before relaxing)
                0x00000000800046b0                _get_interrupt_handler
 .text.getBaudDiv
                0x00000000800046e4       0x20 avr32/drivers/spi/spi.o
                0x00000000800046e4                getBaudDiv
 .text.spi_initMaster
                0x0000000080004704       0x3e avr32/drivers/spi/spi.o
                0x0000000080004704                spi_initMaster
 .text.spi_selectionMode
                0x0000000080004742       0x2a avr32/drivers/spi/spi.o
                0x0000000080004742                spi_selectionMode
 .text.spi_selectChip
                0x000000008000476c       0x50 avr32/drivers/spi/spi.o
                0x000000008000476c                spi_selectChip
 .text.spi_unselectChip
                0x00000000800047bc       0x28 avr32/drivers/spi/spi.o
                0x00000000800047bc                spi_unselectChip
 .text.spi_setupChipReg
                0x00000000800047e4       0xa0 avr32/drivers/spi/spi.o
                                         0xa8 (size before relaxing)
                0x00000000800047e4                spi_setupChipReg
 .text.spi_enable
                0x0000000080004884        0x6 avr32/drivers/spi/spi.o
                0x0000000080004884                spi_enable
 .text.spi_write
                0x000000008000488a       0x1c avr32/drivers/spi/spi.o
                0x000000008000488a                spi_write
 .text.spi_read
                0x00000000800048a6       0x22 avr32/drivers/spi/spi.o
                0x00000000800048a6                spi_read
 .text.tc_init_waveform
                0x00000000800048c8       0xa0 avr32/drivers/tc/tc.o
                0x00000000800048c8                tc_init_waveform
 .text.tc_start
                0x0000000080004968       0x12 avr32/drivers/tc/tc.o
                0x0000000080004968                tc_start
 .text.tc_read_sr
                0x000000008000497a       0x12 avr32/drivers/tc/tc.o
                0x000000008000497a                tc_read_sr
 .text.tc_write_rc
                0x000000008000498c       0x34 avr32/drivers/tc/tc.o
                0x000000008000498c                tc_write_rc
 .text.tc_configure_interrupts
                0x00000000800049c0       0xc8 avr32/drivers/tc/tc.o
                0x00000000800049c0                tc_configure_interrupts
 .text.usart_set_async_baudrate
                0x0000000080004a88       0x5c avr32/drivers/usart/usart.o
 .text.usart_write_line
                0x0000000080004ae4       0x24 avr32/drivers/usart/usart.o
                0x0000000080004ae4                usart_write_line
 .text.usart_reset
                0x0000000080004b08       0x2c avr32/drivers/usart/usart.o
                0x0000000080004b08                usart_reset
 .text.usart_init_rs232
                0x0000000080004b34       0xc0 avr32/drivers/usart/usart.o
                                         0xcc (size before relaxing)
                0x0000000080004b34                usart_init_rs232
 .text.uhd_get_speed
                0x0000000080004bf4       0x1c avr32/drivers/usbb/usbb_host.o
                0x0000000080004bf4                uhd_get_speed
 .text.uhd_send_reset
                0x0000000080004c10       0x14 avr32/drivers/usbb/usbb_host.o
                0x0000000080004c10                uhd_send_reset
 .text.uhd_suspend
                0x0000000080004c24       0x50 avr32/drivers/usbb/usbb_host.o
                                         0x58 (size before relaxing)
                0x0000000080004c24                uhd_suspend
 .text.uhd_ctrl_phase_data_out
                0x0000000080004c74      0x150 avr32/drivers/usbb/usbb_host.o
 .text.uhd_get_pipe
                0x0000000080004dc4       0x7e avr32/drivers/usbb/usbb_host.o
 *fill*         0x0000000080004e42        0x2 d703d703
 .text.uhd_pipe_finish_job
                0x0000000080004e44       0x78 avr32/drivers/usbb/usbb_host.o
                                         0x7c (size before relaxing)
 .text.uhd_ep_abort_pipe
                0x0000000080004ebc       0x60 avr32/drivers/usbb/usbb_host.o
                                         0x68 (size before relaxing)
 .text.uhd_pipe_trans_complet
                0x0000000080004f1c      0x1b0 avr32/drivers/usbb/usbb_host.o
                                        0x1b4 (size before relaxing)
 .text.uhd_ep_run
                0x00000000800050cc       0x6c avr32/drivers/usbb/usbb_host.o
                                         0x78 (size before relaxing)
                0x00000000800050cc                uhd_ep_run
 .text.uhd_ctrl_request_end
                0x0000000080005138       0x60 avr32/drivers/usbb/usbb_host.o
                                         0x78 (size before relaxing)
 .text.uhd_ctrl_phase_setup
                0x0000000080005198       0xc8 avr32/drivers/usbb/usbb_host.o
                                         0xdc (size before relaxing)
 .text.uhd_setup_request
                0x0000000080005260       0x6c avr32/drivers/usbb/usbb_host.o
                                         0x7c (size before relaxing)
                0x0000000080005260                uhd_setup_request
 .text.uhd_ep_free
                0x00000000800052cc       0xb0 avr32/drivers/usbb/usbb_host.o
                                         0xbc (size before relaxing)
                0x00000000800052cc                uhd_ep_free
 .text.uhd_ep_alloc
                0x000000008000537c      0x15e avr32/drivers/usbb/usbb_host.o
                0x000000008000537c                uhd_ep_alloc
 .text.uhd_ep0_alloc
                0x00000000800054da       0x88 avr32/drivers/usbb/usbb_host.o
                0x00000000800054da                uhd_ep0_alloc
 *fill*         0x0000000080005562        0x2 d703d703
 .text.otg_dual_disable
                0x0000000080005564       0x48 avr32/drivers/usbb/usbb_host.o
                                         0x4c (size before relaxing)
                0x0000000080005564                otg_dual_disable
 .text.uhd_disable
                0x00000000800055ac       0x68 avr32/drivers/usbb/usbb_host.o
                                         0x70 (size before relaxing)
                0x00000000800055ac                uhd_disable
 .text.otg_dual_enable
                0x0000000080005614       0x94 avr32/drivers/usbb/usbb_host.o
                                         0xa8 (size before relaxing)
                0x0000000080005614                otg_dual_enable
 .text.uhd_enable
                0x00000000800056a8       0xc4 avr32/drivers/usbb/usbb_host.o
                                         0xd4 (size before relaxing)
                0x00000000800056a8                uhd_enable
 .text.otg_interrupt
                0x000000008000576c      0x6a8 avr32/drivers/usbb/usbb_host.o
                                        0x704 (size before relaxing)
 .text.print_hex
                0x0000000080005e14       0x34 avr32/utils/debug/print_funcs.o
                                         0x38 (size before relaxing)
                0x0000000080005e14                print_hex
 .text.print_dbg_hex
                0x0000000080005e48        0xc avr32/utils/debug/print_funcs.o
                                         0x14 (size before relaxing)
                0x0000000080005e48                print_dbg_hex
 .text.print_ulong
                0x0000000080005e54       0x30 avr32/utils/debug/print_funcs.o
                                         0x34 (size before relaxing)
                0x0000000080005e54                print_ulong
 .text.print_dbg_ulong
                0x0000000080005e84        0xc avr32/utils/debug/print_funcs.o
                                         0x14 (size before relaxing)
                0x0000000080005e84                print_dbg_ulong
 .text.print_dbg
                0x0000000080005e90       0x10 avr32/utils/debug/print_funcs.o
                                         0x14 (size before relaxing)
                0x0000000080005e90                print_dbg
 .text.init_dbg_rs232_ex
                0x0000000080005ea0       0x34 avr32/utils/debug/print_funcs.o
                                         0x3c (size before relaxing)
                0x0000000080005ea0                init_dbg_rs232_ex
 .text.init_dbg_rs232
                0x0000000080005ed4        0xc avr32/utils/debug/print_funcs.o
                                         0x14 (size before relaxing)
                0x0000000080005ed4                init_dbg_rs232
 .text.uhc_enumeration_step2
                0x0000000080005ee0       0x14 common/services/usb/uhc/uhc.o
                                         0x1c (size before relaxing)
 .text.uhc_enumeration_step8
                0x0000000080005ef4       0x14 common/services/usb/uhc/uhc.o
                                         0x1c (size before relaxing)
 .text.uhc_notify_sof
                0x0000000080005f08       0x30 common/services/usb/uhc/uhc.o
                                         0x38 (size before relaxing)
                0x0000000080005f08                uhc_notify_sof
 .text.uhc_remotewakeup
                0x0000000080005f38       0x4c common/services/usb/uhc/uhc.o
                                         0x50 (size before relaxing)
 .text.uhc_stop
                0x0000000080005f84        0x8 common/services/usb/uhc/uhc.o
                                          0xc (size before relaxing)
                0x0000000080005f84                uhc_stop
 .text.uhc_start
                0x0000000080005f8c       0x1c common/services/usb/uhc/uhc.o
                                         0x24 (size before relaxing)
                0x0000000080005f8c                uhc_start
 .text.uhc_notify_resume
                0x0000000080005fa8        0xc common/services/usb/uhc/uhc.o
                                         0x18 (size before relaxing)
                0x0000000080005fa8                uhc_notify_resume
 .text.uhc_enumeration_step3
                0x0000000080005fb4        0xc common/services/usb/uhc/uhc.o
                                         0x14 (size before relaxing)
 .text.uhc_enumeration_step7
                0x0000000080005fc0        0xc common/services/usb/uhc/uhc.o
                                         0x14 (size before relaxing)
 .text.uhc_enumeration_step4
                0x0000000080005fcc       0x20 common/services/usb/uhc/uhc.o
                                         0x2c (size before relaxing)
 .text.uhc_enumeration_error
                0x0000000080005fec       0x6c common/services/usb/uhc/uhc.o
                                         0x80 (size before relaxing)
 .text.uhc_enumeration_step5
                0x0000000080006058       0x58 common/services/usb/uhc/uhc.o
                                         0x6c (size before relaxing)
 .text.uhc_enumeration_step6
                0x00000000800060b0       0x48 common/services/usb/uhc/uhc.o
                                         0x54 (size before relaxing)
 .text.uhc_enumeration_step9
                0x00000000800060f8       0x58 common/services/usb/uhc/uhc.o
                                         0x6c (size before relaxing)
 .text.uhc_enumeration_step10
                0x0000000080006150       0x28 common/services/usb/uhc/uhc.o
                                         0x34 (size before relaxing)
 .text.uhc_enumeration_step11
                0x0000000080006178       0x58 common/services/usb/uhc/uhc.o
                                         0x70 (size before relaxing)
 .text.uhc_enumeration_step12
                0x00000000800061d0       0x78 common/services/usb/uhc/uhc.o
                                         0x88 (size before relaxing)
 .text.uhc_enumeration_step13
                0x0000000080006248       0x94 common/services/usb/uhc/uhc.o
                                         0xac (size before relaxing)
 .text.uhc_enumeration_step14
                0x00000000800062dc       0xac common/services/usb/uhc/uhc.o
                                         0xc8 (size before relaxing)
 .text.uhc_enumeration_step15
                0x0000000080006388       0x50 common/services/usb/uhc/uhc.o
                                         0x5c (size before relaxing)
 .text.uhc_notify_connection
                0x00000000800063d8       0x6c common/services/usb/uhc/uhc.o
                                         0x88 (size before relaxing)
                0x00000000800063d8                uhc_notify_connection
 .text.sysclk_priv_disable_module
                0x0000000080006444       0x30 common/services/clock/uc3b0_b1/sysclk.o
                0x0000000080006444                sysclk_priv_disable_module
 .text.sysclk_disable_pbb_module
                0x0000000080006474       0x2c common/services/clock/uc3b0_b1/sysclk.o
                                         0x38 (size before relaxing)
                0x0000000080006474                sysclk_disable_pbb_module
 .text.sysclk_disable_usb
                0x00000000800064a0       0x18 common/services/clock/uc3b0_b1/sysclk.o
                                         0x24 (size before relaxing)
                0x00000000800064a0                sysclk_disable_usb
 .text.sysclk_priv_enable_module
                0x00000000800064b8       0x2e common/services/clock/uc3b0_b1/sysclk.o
                0x00000000800064b8                sysclk_priv_enable_module
 *fill*         0x00000000800064e6        0x2 d703d703
 .text.sysclk_enable_pbb_module
                0x00000000800064e8       0x38 common/services/clock/uc3b0_b1/sysclk.o
                                         0x40 (size before relaxing)
                0x00000000800064e8                sysclk_enable_pbb_module
 .text.T.62     0x0000000080006520       0x34 common/services/clock/uc3b0_b1/sysclk.o
 .text.pll_enable_config_defaults
                0x0000000080006554       0x4c common/services/clock/uc3b0_b1/sysclk.o
                                         0x54 (size before relaxing)
 .text.sysclk_init
                0x00000000800065a0       0x30 common/services/clock/uc3b0_b1/sysclk.o
                                         0x3c (size before relaxing)
                0x00000000800065a0                sysclk_init
 .text.sysclk_enable_usb
                0x00000000800065d0       0x1c common/services/clock/uc3b0_b1/sysclk.o
                                         0x30 (size before relaxing)
                0x00000000800065d0                sysclk_enable_usb
 .text.__udivdi3
                0x00000000800065ec      0x288 /Users/tehn/avr32-tools-20140411/lib/gcc/avr32/4.4.7/ucr1/libgcc.a(_udivdi3.o)
                0x00000000800065ec                __udivdi3
                0x00000000800065ec                __avr32_udiv64
 .text.atexit   0x0000000080006874       0x10 /Users/tehn/avr32-tools-20140411/lib/gcc/avr32/4.4.7/../../../../avr32/lib/ucr1/libc.a(lib_a-atexit.o)
                                         0x14 (size before relaxing)
                0x0000000080006874                atexit
 .text.exit     0x0000000080006884       0x20 /Users/tehn/avr32-tools-20140411/lib/gcc/avr32/4.4.7/../../../../avr32/lib/ucr1/libc.a(lib_a-exit.o)
                                         0x28 (size before relaxing)
                0x0000000080006884                exit
 .text.free     0x00000000800068a4       0x10 /Users/tehn/avr32-tools-20140411/lib/gcc/avr32/4.4.7/../../../../avr32/lib/ucr1/libc.a(lib_a-malloc.o)
                                         0x18 (size before relaxing)
                0x00000000800068a4                free
 .text.malloc   0x00000000800068b4       0x10 /Users/tehn/avr32-tools-20140411/lib/gcc/avr32/4.4.7/../../../../avr32/lib/ucr1/libc.a(lib_a-malloc.o)
                                         0x18 (size before relaxing)
                0x00000000800068b4                malloc
 .text._malloc_r
                0x00000000800068c4      0x428 /Users/tehn/avr32-tools-20140411/lib/gcc/avr32/4.4.7/../../../../avr32/lib/ucr1/libc.a(lib_a-mallocr.o)
                                        0x44c (size before relaxing)
                0x00000000800068c4                _malloc_r
 .text          0x0000000080006cec      0x148 /Users/tehn/avr32-tools-20140411/lib/gcc/avr32/4.4.7/../../../../avr32/lib/ucr1/libc.a(lib_a-memcpy.o)
                0x0000000080006cec                memcpy
 .text.__malloc_lock
                0x0000000080006e34        0x2 /Users/tehn/avr32-tools-20140411/lib/gcc/avr32/4.4.7/../../../../avr32/lib/ucr1/libc.a(lib_a-mlock.o)
                0x0000000080006e34                __malloc_lock
 .text.__malloc_unlock
                0x0000000080006e36        0x2 /Users/tehn/avr32-tools-20140411/lib/gcc/avr32/4.4.7/../../../../avr32/lib/ucr1/libc.a(lib_a-mlock.o)
                0x0000000080006e36                __malloc_unlock
 .text._sbrk_r  0x0000000080006e38       0x20 /Users/tehn/avr32-tools-20140411/lib/gcc/avr32/4.4.7/../../../../avr32/lib/ucr1/libc.a(lib_a-sbrkr.o)
                                         0x28 (size before relaxing)
                0x0000000080006e38                _sbrk_r
 .text.strncmp  0x0000000080006e58       0x26 /Users/tehn/avr32-tools-20140411/lib/gcc/avr32/4.4.7/../../../../avr32/lib/ucr1/libc.a(lib_a-strncmp.o)
                0x0000000080006e58                strncmp
 .text._init_startup
                0x0000000080006e7e        0x2 /Users/tehn/avr32-tools-20140411/lib/gcc/avr32/4.4.7/../../../../avr32/lib/ucr1/libc.a(lib_a-syscalls.o)
                0x0000000080006e7e                _init_startup
 .text._init_argv
                0x0000000080006e80        0xa /Users/tehn/avr32-tools-20140411/lib/gcc/avr32/4.4.7/../../../../avr32/lib/ucr1/libc.a(lib_a-syscalls.o)
                0x0000000080006e80                _init_argv
 .text._exit    0x0000000080006e8a        0xa /Users/tehn/avr32-tools-20140411/lib/gcc/avr32/4.4.7/../../../../avr32/lib/ucr1/libc.a(lib_a-syscalls.o)
                0x0000000080006e8a                _exit
 .text._sbrk    0x0000000080006e94       0x38 /Users/tehn/avr32-tools-20140411/lib/gcc/avr32/4.4.7/../../../../avr32/lib/ucr1/libc.a(lib_a-syscalls.o)
                                         0x40 (size before relaxing)
                0x0000000080006e94                _sbrk
 .text.__register_exitproc
                0x0000000080006ecc       0xa4 /Users/tehn/avr32-tools-20140411/lib/gcc/avr32/4.4.7/../../../../avr32/lib/ucr1/libc.a(lib_a-__atexit.o)
                                         0xac (size before relaxing)
                0x0000000080006ecc                __register_exitproc
 .text.__call_exitprocs
                0x0000000080006f70       0xcc /Users/tehn/avr32-tools-20140411/lib/gcc/avr32/4.4.7/../../../../avr32/lib/ucr1/libc.a(lib_a-__call_atexit.o)
                                         0xd0 (size before relaxing)
                0x0000000080006f70                __call_exitprocs
 .text.__errno  0x000000008000703c        0xc /Users/tehn/avr32-tools-20140411/lib/gcc/avr32/4.4.7/../../../../avr32/lib/ucr1/libc.a(lib_a-errno.o)
                0x000000008000703c                __errno
 .text._malloc_trim_r
                0x0000000080007048       0x8c /Users/tehn/avr32-tools-20140411/lib/gcc/avr32/4.4.7/../../../../avr32/lib/ucr1/libc.a(lib_a-freer.o)
                                         0xa8 (size before relaxing)
                0x0000000080007048                _malloc_trim_r
 .text._free_r  0x00000000800070d4      0x184 /Users/tehn/avr32-tools-20140411/lib/gcc/avr32/4.4.7/../../../../avr32/lib/ucr1/libc.a(lib_a-freer.o)
                                        0x19c (size before relaxing)
                0x00000000800070d4                _free_r
 .text.__do_global_ctors_aux
                0x0000000080007258       0x14 /Users/tehn/avr32-tools-20140411/lib/gcc/avr32/4.4.7/ucr1/crtend.o
                                         0x18 (size before relaxing)
 *(.text.*personality*)
 *(.gnu.warning)

.exception      0x0000000080007400      0x200
 .exception     0x0000000080007400      0x200 avr32/drivers/intc/exception.o
                0x0000000080007400                _evba
                0x0000000080007504                _int0
                0x0000000080007512                _int1
                0x0000000080007520                _int2
                0x000000008000752e                _int3

.fini           0x0000000080007600       0x18
 *(.fini)
 .fini          0x0000000080007600       0x10 /Users/tehn/avr32-tools-20140411/lib/gcc/avr32/4.4.7/ucr1/crti.o
                0x0000000080007600                _fini
 .fini          0x0000000080007610        0x4 /Users/tehn/avr32-tools-20140411/lib/gcc/avr32/4.4.7/ucr1/crtbegin.o
 .fini          0x0000000080007614        0x4 /Users/tehn/avr32-tools-20140411/lib/gcc/avr32/4.4.7/ucr1/crtn.o
                0x0000000080007618                PROVIDE (__etext, .)
                0x0000000080007618                PROVIDE (_etext, .)
                0x0000000080007618                PROVIDE (etext, .)

.rodata         0x0000000080007618      0x344
 *(.rodata .rodata.* .gnu.linkonce.r.*)
 .rodata.outs   0x0000000080007618        0x8 ../meadowphysics/main.o
                0x0000000080007618                outs
 .rodata.str1.4
                0x0000000080007620       0x65 ../meadowphysics/main.o
                                         0x6c (size before relaxing)
 .rodata.sign   0x0000000080007685       0x40 ../meadowphysics/main.o
                0x0000000080007685                sign
 *fill*         0x00000000800076c5        0x3 
 .rodata.str1.4
                0x00000000800076c8       0x15 ../skeleton/events.o
                                         0x18 (size before relaxing)
 *fill*         0x00000000800076dd        0x3 
 .rodata.tc_interrupt.11315
                0x00000000800076e0        0x4 ../skeleton/init.o
 .rodata.waveform_opt.11314
                0x00000000800076e4        0x8 ../skeleton/init.o
 .rodata.C.60.11321
                0x00000000800076ec       0x10 ../skeleton/init.o
 .rodata.SPI_GPIO_MAP.11319
                0x00000000800076fc       0x28 ../skeleton/init.o
 .rodata.str1.4
                0x0000000080007724        0x7 ../skeleton/interrupts.o
                                          0x8 (size before relaxing)
 *fill*         0x000000008000772b        0x1 
 .rodata.readSerialFuncs
                0x000000008000772c        0xc ../skeleton/monome.o
 .rodata.ringMapFuncs
                0x0000000080007738        0xc ../skeleton/monome.o
 .rodata.str1.4
                0x0000000080007744       0x87 ../skeleton/monome.o
                                         0x8c (size before relaxing)
 *fill*         0x00000000800077cb        0x1 
 .rodata.intenseFuncs
                0x00000000800077cc        0xc ../skeleton/monome.o
 .rodata.refreshFuncs
                0x00000000800077d8        0xc ../skeleton/monome.o
 .rodata.gridMapFuncs
                0x00000000800077e4        0xc ../skeleton/monome.o
 .rodata.str1.4
                0x00000000800077f0       0x1a ../skeleton/usb/ftdi/ftdi.o
                                         0x1c (size before relaxing)
 .rodata.C.34.9735
                0x000000008000780a       0x10 avr32/drivers/flashc/flashc.o
 *fill*         0x000000008000781a        0x2 
 .rodata._int_handler_table
                0x000000008000781c       0x90 avr32/drivers/intc/intc.o
 .rodata.CSWTCH.100
                0x00000000800078ac        0xc avr32/drivers/usbb/usbb_host.o
 .rodata.CSWTCH.102
                0x00000000800078b8        0xc avr32/drivers/usbb/usbb_host.o
 .rodata.DBG_USART_GPIO_MAP.10058
                0x00000000800078c4       0x10 avr32/utils/debug/print_funcs.o
 .rodata.HEX_DIGITS
                0x00000000800078d4       0x10 avr32/utils/debug/print_funcs.o
 .rodata.uhc_uhis
                0x00000000800078e4       0x10 common/services/usb/uhc/uhc.o
 .rodata.str1.4
                0x00000000800078f4        0x4 /Users/tehn/avr32-tools-20140411/lib/gcc/avr32/4.4.7/../../../../avr32/lib/ucr1/libc.a(lib_a-impure.o)
 .rodata._global_impure_ptr
                0x00000000800078f8        0x4 /Users/tehn/avr32-tools-20140411/lib/gcc/avr32/4.4.7/../../../../avr32/lib/ucr1/libc.a(lib_a-impure.o)
                0x00000000800078f8                _global_impure_ptr
 .rodata.__sf_fake_stdin
                0x00000000800078fc       0x20 /Users/tehn/avr32-tools-20140411/lib/gcc/avr32/4.4.7/../../../../avr32/lib/ucr1/libc.a(lib_a-findfp.o)
                0x00000000800078fc                __sf_fake_stdin
 .rodata.__sf_fake_stdout
                0x000000008000791c       0x20 /Users/tehn/avr32-tools-20140411/lib/gcc/avr32/4.4.7/../../../../avr32/lib/ucr1/libc.a(lib_a-findfp.o)
                0x000000008000791c                __sf_fake_stdout
 .rodata.__sf_fake_stderr
                0x000000008000793c       0x20 /Users/tehn/avr32-tools-20140411/lib/gcc/avr32/4.4.7/../../../../avr32/lib/ucr1/libc.a(lib_a-findfp.o)
                0x000000008000793c                __sf_fake_stderr

.rodata1
 *(.rodata1)

.eh_frame_hdr
 *(.eh_frame_hdr)

.eh_frame
 *(.eh_frame)

.gcc_except_table
 *(.gcc_except_table)
 *(.gcc_except_table.*)

.lalign         0x000000008000795c        0x4
                0x0000000080007960                . = ALIGN (0x8)
 *fill*         0x000000008000795c        0x4 
                0x0000000080007960                PROVIDE (_data_lma, .)
                0x0000000000000004                . = ORIGIN (INTRAM)

.dalign         0x0000000000000004        0x4
                0x0000000000000008                . = ALIGN (0x8)
 *fill*         0x0000000000000004        0x4 
                0x0000000000000008                PROVIDE (_data, .)

.eh_frame
 *(.eh_frame)

.gcc_except_table
 *(.gcc_except_table)
 *(.gcc_except_table.*)

.tdata
 *(.tdata .tdata.* .gnu.linkonce.td.*)

.tbss
 *(.tbss .tbss.* .gnu.linkonce.tb.*)
 *(.tcommon)
                0x0000000000000008                PROVIDE (__preinit_array_start, ALIGN (0x4))

.preinit_array
 *(.preinit_array)
                0x0000000000000008                PROVIDE (__preinit_array_end, .)
                0x0000000000000008                PROVIDE (__init_array_start, .)

.init_array
 *(.init_array)
                0x0000000000000008                PROVIDE (__init_array_end, .)
                0x0000000000000008                PROVIDE (__fini_array_start, .)

.fini_array
 *(.fini_array)
                0x0000000000000008                PROVIDE (__fini_array_end, .)

.ctors          0x0000000000000008        0x8 load address 0x0000000080007960
 *crtbegin*.o(.ctors)
 .ctors         0x0000000000000008        0x4 /Users/tehn/avr32-tools-20140411/lib/gcc/avr32/4.4.7/ucr1/crtbegin.o
 *(EXCLUDE_FILE(*crtend*.o) .ctors)
 *(SORT(.ctors.*))
 *(.ctors)
 .ctors         0x000000000000000c        0x4 /Users/tehn/avr32-tools-20140411/lib/gcc/avr32/4.4.7/ucr1/crtend.o

.dtors          0x0000000000000010        0x8 load address 0x0000000080007968
 *crtbegin*.o(.dtors)
 .dtors         0x0000000000000010        0x4 /Users/tehn/avr32-tools-20140411/lib/gcc/avr32/4.4.7/ucr1/crtbegin.o
 *(EXCLUDE_FILE(*crtend*.o) .dtors)
 *(SORT(.dtors.*))
 *(.dtors)
 .dtors         0x0000000000000014        0x4 /Users/tehn/avr32-tools-20140411/lib/gcc/avr32/4.4.7/ucr1/crtend.o
                0x0000000000000014                __DTOR_END__

.jcr            0x0000000000000018        0x4 load address 0x0000000080007970
 *(.jcr)
 .jcr           0x0000000000000018        0x0 /Users/tehn/avr32-tools-20140411/lib/gcc/avr32/4.4.7/ucr1/crtbegin.o
 .jcr           0x0000000000000018        0x4 /Users/tehn/avr32-tools-20140411/lib/gcc/avr32/4.4.7/ucr1/crtend.o

.data.rel.ro
 *(.data.rel.ro.local)
 *(.data.rel.ro*)

.dynamic
 *(.dynamic)

.got            0x000000000000001c        0x0 load address 0x0000000080007974
 *(.got.plt)
 *(.got)
 .got           0x000000000000001c        0x0 /Users/tehn/avr32-tools-20140411/lib/gcc/avr32/4.4.7/../../../../avr32/lib/ucr1/crt0.o
                0x000000000000001c                _GLOBAL_OFFSET_TABLE_

.ramtext
 *(.ramtext .ramtext.*)

.ddalign        0x000000000000001c        0x0 load address 0x0000000080007974
                0x0000000000000020                . = ALIGN (0x8)

.data           0x000000000000001c      0x528 load address 0x0000000080007974
 *(.data .data.* .gnu.linkonce.d.*)
 .data.clock_pulse
                0x000000000000001c        0x4 ../skeleton/interrupts.o
                0x000000000000001c                clock_pulse
 .data.mdesc    0x0000000000000020       0x10 ../skeleton/monome.o
 .data.monome_read_serial
                0x0000000000000030        0x4 ../skeleton/monome.o
                0x0000000000000030                monome_read_serial
 .data.x1       0x0000000000000034        0x4 ../skeleton/util.o
 .data.x2       0x0000000000000038        0x4 ../skeleton/util.o
 .data.flashc_wait_until_ready
                0x000000000000003c        0x4 avr32/drivers/flashc/flashc.o
                0x000000000000003c                flashc_wait_until_ready
 .data.impure_data
                0x0000000000000040       0xf0 /Users/tehn/avr32-tools-20140411/lib/gcc/avr32/4.4.7/../../../../avr32/lib/ucr1/libc.a(lib_a-impure.o)
 .data._impure_ptr
                0x0000000000000130        0x4 /Users/tehn/avr32-tools-20140411/lib/gcc/avr32/4.4.7/../../../../avr32/lib/ucr1/libc.a(lib_a-impure.o)
                0x0000000000000130                _impure_ptr
 .data.__malloc_av_
                0x0000000000000134      0x408 /Users/tehn/avr32-tools-20140411/lib/gcc/avr32/4.4.7/../../../../avr32/lib/ucr1/libc.a(lib_a-mallocr.o)
                0x0000000000000134                __malloc_av_
 .data.__malloc_trim_threshold
                0x000000000000053c        0x4 /Users/tehn/avr32-tools-20140411/lib/gcc/avr32/4.4.7/../../../../avr32/lib/ucr1/libc.a(lib_a-mallocr.o)
                0x000000000000053c                __malloc_trim_threshold
 .data.__malloc_sbrk_base
                0x0000000000000540        0x4 /Users/tehn/avr32-tools-20140411/lib/gcc/avr32/4.4.7/../../../../avr32/lib/ucr1/libc.a(lib_a-mallocr.o)
                0x0000000000000540                __malloc_sbrk_base
 *(.gnu.linkonce.d.*personality*)

.data1
 *(.data1)

.balign         0x0000000000000544       0x20 load address 0x0000000080007e9c
                0x0000000000000548                . = ALIGN (0x8)
 *fill*         0x0000000000000544        0x4 
                0x0000000000000548                PROVIDE (_edata, .)
                0x0000000000000548                PROVIDE (edata, .)
                0x0000000000000548                __bss_start = .

.bss            0x0000000000000564      0x7fc
 *(.dynbss)
 *(.bss .bss.* .gnu.linkonce.b.*)
 .bss.completed.2746
                0x0000000000000564        0x1 /Users/tehn/avr32-tools-20140411/lib/gcc/avr32/4.4.7/ucr1/crtbegin.o
 *fill*         0x0000000000000565        0x3 
 .bss.dtor_idx.2748
                0x0000000000000568        0x4 /Users/tehn/avr32-tools-20140411/lib/gcc/avr32/4.4.7/ucr1/crtbegin.o
 .bss.e.12303   0x000000000000056c        0x8 ../meadowphysics/main.o
 .bss.monomePollTimer
                0x0000000000000574       0x18 ../meadowphysics/main.o
 .bss.adcTimer  0x000000000000058c       0x18 ../meadowphysics/main.o
 .bss.e.12379   0x00000000000005a4        0x8 ../meadowphysics/main.o
 .bss.i.12242   0x00000000000005ac        0x1 ../meadowphysics/main.o
 *fill*         0x00000000000005ad        0x3 
 .bss.clockTimer
                0x00000000000005b0       0x18 ../meadowphysics/main.o
 .bss.keyTimer  0x00000000000005c8       0x18 ../meadowphysics/main.o
 .bss.e.12296   0x00000000000005e0        0x8 ../meadowphysics/main.o
 .bss.e.12378   0x00000000000005e8        0x8 ../meadowphysics/main.o
 .bss.kcount    0x00000000000005f0        0x1 ../meadowphysics/main.o
                0x00000000000005f0                kcount
 .bss.prev_mode
                0x00000000000005f1        0x1 ../meadowphysics/main.o
                0x00000000000005f1                prev_mode
 .bss.key_count
                0x00000000000005f2        0x1 ../meadowphysics/main.o
                0x00000000000005f2                key_count
 *fill*         0x00000000000005f3        0x1 
 .bss.e.12292   0x00000000000005f4        0x8 ../meadowphysics/main.o
 .bss.e.12755   0x00000000000005fc        0x8 ../meadowphysics/main.o
 .bss.mode      0x0000000000000604        0x1 ../meadowphysics/main.o
                0x0000000000000604                mode
 *fill*         0x0000000000000605        0x1 
 .bss.i1.12377  0x0000000000000606        0x2 ../meadowphysics/main.o
 .bss.monomeRefreshTimer
                0x0000000000000608       0x18 ../meadowphysics/main.o
 .bss.putIdx    0x0000000000000620        0x4 ../skeleton/events.o
 .bss.getIdx    0x0000000000000624        0x4 ../skeleton/events.o
 .bss.sysEvents
                0x0000000000000628      0x100 ../skeleton/events.o
 .bss.e.10803   0x0000000000000728        0x8 ../skeleton/interrupts.o
 .bss.e.10794   0x0000000000000730        0x8 ../skeleton/interrupts.o
 .bss.tcOverflow
                0x0000000000000738        0x1 ../skeleton/interrupts.o
                0x0000000000000738                tcOverflow
 *fill*         0x0000000000000739        0x3 
 .bss.tcTicks   0x000000000000073c        0x8 ../skeleton/interrupts.o
                0x000000000000073c                tcTicks
 .bss.ptx.11452
                0x0000000000000744        0x4 ../skeleton/monome.o
 .bss.monomeFrameDirty
                0x0000000000000748        0x1 ../skeleton/monome.o
                0x0000000000000748                monomeFrameDirty
 *fill*         0x0000000000000749        0x3 
 .bss.txBuf     0x000000000000074c       0x48 ../skeleton/monome.o
 .bss.i.11419   0x0000000000000794        0x1 ../skeleton/monome.o
 .bss.com.11360
                0x0000000000000795        0x1 ../skeleton/monome.o
 *fill*         0x0000000000000796        0x2 
 .bss.prx.11359
                0x0000000000000798        0x4 ../skeleton/monome.o
 .bss.j.11420   0x000000000000079c        0x1 ../skeleton/monome.o
 .bss.nbp.11358
                0x000000000000079d        0x1 ../skeleton/monome.o
 .bss.i.11453   0x000000000000079e        0x1 ../skeleton/monome.o
 .bss.i.11396   0x000000000000079f        0x1 ../skeleton/monome.o
 .bss.j.11397   0x00000000000007a0        0x1 ../skeleton/monome.o
 *fill*         0x00000000000007a1        0x3 
 .bss.ptx.11490
                0x00000000000007a4        0x4 ../skeleton/monome.o
 .bss.j.11454   0x00000000000007a8        0x1 ../skeleton/monome.o
 .bss.i.11491   0x00000000000007a9        0x1 ../skeleton/monome.o
 *fill*         0x00000000000007aa        0x2 
 .bss.ev        0x00000000000007ac        0x8 ../skeleton/monome.o
 .bss.ptx.11395
                0x00000000000007b4        0x4 ../skeleton/monome.o
 .bss.rxBytes   0x00000000000007b8        0x1 ../skeleton/monome.o
 *fill*         0x00000000000007b9        0x3 
 .bss.head      0x00000000000007bc        0x4 ../skeleton/timers.o
 .bss.num       0x00000000000007c0        0x4 ../skeleton/timers.o
 .bss.tail      0x00000000000007c4        0x4 ../skeleton/timers.o
 .bss.txBusy    0x00000000000007c8        0x1 ../skeleton/usb/ftdi/ftdi.o
 .bss.ftdiConnect
                0x00000000000007c9        0x1 ../skeleton/usb/ftdi/ftdi.o
                0x00000000000007c9                ftdiConnect
 *fill*         0x00000000000007ca        0x2 
 .bss.rxBuf     0x00000000000007cc       0x40 ../skeleton/usb/ftdi/ftdi.o
 .bss.rxBusy    0x000000000000080c        0x1 ../skeleton/usb/ftdi/ftdi.o
 *fill*         0x000000000000080d        0x3 
 .bss.rxBytes   0x0000000000000810        0x4 ../skeleton/usb/ftdi/ftdi.o
 .bss.e         0x0000000000000814        0x8 ../skeleton/usb/ftdi/ftdi.o
 .bss.status    0x000000000000081c        0x4 ../skeleton/usb/ftdi/ftdi.o
 .bss.uhi_ftdi_dev
                0x0000000000000820        0x8 ../skeleton/usb/ftdi/uhi_ftdi.o
 .bss.ctlReadBusy
                0x0000000000000828        0x1 ../skeleton/usb/ftdi/uhi_ftdi.o
 *fill*         0x0000000000000829        0x3 
 .bss.flashc_error_status
                0x000000000000082c        0x4 avr32/drivers/flashc/flashc.o
 .bss._int_line_handler_table_6
                0x0000000000000830        0x4 avr32/drivers/intc/intc.o
 .bss._int_line_handler_table_7
                0x0000000000000834        0x4 avr32/drivers/intc/intc.o
 .bss._int_line_handler_table_8
                0x0000000000000838        0x4 avr32/drivers/intc/intc.o
 .bss._int_line_handler_table_9
                0x000000000000083c        0x4 avr32/drivers/intc/intc.o
 .bss._int_line_handler_table_10
                0x0000000000000840        0x4 avr32/drivers/intc/intc.o
 .bss._int_line_handler_table_11
                0x0000000000000844        0x4 avr32/drivers/intc/intc.o
 .bss._int_line_handler_table_12
                0x0000000000000848        0x4 avr32/drivers/intc/intc.o
 .bss._int_line_handler_table_13
                0x000000000000084c        0x4 avr32/drivers/intc/intc.o
 .bss._int_line_handler_table_14
                0x0000000000000850        0xc avr32/drivers/intc/intc.o
 .bss._int_line_handler_table_15
                0x000000000000085c        0x4 avr32/drivers/intc/intc.o
 .bss._int_line_handler_table_16
                0x0000000000000860        0x4 avr32/drivers/intc/intc.o
 .bss._int_line_handler_table_17
                0x0000000000000864        0x4 avr32/drivers/intc/intc.o
 .bss._int_line_handler_table_0
                0x0000000000000868        0x4 avr32/drivers/intc/intc.o
 .bss._int_line_handler_table_1
                0x000000000000086c       0x2c avr32/drivers/intc/intc.o
 .bss._int_line_handler_table_2
                0x0000000000000898       0x18 avr32/drivers/intc/intc.o
 .bss._int_line_handler_table_3
                0x00000000000008b0       0x1c avr32/drivers/intc/intc.o
 .bss._int_line_handler_table_4
                0x00000000000008cc        0x4 avr32/drivers/intc/intc.o
 .bss._int_line_handler_table_5
                0x00000000000008d0        0x4 avr32/drivers/intc/intc.o
 .bss.otg_initialized
                0x00000000000008d4        0x1 avr32/drivers/usbb/usbb_host.o
 *fill*         0x00000000000008d5        0x3 
 .bss.uhd_reset_callback
                0x00000000000008d8        0x4 avr32/drivers/usbb/usbb_host.o
 .bss.uhd_pipe_job
                0x00000000000008dc       0x78 avr32/drivers/usbb/usbb_host.o
 .bss.uhd_suspend_start
                0x0000000000000954        0x1 avr32/drivers/usbb/usbb_host.o
 .bss.uhd_pipes_unfreeze
                0x0000000000000955        0x1 avr32/drivers/usbb/usbb_host.o
 .bss.uhd_resume_start
                0x0000000000000956        0x1 avr32/drivers/usbb/usbb_host.o
 .bss.uhd_b_suspend_requested
                0x0000000000000957        0x1 avr32/drivers/usbb/usbb_host.o
 .bss.g_uhc_device_root
                0x0000000000000958       0x1c common/services/usb/uhc/uhc.o
 .bss.uhc_enum_try
                0x0000000000000974        0x1 common/services/usb/uhc/uhc.o
 *fill*         0x0000000000000975        0x3 
 .bss.uhc_sof_timeout_callback
                0x0000000000000978        0x4 common/services/usb/uhc/uhc.o
 .bss.sysclk_pbb_refcount
                0x000000000000097c        0x1 common/services/clock/uc3b0_b1/sysclk.o
 *fill*         0x000000000000097d        0x3 
 .bss.__malloc_max_total_mem
                0x0000000000000980        0x4 /Users/tehn/avr32-tools-20140411/lib/gcc/avr32/4.4.7/../../../../avr32/lib/ucr1/libc.a(lib_a-mallocr.o)
                0x0000000000000980                __malloc_max_total_mem
 .bss.__malloc_max_sbrked_mem
                0x0000000000000984        0x4 /Users/tehn/avr32-tools-20140411/lib/gcc/avr32/4.4.7/../../../../avr32/lib/ucr1/libc.a(lib_a-mallocr.o)
                0x0000000000000984                __malloc_max_sbrked_mem
 .bss.__malloc_top_pad
                0x0000000000000988        0x4 /Users/tehn/avr32-tools-20140411/lib/gcc/avr32/4.4.7/../../../../avr32/lib/ucr1/libc.a(lib_a-mallocr.o)
                0x0000000000000988                __malloc_top_pad
 .bss.__malloc_current_mallinfo
                0x000000000000098c       0x28 /Users/tehn/avr32-tools-20140411/lib/gcc/avr32/4.4.7/../../../../avr32/lib/ucr1/libc.a(lib_a-mallocr.o)
                0x000000000000098c                __malloc_current_mallinfo
 .bss.cur_heap_pos.1869
                0x00000000000009b4        0x4 /Users/tehn/avr32-tools-20140411/lib/gcc/avr32/4.4.7/../../../../avr32/lib/ucr1/libc.a(lib_a-syscalls.o)
 *(COMMON)
 COMMON         0x00000000000009b8      0x17c ../meadowphysics/main.o
                0x00000000000009b8                held_keys
                0x00000000000009d8                key_times
                0x0000000000000ad8                SIZE
                0x0000000000000ad9                edit_row
                0x0000000000000adc                re
                0x0000000000000ae0                preset_select
                0x0000000000000ae1                LENGTH
                0x0000000000000ae2                preset_mode
                0x0000000000000ae3                VARI
                0x0000000000000ae4                clock_phase
                0x0000000000000ae5                front_timer
                0x0000000000000ae6                adc
                0x0000000000000af0                glyph
                0x0000000000000af8                clock_time
                0x0000000000000afa                m
                0x0000000000000b32                clock_temp
 COMMON         0x0000000000000b34       0x3c ../skeleton/events.o
                0x0000000000000b34                app_event_handlers
 COMMON         0x0000000000000b70        0x1 ../skeleton/interrupts.o
                0x0000000000000b70                clock_external
 *fill*         0x0000000000000b71        0x3 
 COMMON         0x0000000000000b74      0x114 ../skeleton/monome.o
                0x0000000000000b74                monome_refresh
                0x0000000000000b78                monome_grid_map
                0x0000000000000b7c                monome_ring_map
                0x0000000000000b80                monomeLedBuffer
                0x0000000000000c80                monome_set_intense
                0x0000000000000c84                monome_grid_level_map
 COMMON         0x0000000000000c88       0xc0 ../skeleton/usb/ftdi/uhi_ftdi.o
                0x0000000000000c88                manufacturer_string
                0x0000000000000cc8                serial_string
                0x0000000000000d08                product_string
 COMMON         0x0000000000000d48       0x12 avr32/drivers/usbb/usbb_host.o
                0x0000000000000d48                uhd_ctrl_request_phase
                0x0000000000000d4c                uhd_ctrl_request_first
                0x0000000000000d50                uhd_ctrl_nb_trans
                0x0000000000000d54                uhd_ctrl_request_last
                0x0000000000000d58                uhd_ctrl_request_timeout
 COMMON         0x0000000000000d5a        0x1 common/services/usb/uhc/uhc.o
                0x0000000000000d5a                uhc_sof_timeout
 *fill*         0x0000000000000d5b        0x1 
 COMMON         0x0000000000000d5c        0x4 /Users/tehn/avr32-tools-20140411/lib/gcc/avr32/4.4.7/../../../../avr32/lib/ucr1/libc.a(lib_a-reent.o)
                0x0000000000000d5c                errno
                0x0000000000000d60                . = ALIGN (0x8)
 *fill*         0x0000000000000d60        0x0 
                0x0000000000000d60                . = ALIGN (0x8)
                0x0000000000000d60                _end = .
                0x0000000000000d60                PROVIDE (end, .)
                0x0000000000000d60                __heap_start__ = ALIGN (0x8)

.heap           0x0000000000000d60     0x62a0
 *(.heap)
                0x00000000000062a0                . = (__heap_size__ == __max_heap_size__)?(((ORIGIN (INTRAM) + 0x7ffc) - __stack_size__) - ABSOLUTE (.)):__heap_size__
 *fill*         0x0000000000000d60     0x62a0 
                0x0000000000007000                __heap_end__ = .

.stab
 *(.stab)

.stabstr
 *(.stabstr)

.stab.excl
 *(.stab.excl)

.stab.exclstr
 *(.stab.exclstr)

.stab.index
 *(.stab.index)

.stab.indexstr
 *(.stab.indexstr)

.comment        0x0000000000000000       0x28
 *(.comment)
 .comment       0x0000000000000000       0x28 /Users/tehn/avr32-tools-20140411/lib/gcc/avr32/4.4.7/ucr1/crtbegin.o
                                         0x29 (size before relaxing)
 .comment       0x0000000000000000       0x29 ../meadowphysics/main.o
 .comment       0x0000000000000000       0x29 ../skeleton/adc.o
 .comment       0x0000000000000000       0x29 ../skeleton/events.o
 .comment       0x0000000000000000       0x29 ../skeleton/init.o
 .comment       0x0000000000000000       0x29 ../skeleton/interrupts.o
 .comment       0x0000000000000000       0x29 ../skeleton/monome.o
 .comment       0x0000000000000000       0x29 ../skeleton/timers.o
 .comment       0x0000000000000000       0x29 ../skeleton/usb.o
 .comment       0x0000000000000000       0x29 ../skeleton/util.o
 .comment       0x0000000000000000       0x29 ../skeleton/usb/ftdi/ftdi.o
 .comment       0x0000000000000000       0x29 ../skeleton/usb/ftdi/uhi_ftdi.o
 .comment       0x0000000000000000       0x29 avr32/drivers/flashc/flashc.o
 .comment       0x0000000000000000       0x29 avr32/drivers/gpio/gpio.o
 .comment       0x0000000000000000       0x29 avr32/drivers/intc/intc.o
 .comment       0x0000000000000000       0x29 avr32/drivers/spi/spi.o
 .comment       0x0000000000000000       0x29 avr32/drivers/tc/tc.o
 .comment       0x0000000000000000       0x29 avr32/drivers/usart/usart.o
 .comment       0x0000000000000000       0x29 avr32/drivers/usbb/usbb_host.o
 .comment       0x0000000000000000       0x29 avr32/utils/debug/print_funcs.o
 .comment       0x0000000000000000       0x29 common/services/usb/uhc/uhc.o
 .comment       0x0000000000000000       0x29 common/services/clock/uc3b0_b1/sysclk.o
 .comment       0x0000000000000000       0x29 /Users/tehn/avr32-tools-20140411/lib/gcc/avr32/4.4.7/ucr1/libgcc.a(_udivdi3.o)
 .comment       0x0000000000000000       0x29 /Users/tehn/avr32-tools-20140411/lib/gcc/avr32/4.4.7/../../../../avr32/lib/ucr1/libc.a(lib_a-atexit.o)
 .comment       0x0000000000000000       0x29 /Users/tehn/avr32-tools-20140411/lib/gcc/avr32/4.4.7/../../../../avr32/lib/ucr1/libc.a(lib_a-exit.o)
 .comment       0x0000000000000000       0x29 /Users/tehn/avr32-tools-20140411/lib/gcc/avr32/4.4.7/../../../../avr32/lib/ucr1/libc.a(lib_a-impure.o)
 .comment       0x0000000000000000       0x29 /Users/tehn/avr32-tools-20140411/lib/gcc/avr32/4.4.7/../../../../avr32/lib/ucr1/libc.a(lib_a-malloc.o)
 .comment       0x0000000000000000       0x29 /Users/tehn/avr32-tools-20140411/lib/gcc/avr32/4.4.7/../../../../avr32/lib/ucr1/libc.a(lib_a-mallocr.o)
 .comment       0x0000000000000000       0x29 /Users/tehn/avr32-tools-20140411/lib/gcc/avr32/4.4.7/../../../../avr32/lib/ucr1/libc.a(lib_a-mlock.o)
 .comment       0x0000000000000000       0x29 /Users/tehn/avr32-tools-20140411/lib/gcc/avr32/4.4.7/../../../../avr32/lib/ucr1/libc.a(lib_a-sbrkr.o)
 .comment       0x0000000000000000       0x29 /Users/tehn/avr32-tools-20140411/lib/gcc/avr32/4.4.7/../../../../avr32/lib/ucr1/libc.a(lib_a-strncmp.o)
 .comment       0x0000000000000000       0x29 /Users/tehn/avr32-tools-20140411/lib/gcc/avr32/4.4.7/../../../../avr32/lib/ucr1/libc.a(lib_a-syscalls.o)
 .comment       0x0000000000000000       0x29 /Users/tehn/avr32-tools-20140411/lib/gcc/avr32/4.4.7/../../../../avr32/lib/ucr1/libc.a(lib_a-__atexit.o)
 .comment       0x0000000000000000       0x29 /Users/tehn/avr32-tools-20140411/lib/gcc/avr32/4.4.7/../../../../avr32/lib/ucr1/libc.a(lib_a-__call_atexit.o)
 .comment       0x0000000000000000       0x29 /Users/tehn/avr32-tools-20140411/lib/gcc/avr32/4.4.7/../../../../avr32/lib/ucr1/libc.a(lib_a-errno.o)
 .comment       0x0000000000000000       0x29 /Users/tehn/avr32-tools-20140411/lib/gcc/avr32/4.4.7/../../../../avr32/lib/ucr1/libc.a(lib_a-findfp.o)
 .comment       0x0000000000000000       0x29 /Users/tehn/avr32-tools-20140411/lib/gcc/avr32/4.4.7/../../../../avr32/lib/ucr1/libc.a(lib_a-freer.o)
 .comment       0x0000000000000000       0x29 /Users/tehn/avr32-tools-20140411/lib/gcc/avr32/4.4.7/../../../../avr32/lib/ucr1/libc.a(lib_a-reent.o)
 .comment       0x0000000000000000       0x29 /Users/tehn/avr32-tools-20140411/lib/gcc/avr32/4.4.7/ucr1/crtend.o

.debug
 *(.debug)

.line
 *(.line)

.debug_srcinfo
 *(.debug_srcinfo)

.debug_sfnames
 *(.debug_sfnames)

.debug_aranges  0x0000000000000000      0xff8
 *(.debug_aranges)
 .debug_aranges
                0x0000000000000000       0xf8 ../meadowphysics/main.o
 .debug_aranges
                0x00000000000000f8       0x28 ../skeleton/adc.o
 .debug_aranges
                0x0000000000000120       0x30 ../skeleton/events.o
 .debug_aranges
                0x0000000000000150       0x38 ../skeleton/init.o
 .debug_aranges
                0x0000000000000188       0x40 ../skeleton/interrupts.o
 .debug_aranges
                0x00000000000001c8      0x108 ../skeleton/monome.o
 .debug_aranges
                0x00000000000002d0       0x48 ../skeleton/timers.o
 .debug_aranges
                0x0000000000000318       0x50 ../skeleton/usb.o
 .debug_aranges
                0x0000000000000368       0x28 ../skeleton/util.o
 .debug_aranges
                0x0000000000000390       0x70 ../skeleton/usb/ftdi/ftdi.o
 .debug_aranges
                0x0000000000000400       0x58 ../skeleton/usb/ftdi/uhi_ftdi.o
 .debug_aranges
                0x0000000000000458      0x218 avr32/drivers/flashc/flashc.o
 .debug_aranges
                0x0000000000000670      0x100 avr32/drivers/gpio/gpio.o
 .debug_aranges
                0x0000000000000770       0x38 avr32/drivers/intc/intc.o
 .debug_aranges
                0x00000000000007a8       0xa8 avr32/drivers/spi/spi.o
 .debug_aranges
                0x0000000000000850       0xa8 avr32/drivers/tc/tc.o
 .debug_aranges
                0x00000000000008f8       0xd8 avr32/drivers/usart/usart.o
 .debug_aranges
                0x00000000000009d0       0xe0 avr32/drivers/usbb/usbb_host.o
 .debug_aranges
                0x0000000000000ab0       0x88 avr32/utils/debug/print_funcs.o
 .debug_aranges
                0x0000000000000b38      0x120 common/services/usb/uhc/uhc.o
 .debug_aranges
                0x0000000000000c58       0x60 common/services/clock/uc3b0_b1/sysclk.o
 .debug_aranges
                0x0000000000000cb8       0x20 /Users/tehn/avr32-tools-20140411/lib/gcc/avr32/4.4.7/ucr1/libgcc.a(_udivdi3.o)
 .debug_aranges
                0x0000000000000cd8       0x20 /Users/tehn/avr32-tools-20140411/lib/gcc/avr32/4.4.7/../../../../avr32/lib/ucr1/libc.a(lib_a-atexit.o)
 .debug_aranges
                0x0000000000000cf8       0x20 /Users/tehn/avr32-tools-20140411/lib/gcc/avr32/4.4.7/../../../../avr32/lib/ucr1/libc.a(lib_a-exit.o)
 .debug_aranges
                0x0000000000000d18       0x28 /Users/tehn/avr32-tools-20140411/lib/gcc/avr32/4.4.7/../../../../avr32/lib/ucr1/libc.a(lib_a-malloc.o)
 .debug_aranges
                0x0000000000000d40       0x20 /Users/tehn/avr32-tools-20140411/lib/gcc/avr32/4.4.7/../../../../avr32/lib/ucr1/libc.a(lib_a-mallocr.o)
 .debug_aranges
                0x0000000000000d60       0x28 /Users/tehn/avr32-tools-20140411/lib/gcc/avr32/4.4.7/../../../../avr32/lib/ucr1/libc.a(lib_a-mlock.o)
 .debug_aranges
                0x0000000000000d88       0x20 /Users/tehn/avr32-tools-20140411/lib/gcc/avr32/4.4.7/../../../../avr32/lib/ucr1/libc.a(lib_a-sbrkr.o)
 .debug_aranges
                0x0000000000000da8       0x20 /Users/tehn/avr32-tools-20140411/lib/gcc/avr32/4.4.7/../../../../avr32/lib/ucr1/libc.a(lib_a-strncmp.o)
 .debug_aranges
                0x0000000000000dc8       0xf8 /Users/tehn/avr32-tools-20140411/lib/gcc/avr32/4.4.7/../../../../avr32/lib/ucr1/libc.a(lib_a-syscalls.o)
 .debug_aranges
                0x0000000000000ec0       0x20 /Users/tehn/avr32-tools-20140411/lib/gcc/avr32/4.4.7/../../../../avr32/lib/ucr1/libc.a(lib_a-__atexit.o)
 .debug_aranges
                0x0000000000000ee0       0x20 /Users/tehn/avr32-tools-20140411/lib/gcc/avr32/4.4.7/../../../../avr32/lib/ucr1/libc.a(lib_a-__call_atexit.o)
 .debug_aranges
                0x0000000000000f00       0x20 /Users/tehn/avr32-tools-20140411/lib/gcc/avr32/4.4.7/../../../../avr32/lib/ucr1/libc.a(lib_a-errno.o)
 .debug_aranges
                0x0000000000000f20       0x80 /Users/tehn/avr32-tools-20140411/lib/gcc/avr32/4.4.7/../../../../avr32/lib/ucr1/libc.a(lib_a-findfp.o)
 .debug_aranges
                0x0000000000000fa0       0x28 /Users/tehn/avr32-tools-20140411/lib/gcc/avr32/4.4.7/../../../../avr32/lib/ucr1/libc.a(lib_a-freer.o)
 .debug_aranges
                0x0000000000000fc8       0x30 /Users/tehn/avr32-tools-20140411/lib/gcc/avr32/4.4.7/../../../../avr32/lib/ucr1/libc.a(lib_a-reent.o)

.debug_pubnames
                0x0000000000000000     0x22e3
 *(.debug_pubnames)
 .debug_pubnames
                0x0000000000000000      0x1af ../meadowphysics/main.o
 .debug_pubnames
                0x00000000000001af       0x2f ../skeleton/adc.o
 .debug_pubnames
                0x00000000000001de       0x57 ../skeleton/events.o
 .debug_pubnames
                0x0000000000000235       0x4b ../skeleton/init.o
 .debug_pubnames
                0x0000000000000280       0x77 ../skeleton/interrupts.o
 .debug_pubnames
                0x00000000000002f7      0x291 ../skeleton/monome.o
 .debug_pubnames
                0x0000000000000588       0x73 ../skeleton/timers.o
 .debug_pubnames
                0x00000000000005fb       0x88 ../skeleton/usb.o
 .debug_pubnames
                0x0000000000000683       0x23 ../skeleton/util.o
 .debug_pubnames
                0x00000000000006a6       0xb5 ../skeleton/usb/ftdi/ftdi.o
 .debug_pubnames
                0x000000000000075b       0xcd ../skeleton/usb/ftdi/uhi_ftdi.o
 .debug_pubnames
                0x0000000000000828      0x771 avr32/drivers/flashc/flashc.o
 .debug_pubnames
                0x0000000000000f99      0x330 avr32/drivers/gpio/gpio.o
 .debug_pubnames
                0x00000000000012c9       0x62 avr32/drivers/intc/intc.o
 .debug_pubnames
                0x000000000000132b      0x178 avr32/drivers/spi/spi.o
 .debug_pubnames
                0x00000000000014a3      0x164 avr32/drivers/tc/tc.o
 .debug_pubnames
                0x0000000000001607      0x227 avr32/drivers/usart/usart.o
 .debug_pubnames
                0x000000000000182e      0x1d4 avr32/drivers/usbb/usbb_host.o
 .debug_pubnames
                0x0000000000001a02      0x10f avr32/utils/debug/print_funcs.o
 .debug_pubnames
                0x0000000000001b11      0x196 common/services/usb/uhc/uhc.o
 .debug_pubnames
                0x0000000000001ca7       0xc7 common/services/clock/uc3b0_b1/sysclk.o
 .debug_pubnames
                0x0000000000001d6e       0x20 /Users/tehn/avr32-tools-20140411/lib/gcc/avr32/4.4.7/ucr1/libgcc.a(_udivdi3.o)
 .debug_pubnames
                0x0000000000001d8e       0x1d /Users/tehn/avr32-tools-20140411/lib/gcc/avr32/4.4.7/../../../../avr32/lib/ucr1/libc.a(lib_a-atexit.o)
 .debug_pubnames
                0x0000000000001dab       0x1b /Users/tehn/avr32-tools-20140411/lib/gcc/avr32/4.4.7/../../../../avr32/lib/ucr1/libc.a(lib_a-exit.o)
 .debug_pubnames
                0x0000000000001dc6       0x39 /Users/tehn/avr32-tools-20140411/lib/gcc/avr32/4.4.7/../../../../avr32/lib/ucr1/libc.a(lib_a-impure.o)
 .debug_pubnames
                0x0000000000001dff       0x26 /Users/tehn/avr32-tools-20140411/lib/gcc/avr32/4.4.7/../../../../avr32/lib/ucr1/libc.a(lib_a-malloc.o)
 .debug_pubnames
                0x0000000000001e25       0xce /Users/tehn/avr32-tools-20140411/lib/gcc/avr32/4.4.7/../../../../avr32/lib/ucr1/libc.a(lib_a-mallocr.o)
 .debug_pubnames
                0x0000000000001ef3       0x38 /Users/tehn/avr32-tools-20140411/lib/gcc/avr32/4.4.7/../../../../avr32/lib/ucr1/libc.a(lib_a-mlock.o)
 .debug_pubnames
                0x0000000000001f2b       0x1e /Users/tehn/avr32-tools-20140411/lib/gcc/avr32/4.4.7/../../../../avr32/lib/ucr1/libc.a(lib_a-sbrkr.o)
 .debug_pubnames
                0x0000000000001f49       0x1e /Users/tehn/avr32-tools-20140411/lib/gcc/avr32/4.4.7/../../../../avr32/lib/ucr1/libc.a(lib_a-strncmp.o)
 .debug_pubnames
                0x0000000000001f67      0x171 /Users/tehn/avr32-tools-20140411/lib/gcc/avr32/4.4.7/../../../../avr32/lib/ucr1/libc.a(lib_a-syscalls.o)
 .debug_pubnames
                0x00000000000020d8       0x2a /Users/tehn/avr32-tools-20140411/lib/gcc/avr32/4.4.7/../../../../avr32/lib/ucr1/libc.a(lib_a-__atexit.o)
 .debug_pubnames
                0x0000000000002102       0x27 /Users/tehn/avr32-tools-20140411/lib/gcc/avr32/4.4.7/../../../../avr32/lib/ucr1/libc.a(lib_a-__call_atexit.o)
 .debug_pubnames
                0x0000000000002129       0x1e /Users/tehn/avr32-tools-20140411/lib/gcc/avr32/4.4.7/../../../../avr32/lib/ucr1/libc.a(lib_a-errno.o)
 .debug_pubnames
                0x0000000000002147      0x119 /Users/tehn/avr32-tools-20140411/lib/gcc/avr32/4.4.7/../../../../avr32/lib/ucr1/libc.a(lib_a-findfp.o)
 .debug_pubnames
                0x0000000000002260       0x31 /Users/tehn/avr32-tools-20140411/lib/gcc/avr32/4.4.7/../../../../avr32/lib/ucr1/libc.a(lib_a-freer.o)
 .debug_pubnames
                0x0000000000002291       0x52 /Users/tehn/avr32-tools-20140411/lib/gcc/avr32/4.4.7/../../../../avr32/lib/ucr1/libc.a(lib_a-reent.o)

.debug_info     0x0000000000000000    0x27b38
 *(.debug_info .gnu.linkonce.wi.*)
 .debug_info    0x0000000000000000      0xc7d ../meadowphysics/main.o
 .debug_info    0x0000000000000c7d      0xcf2 ../skeleton/adc.o
 .debug_info    0x000000000000196f      0x281 ../skeleton/events.o
 .debug_info    0x0000000000001bf0     0x1802 ../skeleton/init.o
 .debug_info    0x00000000000033f2      0xc21 ../skeleton/interrupts.o
 .debug_info    0x0000000000004013     0x12d5 ../skeleton/monome.o
 .debug_info    0x00000000000052e8      0x2e1 ../skeleton/timers.o
 .debug_info    0x00000000000055c9      0x3cf ../skeleton/usb.o
 .debug_info    0x0000000000005998      0x161 ../skeleton/util.o
 .debug_info    0x0000000000005af9      0x680 ../skeleton/usb/ftdi/ftdi.o
 .debug_info    0x0000000000006179      0xb15 ../skeleton/usb/ftdi/uhi_ftdi.o
 .debug_info    0x0000000000006c8e     0x1f63 avr32/drivers/flashc/flashc.o
 .debug_info    0x0000000000008bf1      0xb50 avr32/drivers/gpio/gpio.o
 .debug_info    0x0000000000009741      0x585 avr32/drivers/intc/intc.o
 .debug_info    0x0000000000009cc6     0x108c avr32/drivers/spi/spi.o
 .debug_info    0x000000000000ad52     0x1182 avr32/drivers/tc/tc.o
 .debug_info    0x000000000000bed4     0x2127 avr32/drivers/usart/usart.o
 .debug_info    0x000000000000dffb     0xd7a2 avr32/drivers/usbb/usbb_host.o
 .debug_info    0x000000000001b79d     0x1747 avr32/utils/debug/print_funcs.o
 .debug_info    0x000000000001cee4      0xfab common/services/usb/uhc/uhc.o
 .debug_info    0x000000000001de8f     0x1745 common/services/clock/uc3b0_b1/sysclk.o
 .debug_info    0x000000000001f5d4      0x587 /Users/tehn/avr32-tools-20140411/lib/gcc/avr32/4.4.7/ucr1/libgcc.a(_udivdi3.o)
 .debug_info    0x000000000001fb5b       0xc9 /Users/tehn/avr32-tools-20140411/lib/gcc/avr32/4.4.7/../../../../avr32/lib/ucr1/libc.a(lib_a-atexit.o)
 .debug_info    0x000000000001fc24      0x8bb /Users/tehn/avr32-tools-20140411/lib/gcc/avr32/4.4.7/../../../../avr32/lib/ucr1/libc.a(lib_a-exit.o)
 .debug_info    0x00000000000204df      0x964 /Users/tehn/avr32-tools-20140411/lib/gcc/avr32/4.4.7/../../../../avr32/lib/ucr1/libc.a(lib_a-impure.o)
 .debug_info    0x0000000000020e43      0x8ee /Users/tehn/avr32-tools-20140411/lib/gcc/avr32/4.4.7/../../../../avr32/lib/ucr1/libc.a(lib_a-malloc.o)
 .debug_info    0x0000000000021731      0xc52 /Users/tehn/avr32-tools-20140411/lib/gcc/avr32/4.4.7/../../../../avr32/lib/ucr1/libc.a(lib_a-mallocr.o)
 .debug_info    0x0000000000022383      0x8d3 /Users/tehn/avr32-tools-20140411/lib/gcc/avr32/4.4.7/../../../../avr32/lib/ucr1/libc.a(lib_a-mlock.o)
 .debug_info    0x0000000000022c56      0x8e2 /Users/tehn/avr32-tools-20140411/lib/gcc/avr32/4.4.7/../../../../avr32/lib/ucr1/libc.a(lib_a-sbrkr.o)
 .debug_info    0x0000000000023538       0xcd /Users/tehn/avr32-tools-20140411/lib/gcc/avr32/4.4.7/../../../../avr32/lib/ucr1/libc.a(lib_a-strncmp.o)
 .debug_info    0x0000000000023605      0x93e /Users/tehn/avr32-tools-20140411/lib/gcc/avr32/4.4.7/../../../../avr32/lib/ucr1/libc.a(lib_a-syscalls.o)
 .debug_info    0x0000000000023f43      0x930 /Users/tehn/avr32-tools-20140411/lib/gcc/avr32/4.4.7/../../../../avr32/lib/ucr1/libc.a(lib_a-__atexit.o)
 .debug_info    0x0000000000024873      0x935 /Users/tehn/avr32-tools-20140411/lib/gcc/avr32/4.4.7/../../../../avr32/lib/ucr1/libc.a(lib_a-__call_atexit.o)
 .debug_info    0x00000000000251a8      0x8aa /Users/tehn/avr32-tools-20140411/lib/gcc/avr32/4.4.7/../../../../avr32/lib/ucr1/libc.a(lib_a-errno.o)
 .debug_info    0x0000000000025a52      0xc2e /Users/tehn/avr32-tools-20140411/lib/gcc/avr32/4.4.7/../../../../avr32/lib/ucr1/libc.a(lib_a-findfp.o)
 .debug_info    0x0000000000026680      0xb41 /Users/tehn/avr32-tools-20140411/lib/gcc/avr32/4.4.7/../../../../avr32/lib/ucr1/libc.a(lib_a-freer.o)
 .debug_info    0x00000000000271c1      0x977 /Users/tehn/avr32-tools-20140411/lib/gcc/avr32/4.4.7/../../../../avr32/lib/ucr1/libc.a(lib_a-reent.o)

.debug_abbrev   0x0000000000000000     0x4c71
 *(.debug_abbrev)
 .debug_abbrev  0x0000000000000000      0x335 ../meadowphysics/main.o
 .debug_abbrev  0x0000000000000335      0x25b ../skeleton/adc.o
 .debug_abbrev  0x0000000000000590      0x142 ../skeleton/events.o
 .debug_abbrev  0x00000000000006d2      0x222 ../skeleton/init.o
 .debug_abbrev  0x00000000000008f4      0x207 ../skeleton/interrupts.o
 .debug_abbrev  0x0000000000000afb      0x41a ../skeleton/monome.o
 .debug_abbrev  0x0000000000000f15      0x17d ../skeleton/timers.o
 .debug_abbrev  0x0000000000001092      0x107 ../skeleton/usb.o
 .debug_abbrev  0x0000000000001199       0xb3 ../skeleton/util.o
 .debug_abbrev  0x000000000000124c      0x1be ../skeleton/usb/ftdi/ftdi.o
 .debug_abbrev  0x000000000000140a      0x2d6 ../skeleton/usb/ftdi/uhi_ftdi.o
 .debug_abbrev  0x00000000000016e0      0x476 avr32/drivers/flashc/flashc.o
 .debug_abbrev  0x0000000000001b56      0x2e9 avr32/drivers/gpio/gpio.o
 .debug_abbrev  0x0000000000001e3f      0x1f2 avr32/drivers/intc/intc.o
 .debug_abbrev  0x0000000000002031      0x28e avr32/drivers/spi/spi.o
 .debug_abbrev  0x00000000000022bf      0x24d avr32/drivers/tc/tc.o
 .debug_abbrev  0x000000000000250c      0x311 avr32/drivers/usart/usart.o
 .debug_abbrev  0x000000000000281d      0x3db avr32/drivers/usbb/usbb_host.o
 .debug_abbrev  0x0000000000002bf8      0x1f6 avr32/utils/debug/print_funcs.o
 .debug_abbrev  0x0000000000002dee      0x33d common/services/usb/uhc/uhc.o
 .debug_abbrev  0x000000000000312b      0x30a common/services/clock/uc3b0_b1/sysclk.o
 .debug_abbrev  0x0000000000003435      0x15c /Users/tehn/avr32-tools-20140411/lib/gcc/avr32/4.4.7/ucr1/libgcc.a(_udivdi3.o)
 .debug_abbrev  0x0000000000003591       0x83 /Users/tehn/avr32-tools-20140411/lib/gcc/avr32/4.4.7/../../../../avr32/lib/ucr1/libc.a(lib_a-atexit.o)
 .debug_abbrev  0x0000000000003614      0x161 /Users/tehn/avr32-tools-20140411/lib/gcc/avr32/4.4.7/../../../../avr32/lib/ucr1/libc.a(lib_a-exit.o)
 .debug_abbrev  0x0000000000003775      0x162 /Users/tehn/avr32-tools-20140411/lib/gcc/avr32/4.4.7/../../../../avr32/lib/ucr1/libc.a(lib_a-impure.o)
 .debug_abbrev  0x00000000000038d7      0x17a /Users/tehn/avr32-tools-20140411/lib/gcc/avr32/4.4.7/../../../../avr32/lib/ucr1/libc.a(lib_a-malloc.o)
 .debug_abbrev  0x0000000000003a51      0x207 /Users/tehn/avr32-tools-20140411/lib/gcc/avr32/4.4.7/../../../../avr32/lib/ucr1/libc.a(lib_a-mallocr.o)
 .debug_abbrev  0x0000000000003c58      0x15d /Users/tehn/avr32-tools-20140411/lib/gcc/avr32/4.4.7/../../../../avr32/lib/ucr1/libc.a(lib_a-mlock.o)
 .debug_abbrev  0x0000000000003db5      0x181 /Users/tehn/avr32-tools-20140411/lib/gcc/avr32/4.4.7/../../../../avr32/lib/ucr1/libc.a(lib_a-sbrkr.o)
 .debug_abbrev  0x0000000000003f36       0x87 /Users/tehn/avr32-tools-20140411/lib/gcc/avr32/4.4.7/../../../../avr32/lib/ucr1/libc.a(lib_a-strncmp.o)
 .debug_abbrev  0x0000000000003fbd      0x19c /Users/tehn/avr32-tools-20140411/lib/gcc/avr32/4.4.7/../../../../avr32/lib/ucr1/libc.a(lib_a-syscalls.o)
 .debug_abbrev  0x0000000000004159      0x1b7 /Users/tehn/avr32-tools-20140411/lib/gcc/avr32/4.4.7/../../../../avr32/lib/ucr1/libc.a(lib_a-__atexit.o)
 .debug_abbrev  0x0000000000004310      0x1be /Users/tehn/avr32-tools-20140411/lib/gcc/avr32/4.4.7/../../../../avr32/lib/ucr1/libc.a(lib_a-__call_atexit.o)
 .debug_abbrev  0x00000000000044ce      0x152 /Users/tehn/avr32-tools-20140411/lib/gcc/avr32/4.4.7/../../../../avr32/lib/ucr1/libc.a(lib_a-errno.o)
 .debug_abbrev  0x0000000000004620      0x28e /Users/tehn/avr32-tools-20140411/lib/gcc/avr32/4.4.7/../../../../avr32/lib/ucr1/libc.a(lib_a-findfp.o)
 .debug_abbrev  0x00000000000048ae      0x1db /Users/tehn/avr32-tools-20140411/lib/gcc/avr32/4.4.7/../../../../avr32/lib/ucr1/libc.a(lib_a-freer.o)
 .debug_abbrev  0x0000000000004a89      0x1e8 /Users/tehn/avr32-tools-20140411/lib/gcc/avr32/4.4.7/../../../../avr32/lib/ucr1/libc.a(lib_a-reent.o)

.debug_line     0x0000000000000000    0x11e13
 *(.debug_line)
 .debug_line    0x0000000000000000     0x15b7 ../meadowphysics/main.o
 .debug_line    0x00000000000015b7      0x8e2 ../skeleton/adc.o
 .debug_line    0x0000000000001e99      0x760 ../skeleton/events.o
 .debug_line    0x00000000000025f9      0xaba ../skeleton/init.o
 .debug_line    0x00000000000030b3      0x974 ../skeleton/interrupts.o
 .debug_line    0x0000000000003a27     0x15e2 ../skeleton/monome.o
 .debug_line    0x0000000000005009      0x826 ../skeleton/timers.o
 .debug_line    0x000000000000582f      0x875 ../skeleton/usb.o
 .debug_line    0x00000000000060a4       0xe5 ../skeleton/util.o
 .debug_line    0x0000000000006189      0xad9 ../skeleton/usb/ftdi/ftdi.o
 .debug_line    0x0000000000006c62      0xbb1 ../skeleton/usb/ftdi/uhi_ftdi.o
 .debug_line    0x0000000000007813     0x1432 avr32/drivers/flashc/flashc.o
 .debug_line    0x0000000000008c45      0xbaa avr32/drivers/gpio/gpio.o
 .debug_line    0x00000000000097ef      0x631 avr32/drivers/intc/intc.o
 .debug_line    0x0000000000009e20      0x961 avr32/drivers/spi/spi.o
 .debug_line    0x000000000000a781      0x854 avr32/drivers/tc/tc.o
 .debug_line    0x000000000000afd5      0xd8d avr32/drivers/usart/usart.o
 .debug_line    0x000000000000bd62     0x190b avr32/drivers/usbb/usbb_host.o
 .debug_line    0x000000000000d66d      0x8ac avr32/utils/debug/print_funcs.o
 .debug_line    0x000000000000df19      0xfe7 common/services/usb/uhc/uhc.o
 .debug_line    0x000000000000ef00      0xa45 common/services/clock/uc3b0_b1/sysclk.o
 .debug_line    0x000000000000f945      0x193 /Users/tehn/avr32-tools-20140411/lib/gcc/avr32/4.4.7/ucr1/libgcc.a(_udivdi3.o)
 .debug_line    0x000000000000fad8       0xe2 /Users/tehn/avr32-tools-20140411/lib/gcc/avr32/4.4.7/../../../../avr32/lib/ucr1/libc.a(lib_a-atexit.o)
 .debug_line    0x000000000000fbba      0x1a9 /Users/tehn/avr32-tools-20140411/lib/gcc/avr32/4.4.7/../../../../avr32/lib/ucr1/libc.a(lib_a-exit.o)
 .debug_line    0x000000000000fd63      0x11b /Users/tehn/avr32-tools-20140411/lib/gcc/avr32/4.4.7/../../../../avr32/lib/ucr1/libc.a(lib_a-impure.o)
 .debug_line    0x000000000000fe7e      0x1b1 /Users/tehn/avr32-tools-20140411/lib/gcc/avr32/4.4.7/../../../../avr32/lib/ucr1/libc.a(lib_a-malloc.o)
 .debug_line    0x000000000001002f      0x4ea /Users/tehn/avr32-tools-20140411/lib/gcc/avr32/4.4.7/../../../../avr32/lib/ucr1/libc.a(lib_a-mallocr.o)