Archive member included because of file (symbol)

/Users/kamil/monome/avr32-tools/bin/../lib/gcc/avr32/4.4.7/ucr1/libgcc.a(_lshrdi3.o)
                              avr32/drivers/flashc/flashc.o (__avr32_lsr64)
/Users/kamil/monome/avr32-tools/bin/../lib/gcc/avr32/4.4.7/ucr1/libgcc.a(_ashldi3.o)
                              avr32/drivers/flashc/flashc.o (__avr32_lsl64)
/Users/kamil/monome/avr32-tools/bin/../lib/gcc/avr32/4.4.7/ucr1/libgcc.a(_udivdi3.o)
                              ../skeleton/adc.o (__avr32_udiv64)
/Users/kamil/monome/avr32-tools/bin/../lib/gcc/avr32/4.4.7/../../../../avr32/lib/ucr1/libc.a(lib_a-atexit.o)
                              /Users/kamil/monome/avr32-tools/bin/../lib/gcc/avr32/4.4.7/../../../../avr32/lib/ucr1/crt0.o (atexit)
/Users/kamil/monome/avr32-tools/bin/../lib/gcc/avr32/4.4.7/../../../../avr32/lib/ucr1/libc.a(lib_a-exit.o)
                              /Users/kamil/monome/avr32-tools/bin/../lib/gcc/avr32/4.4.7/../../../../avr32/lib/ucr1/crt0.o (exit)
/Users/kamil/monome/avr32-tools/bin/../lib/gcc/avr32/4.4.7/../../../../avr32/lib/ucr1/libc.a(lib_a-impure.o)
                              /Users/kamil/monome/avr32-tools/bin/../lib/gcc/avr32/4.4.7/../../../../avr32/lib/ucr1/libc.a(lib_a-exit.o) (_global_impure_ptr)
/Users/kamil/monome/avr32-tools/bin/../lib/gcc/avr32/4.4.7/../../../../avr32/lib/ucr1/libc.a(lib_a-malloc.o)
                              ../skeleton/usb/hid/uhi_hid.o (free)
/Users/kamil/monome/avr32-tools/bin/../lib/gcc/avr32/4.4.7/../../../../avr32/lib/ucr1/libc.a(lib_a-mallocr.o)
                              /Users/kamil/monome/avr32-tools/bin/../lib/gcc/avr32/4.4.7/../../../../avr32/lib/ucr1/libc.a(lib_a-malloc.o) (_malloc_r)
/Users/kamil/monome/avr32-tools/bin/../lib/gcc/avr32/4.4.7/../../../../avr32/lib/ucr1/libc.a(lib_a-memcpy.o)
                              avr32/drivers/flashc/flashc.o (memcpy)
/Users/kamil/monome/avr32-tools/bin/../lib/gcc/avr32/4.4.7/../../../../avr32/lib/ucr1/libc.a(lib_a-mlock.o)
                              /Users/kamil/monome/avr32-tools/bin/../lib/gcc/avr32/4.4.7/../../../../avr32/lib/ucr1/libc.a(lib_a-mallocr.o) (__malloc_lock)
/Users/kamil/monome/avr32-tools/bin/../lib/gcc/avr32/4.4.7/../../../../avr32/lib/ucr1/libc.a(lib_a-rand.o)
                              ../whitewhale/main.o (rand)
/Users/kamil/monome/avr32-tools/bin/../lib/gcc/avr32/4.4.7/../../../../avr32/lib/ucr1/libc.a(lib_a-sbrkr.o)
                              /Users/kamil/monome/avr32-tools/bin/../lib/gcc/avr32/4.4.7/../../../../avr32/lib/ucr1/libc.a(lib_a-mallocr.o) (_sbrk_r)
/Users/kamil/monome/avr32-tools/bin/../lib/gcc/avr32/4.4.7/../../../../avr32/lib/ucr1/libc.a(lib_a-strncmp.o)
                              ../skeleton/monome.o (strncmp)
/Users/kamil/monome/avr32-tools/bin/../lib/gcc/avr32/4.4.7/../../../../avr32/lib/ucr1/libc.a(lib_a-syscalls.o)
                              /Users/kamil/monome/avr32-tools/bin/../lib/gcc/avr32/4.4.7/../../../../avr32/lib/ucr1/crt0.o (_init_startup)
/Users/kamil/monome/avr32-tools/bin/../lib/gcc/avr32/4.4.7/../../../../avr32/lib/ucr1/libc.a(lib_a-__atexit.o)
                              /Users/kamil/monome/avr32-tools/bin/../lib/gcc/avr32/4.4.7/../../../../avr32/lib/ucr1/libc.a(lib_a-atexit.o) (__register_exitproc)
/Users/kamil/monome/avr32-tools/bin/../lib/gcc/avr32/4.4.7/../../../../avr32/lib/ucr1/libc.a(lib_a-__call_atexit.o)
                              /Users/kamil/monome/avr32-tools/bin/../lib/gcc/avr32/4.4.7/../../../../avr32/lib/ucr1/libc.a(lib_a-exit.o) (__call_exitprocs)
/Users/kamil/monome/avr32-tools/bin/../lib/gcc/avr32/4.4.7/../../../../avr32/lib/ucr1/libc.a(lib_a-errno.o)
                              /Users/kamil/monome/avr32-tools/bin/../lib/gcc/avr32/4.4.7/../../../../avr32/lib/ucr1/libc.a(lib_a-syscalls.o) (__errno)
/Users/kamil/monome/avr32-tools/bin/../lib/gcc/avr32/4.4.7/../../../../avr32/lib/ucr1/libc.a(lib_a-findfp.o)
                              /Users/kamil/monome/avr32-tools/bin/../lib/gcc/avr32/4.4.7/../../../../avr32/lib/ucr1/libc.a(lib_a-impure.o) (__sf_fake_stdin)
/Users/kamil/monome/avr32-tools/bin/../lib/gcc/avr32/4.4.7/../../../../avr32/lib/ucr1/libc.a(lib_a-freer.o)
                              /Users/kamil/monome/avr32-tools/bin/../lib/gcc/avr32/4.4.7/../../../../avr32/lib/ucr1/libc.a(lib_a-malloc.o) (_free_r)
/Users/kamil/monome/avr32-tools/bin/../lib/gcc/avr32/4.4.7/../../../../avr32/lib/ucr1/libc.a(lib_a-fwalk.o)
                              /Users/kamil/monome/avr32-tools/bin/../lib/gcc/avr32/4.4.7/../../../../avr32/lib/ucr1/libc.a(lib_a-findfp.o) (_fwalk)
/Users/kamil/monome/avr32-tools/bin/../lib/gcc/avr32/4.4.7/../../../../avr32/lib/ucr1/libc.a(lib_a-memset.o)
                              /Users/kamil/monome/avr32-tools/bin/../lib/gcc/avr32/4.4.7/../../../../avr32/lib/ucr1/libc.a(lib_a-findfp.o) (memset)
/Users/kamil/monome/avr32-tools/bin/../lib/gcc/avr32/4.4.7/../../../../avr32/lib/ucr1/libc.a(lib_a-reent.o)
[...]
Memory Configuration

Name             Origin             Length             Attributes
FLASH            0x0000000080000000 0x0000000000040000 axrl !w
INTRAM           0x0000000000000004 0x0000000000007ffc axw !rl
USERPAGE         0x0000000080800000 0x0000000000000200
*default*        0x0000000000000000 0xffffffffffffffff

Linker script and memory map

                0x0000000000001000                _stack_size = 0x1000
LOAD /Users/kamil/monome/avr32-tools/bin/../lib/gcc/avr32/4.4.7/../../../../avr32/lib/ucr1/crt0.o
LOAD /Users/kamil/monome/avr32-tools/bin/../lib/gcc/avr32/4.4.7/ucr1/crti.o
LOAD /Users/kamil/monome/avr32-tools/bin/../lib/gcc/avr32/4.4.7/ucr1/crtbegin.o
                0xffffffffffffffff                __max_heap_size__ = 0xffffffffffffffff
                [0xffffffffffffffff]                __heap_size__ = DEFINED (__heap_size__)?__heap_size__:__max_heap_size__
                [0x0000000000001000]                __stack_size__ = DEFINED (__stack_size__)?__stack_size__:0x1000
                [0x0000000000020000]                __flash_nvram_size__ = DEFINED (__flash_nvram_size__)?__flash_nvram_size__:0x20000
                0x0000000080000000                PROVIDE (__executable_start, 0x80000000)
                0x0000000080000000                . = 0x80000000

.interp
 *(.interp)

.reset          0x0000000080000000     0x2004
 *(.reset)
 .reset         0x0000000080000000     0x2004 avr32/utils/startup/trampoline_uc3.o
                                       0x2008 (size before relaxing)
                0x0000000080000000                _trampoline

.hash
 *(.hash)

.dynsym
 *(.dynsym)

.dynstr
 *(.dynstr)

.gnu.version
 *(.gnu.version)

.gnu.version_d
 *(.gnu.version_d)

.gnu.version_r
 *(.gnu.version_r)

.rel.init
 *(.rel.init)

.rela.init
 *(.rela.init)

.rel.text
 *(.rel.text .rel.text.* .rel.gnu.linkonce.t.*)

.rela.text
 *(.rela.text .rela.text.* .rela.gnu.linkonce.t.*)

.rel.fini
 *(.rel.fini)

.rela.fini
 *(.rela.fini)

.rel.rodata
 *(.rel.rodata .rel.rodata.* .rel.gnu.linkonce.r.*)

.rela.rodata
 *(.rela.rodata .rela.rodata.* .rela.gnu.linkonce.r.*)

.rel.data.rel.ro
 *(.rel.data.rel.ro*)

.rela.data.rel.ro
 *(.rel.data.rel.ro*)

.rel.data
 *(.rel.data .rel.data.* .rel.gnu.linkonce.d.*)

.rela.data
 *(.rela.data .rela.data.* .rela.gnu.linkonce.d.*)

.rel.tdata
 *(.rel.tdata .rel.tdata.* .rel.gnu.linkonce.td.*)

.rela.tdata
 *(.rela.tdata .rela.tdata.* .rela.gnu.linkonce.td.*)

.rel.tbss
 *(.rel.tbss .rel.tbss.* .rel.gnu.linkonce.tb.*)

.rela.tbss
 *(.rela.tbss .rela.tbss.* .rela.gnu.linkonce.tb.*)

.rel.ctors
 *(.rel.ctors)

.rela.ctors
 *(.rela.ctors)

.rel.dtors
 *(.rel.dtors)

.rela.dtors
 *(.rela.dtors)

.rel.got
 *(.rel.got)

.rela.got       0x0000000080002004        0x0
 *(.rela.got)
 .rela.got      0x0000000080002004        0x0 /Users/kamil/monome/avr32-tools/bin/../lib/gcc/avr32/4.4.7/../../../../avr32/lib/ucr1/crt0.o

.rel.bss
 *(.rel.bss .rel.bss.* .rel.gnu.linkonce.b.*)

.rela.bss
 *(.rela.bss .rela.bss.* .rela.gnu.linkonce.b.*)

.rel.plt
 *(.rel.plt)

.rela.plt
 *(.rela.plt)

.init           0x0000000080002004       0x1a
 *(.init)
 .init          0x0000000080002004       0x10 /Users/kamil/monome/avr32-tools/bin/../lib/gcc/avr32/4.4.7/ucr1/crti.o
                0x0000000080002004                _init
 .init          0x0000000080002014        0x2 /Users/kamil/monome/avr32-tools/bin/../lib/gcc/avr32/4.4.7/ucr1/crtbegin.o
                                          0x4 (size before relaxing)
 .init          0x0000000080002016        0x4 /Users/kamil/monome/avr32-tools/bin/../lib/gcc/avr32/4.4.7/ucr1/crtend.o
 .init          0x000000008000201a        0x4 /Users/kamil/monome/avr32-tools/bin/../lib/gcc/avr32/4.4.7/ucr1/crtn.o

.plt
 *(.plt)

.text           0x0000000080002020     0x7828
 *(.text .stub .text.* .gnu.linkonce.t.*)
 .text          0x0000000080002020       0x60 /Users/kamil/monome/avr32-tools/bin/../lib/gcc/avr32/4.4.7/../../../../avr32/lib/ucr1/crt0.o
                                         0x84 (size before relaxing)
                0x0000000080002020                _stext
 .text.__do_global_dtors_aux
                0x0000000080002080       0x3c /Users/kamil/monome/avr32-tools/bin/../lib/gcc/avr32/4.4.7/ucr1/crtbegin.o
                                         0x48 (size before relaxing)
 .text.frame_dummy
                0x00000000800020bc       0x18 /Users/kamil/monome/avr32-tools/bin/../lib/gcc/avr32/4.4.7/ucr1/crtbegin.o
                                         0x1c (size before relaxing)
 .text.handler_None
                0x00000000800020d4        0x2 ../whitewhale/main.o
 *fill*         0x00000000800020d6        0x2 d703d703
 .text.clockTimer_callback
                0x00000000800020d8       0x30 ../whitewhale/main.o
                                         0x38 (size before relaxing)
 .text.handler_MonomePoll
                0x0000000080002108        0xc ../whitewhale/main.o
                                         0x10 (size before relaxing)
 .text.handler_Front
                0x0000000080002114       0x3c ../whitewhale/main.o
                                         0x48 (size before relaxing)
 .text.flash_read
                0x0000000080002150      0x164 ../whitewhale/main.o
                                        0x170 (size before relaxing)
                0x0000000080002150                flash_read
 .text.flash_unfresh
                0x00000000800022b4       0x14 ../whitewhale/main.o
                                         0x18 (size before relaxing)
                0x00000000800022b4                flash_unfresh
 .text.flash_write
                0x00000000800022c8       0x60 ../whitewhale/main.o
                                         0x74 (size before relaxing)
                0x00000000800022c8                flash_write
 .text.handler_SaveFlash
                0x0000000080002328        0x8 ../whitewhale/main.o
                                          0xc (size before relaxing)
 .text.handler_ClockNormal
                0x0000000080002330       0x14 ../whitewhale/main.o
                                         0x1c (size before relaxing)
 .text.timers_set_monome
                0x0000000080002344       0x24 ../whitewhale/main.o
                                         0x30 (size before relaxing)
                0x0000000080002344                timers_set_monome
 .text.handler_MonomeGridKey
                0x0000000080002368     0x108c ../whitewhale/main.o
                                       0x10a8 (size before relaxing)
 .text.handler_MonomeRefresh
                0x00000000800033f4       0x9c ../whitewhale/main.o
                                         0xac (size before relaxing)
 .text.refresh_mono
                0x0000000080003490      0x5e0 ../whitewhale/main.o
                                        0x608 (size before relaxing)
 .text.refresh  0x0000000080003a70      0x920 ../whitewhale/main.o
                                        0x92c (size before relaxing)
 .text.handler_MonomeConnect
                0x0000000080004390       0x70 ../whitewhale/main.o
                                         0x8c (size before relaxing)
 .text.handler_FtdiConnect
                0x0000000080004400        0x8 ../whitewhale/main.o
                                          0xc (size before relaxing)
 .text.handler_KeyTimer
                0x0000000080004408      0x24c ../whitewhale/main.o
                                        0x278 (size before relaxing)
 .text.adcTimer_callback
                0x0000000080004654       0x18 ../whitewhale/main.o
                                         0x1c (size before relaxing)
 .text.keyTimer_callback
                0x000000008000466c       0x18 ../whitewhale/main.o
                                         0x1c (size before relaxing)
 .text.monome_refresh_timer_callback
                0x0000000080004684       0x20 ../whitewhale/main.o
                                         0x28 (size before relaxing)
 .text.handler_PollADC
                0x00000000800046a4       0xb8 ../whitewhale/main.o
                                         0xd0 (size before relaxing)
 .text.main     0x000000008000475c      0x2c8 ../whitewhale/main.o
                                        0x360 (size before relaxing)
                0x000000008000475c                main
 .text.clock    0x0000000080004a24      0x884 ../whitewhale/main.o
                                        0x8f4 (size before relaxing)
 .text.timers_unset_monome
                0x00000000800052a8       0x14 ../whitewhale/main.o
                                         0x1c (size before relaxing)
                0x00000000800052a8                timers_unset_monome
 .text.handler_FtdiDisconnect
                0x00000000800052bc        0x8 ../whitewhale/main.o
                                          0xc (size before relaxing)
 .text.monome_poll_timer_callback
                0x00000000800052c4        0x8 ../whitewhale/main.o
                                          0xc (size before relaxing)
 .text.init_adc
                0x00000000800052cc       0x7c ../skeleton/adc.o
                                         0x8c (size before relaxing)
                0x00000000800052cc                init_adc
 .text.adc_convert
                0x0000000080005348       0xf8 ../skeleton/adc.o
                                        0x108 (size before relaxing)
                0x0000000080005348                adc_convert
 .text.init_events
                0x0000000080005440       0x24 ../skeleton/events.o
                                         0x2c (size before relaxing)
                0x0000000080005440                init_events
 .text.event_post
                0x0000000080005464       0x50 ../skeleton/events.o
                                         0x5c (size before relaxing)
                0x0000000080005464                event_post
 .text.event_next
                0x00000000800054b4       0x4c ../skeleton/events.o
                                         0x50 (size before relaxing)
                0x00000000800054b4                event_next
 .text.init_usb_host
                0x0000000080005500        0x8 ../skeleton/init.o
                                          0xc (size before relaxing)
                0x0000000080005500                init_usb_host
 .text.init_spi
                0x0000000080005508       0xa0 ../skeleton/init.o
                                         0xbc (size before relaxing)
                0x0000000080005508                init_spi
 .text.init_tc  0x00000000800055a8       0x38 ../skeleton/init.o
                                         0x4c (size before relaxing)
                0x00000000800055a8                init_tc
 .text.init_gpio
                0x00000000800055e0       0x4c ../skeleton/init.o
                                         0x50 (size before relaxing)
                0x00000000800055e0                init_gpio
 .text.clock_null
                0x000000008000562c        0x2 ../skeleton/interrupts.o
                0x000000008000562c                clock_null
 *fill*         0x000000008000562e        0x2 d703d703
 .text.register_interrupts
                0x0000000080005630       0x44 ../skeleton/interrupts.o
                                         0x50 (size before relaxing)
                0x0000000080005630                register_interrupts
 .text.irq_tc   0x0000000080005674       0x5c ../skeleton/interrupts.o
                                         0x68 (size before relaxing)
 .text.irq_port0_line1
                0x00000000800056d0       0x2c ../skeleton/interrupts.o
                                         0x40 (size before relaxing)
 .text.irq_port1_line1
                0x00000000800056fc       0x60 ../skeleton/interrupts.o
                                         0x84 (size before relaxing)
 .text.read_serial_dummy
                0x000000008000575c        0x2 ../skeleton/monome.o
 *fill*         0x000000008000575e        0x2 d703d703
 .text.init_monome
                0x0000000080005760       0x14 ../skeleton/monome.o
                0x0000000080005760                init_monome
 .text.monome_grid_key_parse_event_data
                0x0000000080005774       0x18 ../skeleton/monome.o
                0x0000000080005774                monome_grid_key_parse_event_data
 .text.monome_set_quadrant_flag
                0x000000008000578c       0x14 ../skeleton/monome.o
                0x000000008000578c                monome_set_quadrant_flag
 .text.monome_size_x
                0x00000000800057a0        0x8 ../skeleton/monome.o
                                          0xc (size before relaxing)
                0x00000000800057a0                monome_size_x
 .text.monome_is_vari
                0x00000000800057a8        0x8 ../skeleton/monome.o
                                          0xc (size before relaxing)
                0x00000000800057a8                monome_is_vari
 .text.set_intense_mext
                0x00000000800057b0        0x2 ../skeleton/monome.o
 *fill*         0x00000000800057b2        0x2 d703d703
 .text.monome_grid_refresh
                0x00000000800057b4      0x124 ../skeleton/monome.o
                                        0x118 (size before relaxing)
                0x00000000800057b4                monome_grid_refresh
 .text.monome_arc_refresh
                0x00000000800058d8       0x80 ../skeleton/monome.o
                                         0x94 (size before relaxing)
                0x00000000800058d8                monome_arc_refresh
 .text.set_intense_series
                0x0000000080005958       0x1c ../skeleton/monome.o
                                         0x24 (size before relaxing)
 .text.ring_map_mext
                0x0000000080005974       0x4c ../skeleton/monome.o
                                         0x54 (size before relaxing)
 .text.grid_map_mext
                0x00000000800059c0       0x70 ../skeleton/monome.o
                                         0x78 (size before relaxing)
 .text.grid_map_series
                0x0000000080005a30       0x88 ../skeleton/monome.o
                                         0x90 (size before relaxing)
 .text.grid_map_40h
                0x0000000080005ab8       0x80 ../skeleton/monome.o
                                         0x88 (size before relaxing)
 .text.read_serial_series
                0x0000000080005b38       0x50 ../skeleton/monome.o
                                         0x60 (size before relaxing)
 .text.read_serial_40h
                0x0000000080005b88       0x58 ../skeleton/monome.o
                                         0x68 (size before relaxing)
 .text.read_serial_mext
                0x0000000080005be0       0xcc ../skeleton/monome.o
                                         0xdc (size before relaxing)
 .text.monome_connect_write_event
                0x0000000080005cac       0x28 ../skeleton/monome.o
                                         0x34 (size before relaxing)
 .text.setup_series
                0x0000000080005cd4       0x54 ../skeleton/monome.o
                                         0x74 (size before relaxing)
 .text.check_monome_device_desc
                0x0000000080005d28      0x394 ../skeleton/monome.o
                                        0x434 (size before relaxing)
                0x0000000080005d28                check_monome_device_desc
 .text.process_timers
                0x00000000800060bc       0x48 ../skeleton/timers.o
                                         0x4c (size before relaxing)
                0x00000000800060bc                process_timers
 .text.timer_set
                0x0000000080006104        0xc ../skeleton/timers.o
                0x0000000080006104                timer_set
 .text.timer_remove
                0x0000000080006110       0x6c ../skeleton/timers.o
                                         0x70 (size before relaxing)
                0x0000000080006110                timer_remove
 .text.timer_add
                0x000000008000617c       0x6c ../skeleton/timers.o
                0x000000008000617c                timer_add
 .text.usb_mode_change
                0x00000000800061e8        0x2 ../skeleton/usb.o
                0x00000000800061e8                usb_mode_change
 .text.usb_vbus_change
                0x00000000800061ea        0x2 ../skeleton/usb.o
                0x00000000800061ea                usb_vbus_change
 .text.usb_vbus_error
                0x00000000800061ec        0x2 ../skeleton/usb.o
                0x00000000800061ec                usb_vbus_error
 .text.usb_connection
                0x00000000800061ee        0x2 ../skeleton/usb.o
                0x00000000800061ee                usb_connection
 .text.usb_wakeup
                0x00000000800061f0        0x2 ../skeleton/usb.o
                0x00000000800061f0                usb_wakeup
 .text.usb_sof  0x00000000800061f2        0x2 ../skeleton/usb.o
                0x00000000800061f2                usb_sof
 .text.usb_enum
                0x00000000800061f4        0x2 ../skeleton/usb.o
                0x00000000800061f4                usb_enum
 *fill*         0x00000000800061f6        0x2 d703d703
 .text.rnd      0x00000000800061f8       0x34 ../skeleton/util.o
                                         0x3c (size before relaxing)
                0x00000000800061f8                rnd
 .text.ftdi_rx_done
                0x000000008000622c       0x24 ../skeleton/usb/ftdi/ftdi.o
                                         0x30 (size before relaxing)
 .text.ftdi_tx_done
                0x0000000080006250       0x10 ../skeleton/usb/ftdi/ftdi.o
                                         0x14 (size before relaxing)
 .text.ftdi_rx_buf
                0x0000000080006260        0x8 ../skeleton/usb/ftdi/ftdi.o
                                          0xc (size before relaxing)
                0x0000000080006260                ftdi_rx_buf
 .text.ftdi_rx_bytes
                0x0000000080006268        0x8 ../skeleton/usb/ftdi/ftdi.o
                                          0xc (size before relaxing)
                0x0000000080006268                ftdi_rx_bytes
 .text.ftdi_rx_busy
                0x0000000080006270        0x8 ../skeleton/usb/ftdi/ftdi.o
                                          0xc (size before relaxing)
                0x0000000080006270                ftdi_rx_busy
 .text.ftdi_tx_busy
                0x0000000080006278        0x8 ../skeleton/usb/ftdi/ftdi.o
                                          0xc (size before relaxing)
                0x0000000080006278                ftdi_tx_busy
 .text.ftdi_setup
                0x0000000080006280       0x28 ../skeleton/usb/ftdi/ftdi.o
                                         0x34 (size before relaxing)
                0x0000000080006280                ftdi_setup
 .text.ftdi_change
                0x00000000800062a8       0x1c ../skeleton/usb/ftdi/ftdi.o
                                         0x20 (size before relaxing)
                0x00000000800062a8                ftdi_change
 .text.ftdi_read
                0x00000000800062c4       0x2c ../skeleton/usb/ftdi/ftdi.o
                                         0x40 (size before relaxing)
                0x00000000800062c4                ftdi_read
 .text.ftdi_write
                0x00000000800062f0       0x14 ../skeleton/usb/ftdi/ftdi.o
                                         0x1c (size before relaxing)
                0x00000000800062f0                ftdi_write
 .text.ctl_req_end
                0x0000000080006304        0xc ../skeleton/usb/ftdi/uhi_ftdi.o
 .text.send_ctl_request
                0x0000000080006310       0x34 ../skeleton/usb/ftdi/uhi_ftdi.o
                                         0x3c (size before relaxing)
 .text.ftdi_get_strings
                0x0000000080006344       0xdc ../skeleton/usb/ftdi/uhi_ftdi.o
                                         0xe0 (size before relaxing)
                0x0000000080006344                ftdi_get_strings
 .text.uhi_ftdi_out_run
                0x0000000080006420       0x24 ../skeleton/usb/ftdi/uhi_ftdi.o
                                         0x2c (size before relaxing)
                0x0000000080006420                uhi_ftdi_out_run
 .text.uhi_ftdi_in_run
                0x0000000080006444       0x24 ../skeleton/usb/ftdi/uhi_ftdi.o
                                         0x2c (size before relaxing)
                0x0000000080006444                uhi_ftdi_in_run
 .text.uhi_ftdi_uninstall
                0x0000000080006468       0x14 ../skeleton/usb/ftdi/uhi_ftdi.o
                                         0x1c (size before relaxing)
                0x0000000080006468                uhi_ftdi_uninstall
 .text.uhi_ftdi_enable
                0x000000008000647c       0x88 ../skeleton/usb/ftdi/uhi_ftdi.o
                                         0xa0 (size before relaxing)
                0x000000008000647c                uhi_ftdi_enable
 .text.uhi_ftdi_install
                0x0000000080006504       0xe0 ../skeleton/usb/ftdi/uhi_ftdi.o
                                         0xe4 (size before relaxing)
                0x0000000080006504                uhi_ftdi_install
 .text.flashc_set_bus_freq
                0x00000000800065e4       0x28 avr32/drivers/flashc/flashc.o
                0x00000000800065e4                flashc_set_bus_freq
 .text.flashc_default_wait_until_ready
                0x000000008000660c       0x14 avr32/drivers/flashc/flashc.o
                0x000000008000660c                flashc_default_wait_until_ready
 .text.flashc_issue_command
                0x0000000080006620       0x40 avr32/drivers/flashc/flashc.o
                                         0x44 (size before relaxing)
                0x0000000080006620                flashc_issue_command
 .text.flashc_clear_page_buffer
                0x0000000080006660        0xc avr32/drivers/flashc/flashc.o
                                         0x10 (size before relaxing)
                0x0000000080006660                flashc_clear_page_buffer
 .text.flashc_quick_page_read
                0x000000008000666c       0x14 avr32/drivers/flashc/flashc.o
                                         0x1c (size before relaxing)
                0x000000008000666c                flashc_quick_page_read
 .text.flashc_erase_page
                0x0000000080006680       0x24 avr32/drivers/flashc/flashc.o
                                         0x34 (size before relaxing)
                0x0000000080006680                flashc_erase_page
 .text.flashc_write_page
                0x00000000800066a4        0xc avr32/drivers/flashc/flashc.o
                                         0x10 (size before relaxing)
                0x00000000800066a4                flashc_write_page
 .text.flashc_quick_user_page_read
                0x00000000800066b0       0x14 avr32/drivers/flashc/flashc.o
                                         0x1c (size before relaxing)
                0x00000000800066b0                flashc_quick_user_page_read
 .text.flashc_erase_user_page
                0x00000000800066c4       0x14 avr32/drivers/flashc/flashc.o
                                         0x20 (size before relaxing)
                0x00000000800066c4                flashc_erase_user_page
 .text.flashc_write_user_page
                0x00000000800066d8        0xc avr32/drivers/flashc/flashc.o
                                         0x10 (size before relaxing)
                0x00000000800066d8                flashc_write_user_page
 .text.flashc_memset64
                0x00000000800066e4      0x24c avr32/drivers/flashc/flashc.o
                                        0x270 (size before relaxing)
                0x00000000800066e4                flashc_memset64
 .text.flashc_memset32
                0x0000000080006930       0x18 avr32/drivers/flashc/flashc.o
                                         0x20 (size before relaxing)
                0x0000000080006930                flashc_memset32
 .text.flashc_memset16
                0x0000000080006948        0xc avr32/drivers/flashc/flashc.o
                                         0x10 (size before relaxing)
                0x0000000080006948                flashc_memset16
 .text.flashc_memset8
                0x0000000080006954        0xc avr32/drivers/flashc/flashc.o
                                         0x14 (size before relaxing)
                0x0000000080006954                flashc_memset8
 .text.flashc_memcpy
                0x0000000080006960       0xbc avr32/drivers/flashc/flashc.o
                                         0xdc (size before relaxing)
                0x0000000080006960                flashc_memcpy
 .text.gpio_enable_module_pin
                0x0000000080006a1c       0x4e avr32/drivers/gpio/gpio.o
                0x0000000080006a1c                gpio_enable_module_pin
 *fill*         0x0000000080006a6a        0x2 d703d703
 .text.gpio_enable_module
                0x0000000080006a6c       0x20 avr32/drivers/gpio/gpio.o
                                         0x28 (size before relaxing)
                0x0000000080006a6c                gpio_enable_module
 .text.gpio_enable_gpio_pin
                0x0000000080006a8c       0x16 avr32/drivers/gpio/gpio.o
                0x0000000080006a8c                gpio_enable_gpio_pin
 .text.gpio_get_pin_value
                0x0000000080006aa2       0x16 avr32/drivers/gpio/gpio.o
                0x0000000080006aa2                gpio_get_pin_value
 .text.gpio_set_gpio_pin
                0x0000000080006ab8       0x1a avr32/drivers/gpio/gpio.o
                0x0000000080006ab8                gpio_set_gpio_pin
 .text.gpio_clr_gpio_pin
                0x0000000080006ad2       0x1a avr32/drivers/gpio/gpio.o
                0x0000000080006ad2                gpio_clr_gpio_pin
 .text.gpio_enable_pin_interrupt
                0x0000000080006aec       0x42 avr32/drivers/gpio/gpio.o
                0x0000000080006aec                gpio_enable_pin_interrupt
 .text.gpio_get_pin_interrupt_flag
                0x0000000080006b2e       0x18 avr32/drivers/gpio/gpio.o
                0x0000000080006b2e                gpio_get_pin_interrupt_flag
 .text.gpio_clear_pin_interrupt_flag
                0x0000000080006b46       0x14 avr32/drivers/gpio/gpio.o
                0x0000000080006b46                gpio_clear_pin_interrupt_flag
 .text._unhandled_interrupt
                0x0000000080006b5a        0x2 avr32/drivers/intc/intc.o
 .text.INTC_register_interrupt
                0x0000000080006b5c       0x6c avr32/drivers/intc/intc.o
                                         0x74 (size before relaxing)
                0x0000000080006b5c                INTC_register_interrupt
 .text.INTC_init_interrupts
                0x0000000080006bc8       0x44 avr32/drivers/intc/intc.o
                                         0x4c (size before relaxing)
                0x0000000080006bc8                INTC_init_interrupts
 .text._get_interrupt_handler
                0x0000000080006c0c       0x34 avr32/drivers/intc/intc.o
                                         0x38 (size before relaxing)
                0x0000000080006c0c                _get_interrupt_handler
 .text.getBaudDiv
                0x0000000080006c40       0x20 avr32/drivers/spi/spi.o
                0x0000000080006c40                getBaudDiv
 .text.spi_initMaster
                0x0000000080006c60       0x3e avr32/drivers/spi/spi.o
                0x0000000080006c60                spi_initMaster
 .text.spi_selectionMode
                0x0000000080006c9e       0x2a avr32/drivers/spi/spi.o
                0x0000000080006c9e                spi_selectionMode
 .text.spi_selectChip
                0x0000000080006cc8       0x50 avr32/drivers/spi/spi.o
                0x0000000080006cc8                spi_selectChip
 .text.spi_unselectChip
                0x0000000080006d18       0x28 avr32/drivers/spi/spi.o
                0x0000000080006d18                spi_unselectChip
 .text.spi_setupChipReg
                0x0000000080006d40       0xa0 avr32/drivers/spi/spi.o
                                         0xa8 (size before relaxing)
                0x0000000080006d40                spi_setupChipReg
 .text.spi_enable
                0x0000000080006de0        0x6 avr32/drivers/spi/spi.o
                0x0000000080006de0                spi_enable
 .text.spi_write
                0x0000000080006de6       0x1c avr32/drivers/spi/spi.o
                0x0000000080006de6                spi_write
 .text.spi_read
                0x0000000080006e02       0x22 avr32/drivers/spi/spi.o
                0x0000000080006e02                spi_read
 .text.tc_init_waveform
                0x0000000080006e24       0xa0 avr32/drivers/tc/tc.o
                0x0000000080006e24                tc_init_waveform
 .text.tc_start
                0x0000000080006ec4       0x12 avr32/drivers/tc/tc.o
                0x0000000080006ec4                tc_start
 .text.tc_read_sr
                0x0000000080006ed6       0x12 avr32/drivers/tc/tc.o
                0x0000000080006ed6                tc_read_sr
 .text.tc_write_rc
                0x0000000080006ee8       0x34 avr32/drivers/tc/tc.o
                0x0000000080006ee8                tc_write_rc
 .text.tc_configure_interrupts
                0x0000000080006f1c       0xc8 avr32/drivers/tc/tc.o
                0x0000000080006f1c                tc_configure_interrupts
 .text.usart_set_async_baudrate
                0x0000000080006fe4       0x5c avr32/drivers/usart/usart.o
 .text.usart_write_line
                0x0000000080007040       0x24 avr32/drivers/usart/usart.o
                0x0000000080007040                usart_write_line
 .text.usart_reset
                0x0000000080007064       0x2c avr32/drivers/usart/usart.o
                0x0000000080007064                usart_reset
 .text.usart_init_rs232
                0x0000000080007090       0xc0 avr32/drivers/usart/usart.o
                                         0xcc (size before relaxing)
                0x0000000080007090                usart_init_rs232
 .text.uhd_get_speed
                0x0000000080007150       0x1c avr32/drivers/usbb/usbb_host.o
                0x0000000080007150                uhd_get_speed
 .text.uhd_send_reset
                0x000000008000716c       0x14 avr32/drivers/usbb/usbb_host.o
                0x000000008000716c                uhd_send_reset
 .text.uhd_suspend
                0x0000000080007180       0x50 avr32/drivers/usbb/usbb_host.o
                                         0x58 (size before relaxing)
                0x0000000080007180                uhd_suspend
 .text.uhd_ctrl_phase_data_out
                0x00000000800071d0      0x150 avr32/drivers/usbb/usbb_host.o
 .text.uhd_get_pipe
                0x0000000080007320       0x7e avr32/drivers/usbb/usbb_host.o
 *fill*         0x000000008000739e        0x2 d703d703
 .text.uhd_pipe_finish_job
                0x00000000800073a0       0x78 avr32/drivers/usbb/usbb_host.o
                                         0x7c (size before relaxing)
 .text.uhd_ep_abort_pipe
                0x0000000080007418       0x60 avr32/drivers/usbb/usbb_host.o
                                         0x68 (size before relaxing)
 .text.uhd_pipe_trans_complet
                0x0000000080007478      0x1b0 avr32/drivers/usbb/usbb_host.o
                                        0x1b4 (size before relaxing)
 .text.uhd_ep_run
                0x0000000080007628       0x6c avr32/drivers/usbb/usbb_host.o
                                         0x78 (size before relaxing)
                0x0000000080007628                uhd_ep_run
 .text.uhd_ctrl_request_end
                0x0000000080007694       0x60 avr32/drivers/usbb/usbb_host.o
                                         0x78 (size before relaxing)
 .text.uhd_ctrl_phase_setup
                0x00000000800076f4       0xc8 avr32/drivers/usbb/usbb_host.o
                                         0xdc (size before relaxing)
 .text.uhd_setup_request
                0x00000000800077bc       0x6c avr32/drivers/usbb/usbb_host.o
                                         0x7c (size before relaxing)
                0x00000000800077bc                uhd_setup_request
 .text.uhd_ep_free
                0x0000000080007828       0xb0 avr32/drivers/usbb/usbb_host.o
                                         0xbc (size before relaxing)
                0x0000000080007828                uhd_ep_free
 .text.uhd_ep_alloc
                0x00000000800078d8      0x15e avr32/drivers/usbb/usbb_host.o
                0x00000000800078d8                uhd_ep_alloc
 .text.uhd_ep0_alloc
                0x0000000080007a36       0x88 avr32/drivers/usbb/usbb_host.o
                0x0000000080007a36                uhd_ep0_alloc
 *fill*         0x0000000080007abe        0x2 d703d703
 .text.otg_dual_disable
                0x0000000080007ac0       0x48 avr32/drivers/usbb/usbb_host.o
                                         0x4c (size before relaxing)
                0x0000000080007ac0                otg_dual_disable
 .text.uhd_disable
                0x0000000080007b08       0x68 avr32/drivers/usbb/usbb_host.o
                                         0x70 (size before relaxing)
                0x0000000080007b08                uhd_disable
 .text.otg_dual_enable
                0x0000000080007b70       0x94 avr32/drivers/usbb/usbb_host.o
                                         0xa8 (size before relaxing)
                0x0000000080007b70                otg_dual_enable
 .text.uhd_enable
                0x0000000080007c04       0xc4 avr32/drivers/usbb/usbb_host.o
                                         0xd4 (size before relaxing)
                0x0000000080007c04                uhd_enable
 .text.otg_interrupt
                0x0000000080007cc8      0x6a8 avr32/drivers/usbb/usbb_host.o
                                        0x704 (size before relaxing)
 .text.print_hex
                0x0000000080008370       0x34 avr32/utils/debug/print_funcs.o
                                         0x38 (size before relaxing)
                0x0000000080008370                print_hex
 .text.print_dbg_hex
                0x00000000800083a4        0xc avr32/utils/debug/print_funcs.o
                                         0x14 (size before relaxing)
                0x00000000800083a4                print_dbg_hex
 .text.print_ulong
                0x00000000800083b0       0x30 avr32/utils/debug/print_funcs.o
                                         0x34 (size before relaxing)
                0x00000000800083b0                print_ulong
 .text.print_dbg_ulong
                0x00000000800083e0        0xc avr32/utils/debug/print_funcs.o
                                         0x14 (size before relaxing)
                0x00000000800083e0                print_dbg_ulong
 .text.print_dbg
                0x00000000800083ec       0x10 avr32/utils/debug/print_funcs.o
                                         0x14 (size before relaxing)
                0x00000000800083ec                print_dbg
 .text.init_dbg_rs232_ex
                0x00000000800083fc       0x34 avr32/utils/debug/print_funcs.o
                                         0x3c (size before relaxing)
                0x00000000800083fc                init_dbg_rs232_ex
 .text.init_dbg_rs232
                0x0000000080008430        0xc avr32/utils/debug/print_funcs.o
                                         0x14 (size before relaxing)
                0x0000000080008430                init_dbg_rs232
 .text.uhc_enumeration_step2
                0x000000008000843c       0x14 common/services/usb/uhc/uhc.o
                                         0x1c (size before relaxing)
 .text.uhc_enumeration_step8
                0x0000000080008450       0x14 common/services/usb/uhc/uhc.o
                                         0x1c (size before relaxing)
 .text.uhc_notify_sof
                0x0000000080008464       0x30 common/services/usb/uhc/uhc.o
                                         0x38 (size before relaxing)
                0x0000000080008464                uhc_notify_sof
 .text.uhc_remotewakeup
                0x0000000080008494       0x4c common/services/usb/uhc/uhc.o
                                         0x50 (size before relaxing)
 .text.uhc_stop
                0x00000000800084e0        0x8 common/services/usb/uhc/uhc.o
                                          0xc (size before relaxing)
                0x00000000800084e0                uhc_stop
 .text.uhc_start
                0x00000000800084e8       0x1c common/services/usb/uhc/uhc.o
                                         0x24 (size before relaxing)
                0x00000000800084e8                uhc_start
 .text.uhc_notify_resume
                0x0000000080008504        0xc common/services/usb/uhc/uhc.o
                                         0x18 (size before relaxing)
                0x0000000080008504                uhc_notify_resume
 .text.uhc_enumeration_step3
                0x0000000080008510        0xc common/services/usb/uhc/uhc.o
                                         0x14 (size before relaxing)
 .text.uhc_enumeration_step7
                0x000000008000851c        0xc common/services/usb/uhc/uhc.o
                                         0x14 (size before relaxing)
 .text.uhc_enumeration_step4
                0x0000000080008528       0x20 common/services/usb/uhc/uhc.o
                                         0x2c (size before relaxing)
 .text.uhc_enumeration_error
                0x0000000080008548       0x6c common/services/usb/uhc/uhc.o
                                         0x80 (size before relaxing)
 .text.uhc_enumeration_step5
                0x00000000800085b4       0x58 common/services/usb/uhc/uhc.o
                                         0x6c (size before relaxing)
 .text.uhc_enumeration_step6
                0x000000008000860c       0x48 common/services/usb/uhc/uhc.o
                                         0x54 (size before relaxing)
 .text.uhc_enumeration_step9
                0x0000000080008654       0x58 common/services/usb/uhc/uhc.o
                                         0x6c (size before relaxing)
 .text.uhc_enumeration_step10
                0x00000000800086ac       0x28 common/services/usb/uhc/uhc.o
                                         0x34 (size before relaxing)
 .text.uhc_enumeration_step11
                0x00000000800086d4       0x58 common/services/usb/uhc/uhc.o
                                         0x70 (size before relaxing)
 .text.uhc_enumeration_step12
                0x000000008000872c       0x78 common/services/usb/uhc/uhc.o
                                         0x88 (size before relaxing)
 .text.uhc_enumeration_step13
                0x00000000800087a4       0x94 common/services/usb/uhc/uhc.o
                                         0xac (size before relaxing)
 .text.uhc_enumeration_step14
                0x0000000080008838       0xac common/services/usb/uhc/uhc.o
                                         0xc8 (size before relaxing)
 .text.uhc_enumeration_step15
                0x00000000800088e4       0x50 common/services/usb/uhc/uhc.o
                                         0x5c (size before relaxing)
 .text.uhc_notify_connection
                0x0000000080008934       0x6c common/services/usb/uhc/uhc.o
                                         0x88 (size before relaxing)
                0x0000000080008934                uhc_notify_connection
 .text.sysclk_priv_disable_module
                0x00000000800089a0       0x30 common/services/clock/uc3b0_b1/sysclk.o
                0x00000000800089a0                sysclk_priv_disable_module
 .text.sysclk_disable_pbb_module
                0x00000000800089d0       0x2c common/services/clock/uc3b0_b1/sysclk.o
                                         0x38 (size before relaxing)
                0x00000000800089d0                sysclk_disable_pbb_module
 .text.sysclk_disable_usb
                0x00000000800089fc       0x18 common/services/clock/uc3b0_b1/sysclk.o
                                         0x24 (size before relaxing)
                0x00000000800089fc                sysclk_disable_usb
 .text.sysclk_priv_enable_module
                0x0000000080008a14       0x2e common/services/clock/uc3b0_b1/sysclk.o
                0x0000000080008a14                sysclk_priv_enable_module
 *fill*         0x0000000080008a42        0x2 d703d703
 .text.sysclk_enable_pbb_module
                0x0000000080008a44       0x38 common/services/clock/uc3b0_b1/sysclk.o
                                         0x40 (size before relaxing)
                0x0000000080008a44                sysclk_enable_pbb_module
 .text.T.62     0x0000000080008a7c       0x34 common/services/clock/uc3b0_b1/sysclk.o
 .text.pll_enable_config_defaults
                0x0000000080008ab0       0x4c common/services/clock/uc3b0_b1/sysclk.o
                                         0x54 (size before relaxing)
 .text.sysclk_init
                0x0000000080008afc       0x30 common/services/clock/uc3b0_b1/sysclk.o
                                         0x3c (size before relaxing)
                0x0000000080008afc                sysclk_init
 .text.sysclk_enable_usb
                0x0000000080008b2c       0x1c common/services/clock/uc3b0_b1/sysclk.o
                                         0x30 (size before relaxing)
                0x0000000080008b2c                sysclk_enable_usb
 .text.__udivdi3
                0x0000000080008b48      0x288 /Users/kamil/monome/avr32-tools/bin/../lib/gcc/avr32/4.4.7/ucr1/libgcc.a(_udivdi3.o)
                0x0000000080008b48                __udivdi3
                0x0000000080008b48                __avr32_udiv64
 .text.atexit   0x0000000080008dd0       0x10 /Users/kamil/monome/avr32-tools/bin/../lib/gcc/avr32/4.4.7/../../../../avr32/lib/ucr1/libc.a(lib_a-atexit.o)
                                         0x14 (size before relaxing)
                0x0000000080008dd0                atexit
 .text.exit     0x0000000080008de0       0x20 /Users/kamil/monome/avr32-tools/bin/../lib/gcc/avr32/4.4.7/../../../../avr32/lib/ucr1/libc.a(lib_a-exit.o)
                                         0x28 (size before relaxing)
                0x0000000080008de0                exit
 .text.free     0x0000000080008e00       0x10 /Users/kamil/monome/avr32-tools/bin/../lib/gcc/avr32/4.4.7/../../../../avr32/lib/ucr1/libc.a(lib_a-malloc.o)
                                         0x18 (size before relaxing)
                0x0000000080008e00                free
 .text.malloc   0x0000000080008e10       0x10 /Users/kamil/monome/avr32-tools/bin/../lib/gcc/avr32/4.4.7/../../../../avr32/lib/ucr1/libc.a(lib_a-malloc.o)
                                         0x18 (size before relaxing)
                0x0000000080008e10                malloc
 .text._malloc_r
                0x0000000080008e20      0x428 /Users/kamil/monome/avr32-tools/bin/../lib/gcc/avr32/4.4.7/../../../../avr32/lib/ucr1/libc.a(lib_a-mallocr.o)
                                        0x44c (size before relaxing)
                0x0000000080008e20                _malloc_r
 .text          0x0000000080009248      0x148 /Users/kamil/monome/avr32-tools/bin/../lib/gcc/avr32/4.4.7/../../../../avr32/lib/ucr1/libc.a(lib_a-memcpy.o)
                0x0000000080009248                memcpy
 .text.__malloc_lock
                0x0000000080009390        0x2 /Users/kamil/monome/avr32-tools/bin/../lib/gcc/avr32/4.4.7/../../../../avr32/lib/ucr1/libc.a(lib_a-mlock.o)
                0x0000000080009390                __malloc_lock
 .text.__malloc_unlock
                0x0000000080009392        0x2 /Users/kamil/monome/avr32-tools/bin/../lib/gcc/avr32/4.4.7/../../../../avr32/lib/ucr1/libc.a(lib_a-mlock.o)
                0x0000000080009392                __malloc_unlock
 .text.rand     0x0000000080009394       0x80 /Users/kamil/monome/avr32-tools/bin/../lib/gcc/avr32/4.4.7/../../../../avr32/lib/ucr1/libc.a(lib_a-rand.o)
                                         0x84 (size before relaxing)
                0x0000000080009394                rand
 .text._sbrk_r  0x0000000080009414       0x20 /Users/kamil/monome/avr32-tools/bin/../lib/gcc/avr32/4.4.7/../../../../avr32/lib/ucr1/libc.a(lib_a-sbrkr.o)
                                         0x28 (size before relaxing)
                0x0000000080009414                _sbrk_r
 .text.strncmp  0x0000000080009434       0x26 /Users/kamil/monome/avr32-tools/bin/../lib/gcc/avr32/4.4.7/../../../../avr32/lib/ucr1/libc.a(lib_a-strncmp.o)
                0x0000000080009434                strncmp
 .text._init_startup
                0x000000008000945a        0x2 /Users/kamil/monome/avr32-tools/bin/../lib/gcc/avr32/4.4.7/../../../../avr32/lib/ucr1/libc.a(lib_a-syscalls.o)
                0x000000008000945a                _init_startup
 .text._init_argv
                0x000000008000945c        0xa /Users/kamil/monome/avr32-tools/bin/../lib/gcc/avr32/4.4.7/../../../../avr32/lib/ucr1/libc.a(lib_a-syscalls.o)
                0x000000008000945c                _init_argv
 .text._exit    0x0000000080009466        0xa /Users/kamil/monome/avr32-tools/bin/../lib/gcc/avr32/4.4.7/../../../../avr32/lib/ucr1/libc.a(lib_a-syscalls.o)
                0x0000000080009466                _exit
 .text._sbrk    0x0000000080009470       0x38 /Users/kamil/monome/avr32-tools/bin/../lib/gcc/avr32/4.4.7/../../../../avr32/lib/ucr1/libc.a(lib_a-syscalls.o)
                                         0x40 (size before relaxing)
                0x0000000080009470                _sbrk
 .text.__register_exitproc
                0x00000000800094a8       0xa4 /Users/kamil/monome/avr32-tools/bin/../lib/gcc/avr32/4.4.7/../../../../avr32/lib/ucr1/libc.a(lib_a-__atexit.o)
                                         0xac (size before relaxing)
                0x00000000800094a8                __register_exitproc
 .text.__call_exitprocs
                0x000000008000954c       0xcc /Users/kamil/monome/avr32-tools/bin/../lib/gcc/avr32/4.4.7/../../../../avr32/lib/ucr1/libc.a(lib_a-__call_atexit.o)
                                         0xd0 (size before relaxing)
                0x000000008000954c                __call_exitprocs
 .text.__errno  0x0000000080009618        0xc /Users/kamil/monome/avr32-tools/bin/../lib/gcc/avr32/4.4.7/../../../../avr32/lib/ucr1/libc.a(lib_a-errno.o)
                0x0000000080009618                __errno
 .text._malloc_trim_r
                0x0000000080009624       0x8c /Users/kamil/monome/avr32-tools/bin/../lib/gcc/avr32/4.4.7/../../../../avr32/lib/ucr1/libc.a(lib_a-freer.o)
                                         0xa8 (size before relaxing)
                0x0000000080009624                _malloc_trim_r
 .text._free_r  0x00000000800096b0      0x184 /Users/kamil/monome/avr32-tools/bin/../lib/gcc/avr32/4.4.7/../../../../avr32/lib/ucr1/libc.a(lib_a-freer.o)
                                        0x19c (size before relaxing)
                0x00000000800096b0                _free_r
 .text.__do_global_ctors_aux
                0x0000000080009834       0x14 /Users/kamil/monome/avr32-tools/bin/../lib/gcc/avr32/4.4.7/ucr1/crtend.o
                                         0x18 (size before relaxing)
 *(.text.*personality*)
 *(.gnu.warning)

.exception      0x0000000080009a00      0x200
 .exception     0x0000000080009a00      0x200 avr32/drivers/intc/exception.o
                0x0000000080009a00                _evba
                0x0000000080009b04                _int0
                0x0000000080009b12                _int1
                0x0000000080009b20                _int2
                0x0000000080009b2e                _int3

.fini           0x0000000080009c00       0x18
 *(.fini)
 .fini          0x0000000080009c00       0x10 /Users/kamil/monome/avr32-tools/bin/../lib/gcc/avr32/4.4.7/ucr1/crti.o
                0x0000000080009c00                _fini
 .fini          0x0000000080009c10        0x4 /Users/kamil/monome/avr32-tools/bin/../lib/gcc/avr32/4.4.7/ucr1/crtbegin.o
 .fini          0x0000000080009c14        0x4 /Users/kamil/monome/avr32-tools/bin/../lib/gcc/avr32/4.4.7/ucr1/crtn.o
                0x0000000080009c18                PROVIDE (__etext, .)
                0x0000000080009c18                PROVIDE (_etext, .)
                0x0000000080009c18                PROVIDE (etext, .)

.rodata         0x0000000080009c18      0x608
 *(.rodata .rodata.* .gnu.linkonce.r.*)
 .rodata.SCALES
                0x0000000080009c18      0x300 ../whitewhale/main.o
                0x0000000080009c18                SCALES
 .rodata.str1.4
                0x0000000080009f18       0x71 ../whitewhale/main.o
                                         0x74 (size before relaxing)
 *fill*         0x0000000080009f89        0x3 
 .rodata.str1.4
                0x0000000080009f8c       0x15 ../skeleton/events.o
                                         0x18 (size before relaxing)
 *fill*         0x0000000080009fa1        0x3 
 .rodata.tc_interrupt.11315
                0x0000000080009fa4        0x4 ../skeleton/init.o
 .rodata.waveform_opt.11314
                0x0000000080009fa8        0x8 ../skeleton/init.o
 .rodata.C.60.11321
                0x0000000080009fb0       0x10 ../skeleton/init.o
 .rodata.SPI_GPIO_MAP.11319
                0x0000000080009fc0       0x28 ../skeleton/init.o
 .rodata.str1.4
                0x0000000080009fe8        0x7 ../skeleton/interrupts.o
                                          0x8 (size before relaxing)
 *fill*         0x0000000080009fef        0x1 
 .rodata.readSerialFuncs
                0x0000000080009ff0        0xc ../skeleton/monome.o
 .rodata.ringMapFuncs
                0x0000000080009ffc        0xc ../skeleton/monome.o
 .rodata.str1.4
                0x000000008000a008       0x87 ../skeleton/monome.o
                                         0x8c (size before relaxing)
 *fill*         0x000000008000a08f        0x1 
 .rodata.intenseFuncs
                0x000000008000a090        0xc ../skeleton/monome.o
 .rodata.refreshFuncs
                0x000000008000a09c        0xc ../skeleton/monome.o
 .rodata.gridMapFuncs
                0x000000008000a0a8        0xc ../skeleton/monome.o
 .rodata.str1.4
                0x000000008000a0b4       0x1a ../skeleton/usb/ftdi/ftdi.o
                                         0x1c (size before relaxing)
 .rodata.C.34.9735
                0x000000008000a0ce       0x10 avr32/drivers/flashc/flashc.o
 *fill*         0x000000008000a0de        0x2 
 .rodata._int_handler_table
                0x000000008000a0e0       0x90 avr32/drivers/intc/intc.o
 .rodata.CSWTCH.100
                0x000000008000a170        0xc avr32/drivers/usbb/usbb_host.o
 .rodata.CSWTCH.102
                0x000000008000a17c        0xc avr32/drivers/usbb/usbb_host.o
 .rodata.DBG_USART_GPIO_MAP.10058
                0x000000008000a188       0x10 avr32/utils/debug/print_funcs.o
 .rodata.HEX_DIGITS
                0x000000008000a198       0x10 avr32/utils/debug/print_funcs.o
 .rodata.uhc_uhis
                0x000000008000a1a8       0x10 common/services/usb/uhc/uhc.o
 .rodata.str1.4
                0x000000008000a1b8        0x4 /Users/kamil/monome/avr32-tools/bin/../lib/gcc/avr32/4.4.7/../../../../avr32/lib/ucr1/libc.a(lib_a-impure.o)
 .rodata._global_impure_ptr
                0x000000008000a1bc        0x4 /Users/kamil/monome/avr32-tools/bin/../lib/gcc/avr32/4.4.7/../../../../avr32/lib/ucr1/libc.a(lib_a-impure.o)
                0x000000008000a1bc                _global_impure_ptr
 .rodata.__sf_fake_stdin
                0x000000008000a1c0       0x20 /Users/kamil/monome/avr32-tools/bin/../lib/gcc/avr32/4.4.7/../../../../avr32/lib/ucr1/libc.a(lib_a-findfp.o)
                0x000000008000a1c0                __sf_fake_stdin
 .rodata.__sf_fake_stdout
                0x000000008000a1e0       0x20 /Users/kamil/monome/avr32-tools/bin/../lib/gcc/avr32/4.4.7/../../../../avr32/lib/ucr1/libc.a(lib_a-findfp.o)
                0x000000008000a1e0                __sf_fake_stdout
 .rodata.__sf_fake_stderr
                0x000000008000a200       0x20 /Users/kamil/monome/avr32-tools/bin/../lib/gcc/avr32/4.4.7/../../../../avr32/lib/ucr1/libc.a(lib_a-findfp.o)
                0x000000008000a200                __sf_fake_stderr

.rodata1
 *(.rodata1)

.eh_frame_hdr
 *(.eh_frame_hdr)

.eh_frame
 *(.eh_frame)

.gcc_except_table
 *(.gcc_except_table)
 *(.gcc_except_table.*)

.lalign         0x000000008000a220        0x0
                0x000000008000a220                . = ALIGN (0x8)
                0x000000008000a220                PROVIDE (_data_lma, .)
                0x0000000000000004                . = ORIGIN (INTRAM)

.dalign         0x0000000000000004        0x4
                0x0000000000000008                . = ALIGN (0x8)
 *fill*         0x0000000000000004        0x4 
                0x0000000000000008                PROVIDE (_data, .)

.eh_frame
 *(.eh_frame)

.gcc_except_table
 *(.gcc_except_table)
 *(.gcc_except_table.*)

.tdata
 *(.tdata .tdata.* .gnu.linkonce.td.*)

.tbss
 *(.tbss .tbss.* .gnu.linkonce.tb.*)
 *(.tcommon)
                0x0000000000000008                PROVIDE (__preinit_array_start, ALIGN (0x4))

.preinit_array
 *(.preinit_array)
                0x0000000000000008                PROVIDE (__preinit_array_end, .)
                0x0000000000000008                PROVIDE (__init_array_start, .)

.init_array
 *(.init_array)
                0x0000000000000008                PROVIDE (__init_array_end, .)
                0x0000000000000008                PROVIDE (__fini_array_start, .)

.fini_array
 *(.fini_array)
                0x0000000000000008                PROVIDE (__fini_array_end, .)

.ctors          0x0000000000000008        0x8 load address 0x000000008000a220
 *crtbegin*.o(.ctors)
 .ctors         0x0000000000000008        0x4 /Users/kamil/monome/avr32-tools/bin/../lib/gcc/avr32/4.4.7/ucr1/crtbegin.o
 *(EXCLUDE_FILE(*crtend*.o) .ctors)
 *(SORT(.ctors.*))
 *(.ctors)
 .ctors         0x000000000000000c        0x4 /Users/kamil/monome/avr32-tools/bin/../lib/gcc/avr32/4.4.7/ucr1/crtend.o

.dtors          0x0000000000000010        0x8 load address 0x000000008000a228
 *crtbegin*.o(.dtors)
 .dtors         0x0000000000000010        0x4 /Users/kamil/monome/avr32-tools/bin/../lib/gcc/avr32/4.4.7/ucr1/crtbegin.o
 *(EXCLUDE_FILE(*crtend*.o) .dtors)
 *(SORT(.dtors.*))
 *(.dtors)
 .dtors         0x0000000000000014        0x4 /Users/kamil/monome/avr32-tools/bin/../lib/gcc/avr32/4.4.7/ucr1/crtend.o
                0x0000000000000014                __DTOR_END__

.jcr            0x0000000000000018        0x4 load address 0x000000008000a230
 *(.jcr)
 .jcr           0x0000000000000018        0x0 /Users/kamil/monome/avr32-tools/bin/../lib/gcc/avr32/4.4.7/ucr1/crtbegin.o
 .jcr           0x0000000000000018        0x4 /Users/kamil/monome/avr32-tools/bin/../lib/gcc/avr32/4.4.7/ucr1/crtend.o

.data.rel.ro
 *(.data.rel.ro.local)
 *(.data.rel.ro*)

.dynamic
 *(.dynamic)

.got            0x000000000000001c        0x0 load address 0x000000008000a234
 *(.got.plt)
 *(.got)
 .got           0x000000000000001c        0x0 /Users/kamil/monome/avr32-tools/bin/../lib/gcc/avr32/4.4.7/../../../../avr32/lib/ucr1/crt0.o
                0x000000000000001c                _GLOBAL_OFFSET_TABLE_

.ramtext
 *(.ramtext .ramtext.*)

.ddalign        0x000000000000001c        0x0 load address 0x000000008000a234
                0x0000000000000020                . = ALIGN (0x8)

.data           0x000000000000001c      0x528 load address 0x000000008000a234
 *(.data .data.* .gnu.linkonce.d.*)
 .data.clock_pulse
                0x000000000000001c        0x4 ../skeleton/interrupts.o
                0x000000000000001c                clock_pulse
 .data.mdesc    0x0000000000000020       0x10 ../skeleton/monome.o
 .data.monome_read_serial
                0x0000000000000030        0x4 ../skeleton/monome.o
                0x0000000000000030                monome_read_serial
 .data.x1       0x0000000000000034        0x4 ../skeleton/util.o
 .data.x2       0x0000000000000038        0x4 ../skeleton/util.o
 .data.flashc_wait_until_ready
                0x000000000000003c        0x4 avr32/drivers/flashc/flashc.o
                0x000000000000003c                flashc_wait_until_ready
 .data.impure_data
                0x0000000000000040       0xf0 /Users/kamil/monome/avr32-tools/bin/../lib/gcc/avr32/4.4.7/../../../../avr32/lib/ucr1/libc.a(lib_a-impure.o)
 .data._impure_ptr
                0x0000000000000130        0x4 /Users/kamil/monome/avr32-tools/bin/../lib/gcc/avr32/4.4.7/../../../../avr32/lib/ucr1/libc.a(lib_a-impure.o)
                0x0000000000000130                _impure_ptr
 .data.__malloc_av_
                0x0000000000000134      0x408 /Users/kamil/monome/avr32-tools/bin/../lib/gcc/avr32/4.4.7/../../../../avr32/lib/ucr1/libc.a(lib_a-mallocr.o)
                0x0000000000000134                __malloc_av_
 .data.__malloc_trim_threshold
                0x000000000000053c        0x4 /Users/kamil/monome/avr32-tools/bin/../lib/gcc/avr32/4.4.7/../../../../avr32/lib/ucr1/libc.a(lib_a-mallocr.o)
                0x000000000000053c                __malloc_trim_threshold
 .data.__malloc_sbrk_base
                0x0000000000000540        0x4 /Users/kamil/monome/avr32-tools/bin/../lib/gcc/avr32/4.4.7/../../../../avr32/lib/ucr1/libc.a(lib_a-mallocr.o)
                0x0000000000000540                __malloc_sbrk_base
 *(.gnu.linkonce.d.*personality*)

.data1
 *(.data1)

.balign         0x0000000000000544       0x20 load address 0x000000008000a75c
                0x0000000000000548                . = ALIGN (0x8)
 *fill*         0x0000000000000544        0x4 
                0x0000000000000548                PROVIDE (_edata, .)
                0x0000000000000548                PROVIDE (edata, .)
                0x0000000000000548                __bss_start = .

.bss            0x0000000000000564     0x17ec
 *(.dynbss)
 *(.bss .bss.* .gnu.linkonce.b.*)
 .bss.completed.2746
                0x0000000000000564        0x1 /Users/kamil/monome/avr32-tools/bin/../lib/gcc/avr32/4.4.7/ucr1/crtbegin.o
 *fill*         0x0000000000000565        0x3 
 .bss.dtor_idx.2748
                0x0000000000000568        0x4 /Users/kamil/monome/avr32-tools/bin/../lib/gcc/avr32/4.4.7/ucr1/crtbegin.o
 .bss.monomePollTimer
                0x000000000000056c       0x18 ../whitewhale/main.o
 .bss.x.12804   0x0000000000000584        0x2 ../whitewhale/main.o
 *fill*         0x0000000000000586        0x2 
 .bss.e.12810   0x0000000000000588        0x8 ../whitewhale/main.o
 .bss.e.12806   0x0000000000000590        0x8 ../whitewhale/main.o
 .bss.clockTimer
                0x0000000000000598       0x18 ../whitewhale/main.o
 .bss.e.14204   0x00000000000005b0        0x8 ../whitewhale/main.o
 .bss.keyTimer  0x00000000000005b8       0x18 ../whitewhale/main.o
 .bss.i1.12298  0x00000000000005d0        0x1 ../whitewhale/main.o
 *fill*         0x00000000000005d1        0x1 
 .bss.found.12300
                0x00000000000005d2       0x20 ../whitewhale/main.o
 .bss.count.12299
                0x00000000000005f2        0x1 ../whitewhale/main.o
 *fill*         0x00000000000005f3        0x1 
 .bss.i1.12803  0x00000000000005f4        0x2 ../whitewhale/main.o
 *fill*         0x00000000000005f6        0x2 
 .bss.e.12683   0x00000000000005f8        0x8 ../whitewhale/main.o
 .bss.adcTimer  0x0000000000000600       0x18 ../whitewhale/main.o
 .bss.e.12687   0x0000000000000618        0x8 ../whitewhale/main.o
 .bss.n1.12805  0x0000000000000620        0x2 ../whitewhale/main.o
 *fill*         0x0000000000000622        0x2 
 .bss.e.12694   0x0000000000000624        0x8 ../whitewhale/main.o
 .bss.monomeRefreshTimer
                0x000000000000062c       0x18 ../whitewhale/main.o
 .bss.putIdx    0x0000000000000644        0x4 ../skeleton/events.o
 .bss.getIdx    0x0000000000000648        0x4 ../skeleton/events.o
 .bss.sysEvents
                0x000000000000064c      0x140 ../skeleton/events.o
 .bss.e.10803   0x000000000000078c        0x8 ../skeleton/interrupts.o
 .bss.e.10794   0x0000000000000794        0x8 ../skeleton/interrupts.o
 .bss.tcOverflow
                0x000000000000079c        0x1 ../skeleton/interrupts.o
                0x000000000000079c                tcOverflow
 *fill*         0x000000000000079d        0x3 
 .bss.tcTicks   0x00000000000007a0        0x8 ../skeleton/interrupts.o
                0x00000000000007a0                tcTicks
 .bss.ptx.11452
                0x00000000000007a8        0x4 ../skeleton/monome.o
 .bss.monomeFrameDirty
                0x00000000000007ac        0x1 ../skeleton/monome.o
                0x00000000000007ac                monomeFrameDirty
 *fill*         0x00000000000007ad        0x3 
 .bss.txBuf     0x00000000000007b0       0x48 ../skeleton/monome.o
 .bss.i.11419   0x00000000000007f8        0x1 ../skeleton/monome.o
 .bss.com.11360
                0x00000000000007f9        0x1 ../skeleton/monome.o
 *fill*         0x00000000000007fa        0x2 
 .bss.prx.11359
                0x00000000000007fc        0x4 ../skeleton/monome.o
 .bss.j.11420   0x0000000000000800        0x1 ../skeleton/monome.o
 .bss.nbp.11358
                0x0000000000000801        0x1 ../skeleton/monome.o
 .bss.i.11453   0x0000000000000802        0x1 ../skeleton/monome.o
 .bss.i.11396   0x0000000000000803        0x1 ../skeleton/monome.o
 .bss.j.11397   0x0000000000000804        0x1 ../skeleton/monome.o
 *fill*         0x0000000000000805        0x3 
 .bss.ptx.11490
                0x0000000000000808        0x4 ../skeleton/monome.o
 .bss.j.11454   0x000000000000080c        0x1 ../skeleton/monome.o
 .bss.i.11491   0x000000000000080d        0x1 ../skeleton/monome.o
 *fill*         0x000000000000080e        0x2 
 .bss.ev        0x0000000000000810        0x8 ../skeleton/monome.o
 .bss.ptx.11395
                0x0000000000000818        0x4 ../skeleton/monome.o
 .bss.rxBytes   0x000000000000081c        0x1 ../skeleton/monome.o
 *fill*         0x000000000000081d        0x3 
 .bss.head      0x0000000000000820        0x4 ../skeleton/timers.o
 .bss.num       0x0000000000000824        0x4 ../skeleton/timers.o
 .bss.tail      0x0000000000000828        0x4 ../skeleton/timers.o
 .bss.txBusy    0x000000000000082c        0x1 ../skeleton/usb/ftdi/ftdi.o
 .bss.ftdiConnect
                0x000000000000082d        0x1 ../skeleton/usb/ftdi/ftdi.o
                0x000000000000082d                ftdiConnect
 *fill*         0x000000000000082e        0x2 
 .bss.rxBuf     0x0000000000000830       0x40 ../skeleton/usb/ftdi/ftdi.o
 .bss.rxBusy    0x0000000000000870        0x1 ../skeleton/usb/ftdi/ftdi.o
 *fill*         0x0000000000000871        0x3 
 .bss.rxBytes   0x0000000000000874        0x4 ../skeleton/usb/ftdi/ftdi.o
 .bss.e         0x0000000000000878        0x8 ../skeleton/usb/ftdi/ftdi.o
 .bss.status    0x0000000000000880        0x4 ../skeleton/usb/ftdi/ftdi.o
 .bss.uhi_ftdi_dev
                0x0000000000000884        0x8 ../skeleton/usb/ftdi/uhi_ftdi.o
 .bss.ctlReadBusy
                0x000000000000088c        0x1 ../skeleton/usb/ftdi/uhi_ftdi.o
 *fill*         0x000000000000088d        0x3 
 .bss.flashc_error_status
                0x0000000000000890        0x4 avr32/drivers/flashc/flashc.o
 .bss._int_line_handler_table_6
                0x0000000000000894        0x4 avr32/drivers/intc/intc.o
 .bss._int_line_handler_table_7
                0x0000000000000898        0x4 avr32/drivers/intc/intc.o
 .bss._int_line_handler_table_8
                0x000000000000089c        0x4 avr32/drivers/intc/intc.o
 .bss._int_line_handler_table_9
                0x00000000000008a0        0x4 avr32/drivers/intc/intc.o
 .bss._int_line_handler_table_10
                0x00000000000008a4        0x4 avr32/drivers/intc/intc.o
 .bss._int_line_handler_table_11
                0x00000000000008a8        0x4 avr32/drivers/intc/intc.o
 .bss._int_line_handler_table_12
                0x00000000000008ac        0x4 avr32/drivers/intc/intc.o
 .bss._int_line_handler_table_13
                0x00000000000008b0        0x4 avr32/drivers/intc/intc.o
 .bss._int_line_handler_table_14
                0x00000000000008b4        0xc avr32/drivers/intc/intc.o
 .bss._int_line_handler_table_15
                0x00000000000008c0        0x4 avr32/drivers/intc/intc.o
 .bss._int_line_handler_table_16
                0x00000000000008c4        0x4 avr32/drivers/intc/intc.o
 .bss._int_line_handler_table_17
                0x00000000000008c8        0x4 avr32/drivers/intc/intc.o
 .bss._int_line_handler_table_0
                0x00000000000008cc        0x4 avr32/drivers/intc/intc.o
 .bss._int_line_handler_table_1
                0x00000000000008d0       0x2c avr32/drivers/intc/intc.o
 .bss._int_line_handler_table_2
                0x00000000000008fc       0x18 avr32/drivers/intc/intc.o
 .bss._int_line_handler_table_3
                0x0000000000000914       0x1c avr32/drivers/intc/intc.o
 .bss._int_line_handler_table_4
                0x0000000000000930        0x4 avr32/drivers/intc/intc.o
 .bss._int_line_handler_table_5
                0x0000000000000934        0x4 avr32/drivers/intc/intc.o
 .bss.otg_initialized
                0x0000000000000938        0x1 avr32/drivers/usbb/usbb_host.o
 *fill*         0x0000000000000939        0x3 
 .bss.uhd_reset_callback
                0x000000000000093c        0x4 avr32/drivers/usbb/usbb_host.o
 .bss.uhd_pipe_job
                0x0000000000000940       0x78 avr32/drivers/usbb/usbb_host.o
 .bss.uhd_suspend_start
                0x00000000000009b8        0x1 avr32/drivers/usbb/usbb_host.o
 .bss.uhd_pipes_unfreeze
                0x00000000000009b9        0x1 avr32/drivers/usbb/usbb_host.o
 .bss.uhd_resume_start
                0x00000000000009ba        0x1 avr32/drivers/usbb/usbb_host.o
 .bss.uhd_b_suspend_requested
                0x00000000000009bb        0x1 avr32/drivers/usbb/usbb_host.o
 .bss.g_uhc_device_root
                0x00000000000009bc       0x1c common/services/usb/uhc/uhc.o
 .bss.uhc_enum_try
                0x00000000000009d8        0x1 common/services/usb/uhc/uhc.o
 *fill*         0x00000000000009d9        0x3 
 .bss.uhc_sof_timeout_callback
                0x00000000000009dc        0x4 common/services/usb/uhc/uhc.o
 .bss.sysclk_pbb_refcount
                0x00000000000009e0        0x1 common/services/clock/uc3b0_b1/sysclk.o
 *fill*         0x00000000000009e1        0x3 
 .bss.__malloc_max_total_mem
                0x00000000000009e4        0x4 /Users/kamil/monome/avr32-tools/bin/../lib/gcc/avr32/4.4.7/../../../../avr32/lib/ucr1/libc.a(lib_a-mallocr.o)
                0x00000000000009e4                __malloc_max_total_mem
 .bss.__malloc_max_sbrked_mem
                0x00000000000009e8        0x4 /Users/kamil/monome/avr32-tools/bin/../lib/gcc/avr32/4.4.7/../../../../avr32/lib/ucr1/libc.a(lib_a-mallocr.o)
                0x00000000000009e8                __malloc_max_sbrked_mem
 .bss.__malloc_top_pad
                0x00000000000009ec        0x4 /Users/kamil/monome/avr32-tools/bin/../lib/gcc/avr32/4.4.7/../../../../avr32/lib/ucr1/libc.a(lib_a-mallocr.o)
                0x00000000000009ec                __malloc_top_pad
 .bss.__malloc_current_mallinfo
                0x00000000000009f0       0x28 /Users/kamil/monome/avr32-tools/bin/../lib/gcc/avr32/4.4.7/../../../../avr32/lib/ucr1/libc.a(lib_a-mallocr.o)
                0x00000000000009f0                __malloc_current_mallinfo
 .bss.cur_heap_pos.1869
                0x0000000000000a18        0x4 /Users/kamil/monome/avr32-tools/bin/../lib/gcc/avr32/4.4.7/../../../../avr32/lib/ucr1/libc.a(lib_a-syscalls.o)
 *(COMMON)
 COMMON         0x0000000000000a1c     0x1103 ../whitewhale/main.o
                0x0000000000000a1c                held_keys
                0x0000000000000a3c                key_times
                0x0000000000000b3c                SIZE
                0x0000000000000b40                param_dest
                0x0000000000000b44                keycount_series
                0x0000000000000b46                clip
                0x0000000000000b48                re
                0x0000000000000b4c                preset_select
                0x0000000000000b4d                series_pos
                0x0000000000000b4e                pos
                0x0000000000000b4f                LENGTH
                0x0000000000000b50                series_next
                0x0000000000000b54                w
                0x0000000000001adc                preset_mode
                0x0000000000001add                VARI
                0x0000000000001ade                keycount_cv
                0x0000000000001adf                next_pos
                0x0000000000001ae0                live_in
                0x0000000000001ae2                cv0
                0x0000000000001ae4                cv_chosen
                0x0000000000001ae6                edit_cv_step
                0x0000000000001ae7                pattern
                0x0000000000001ae8                clock_phase
                0x0000000000001ae9                key_alt
                0x0000000000001aea                front_timer
                0x0000000000001aeb                center
                0x0000000000001aec                adc
                0x0000000000001af4                edit_cv_value
                0x0000000000001af5                key_count
                0x0000000000001af6                cv1
                0x0000000000001af8                glyph
                0x0000000000001b00                drunk_step
                0x0000000000001b01                scroll
                0x0000000000001b02                pattern_jump
                0x0000000000001b03                edit_cv_ch
                0x0000000000001b04                param_accept
                0x0000000000001b05                triggered
                0x0000000000001b08                param_dest8
                0x0000000000001b0c                scale_select
                0x0000000000001b0d                edit_prob
                0x0000000000001b0e                cut_pos
                0x0000000000001b0f                scroll_pos
                0x0000000000001b10                series_step
                0x0000000000001b11                next_pattern
                0x0000000000001b12                clock_time
                0x0000000000001b14                edit_mode
                0x0000000000001b18                clock_temp
                0x0000000000001b1a                series_jump
                0x0000000000001b1b                keysecond_pos
                0x0000000000001b1c                series_playing
                0x0000000000001b1d                keycount_pos
                0x0000000000001b1e                keyfirst_pos
 *fill*         0x0000000000001b1f        0x1 
 COMMON         0x0000000000001b20       0x3c ../skeleton/events.o
                0x0000000000001b20                app_event_handlers
 COMMON         0x0000000000001b5c        0x1 ../skeleton/interrupts.o
                0x0000000000001b5c                clock_external
 *fill*         0x0000000000001b5d        0x3 
 COMMON         0x0000000000001b60      0x114 ../skeleton/monome.o
                0x0000000000001b60                monome_refresh
                0x0000000000001b64                monome_grid_map
                0x0000000000001b68                monome_ring_map
                0x0000000000001b6c                monomeLedBuffer
                0x0000000000001c6c                monome_set_intense
                0x0000000000001c70                monome_grid_level_map
 COMMON         0x0000000000001c74       0xc0 ../skeleton/usb/ftdi/uhi_ftdi.o
                0x0000000000001c74                manufacturer_string
                0x0000000000001cb4                serial_string
                0x0000000000001cf4                product_string
 COMMON         0x0000000000001d34       0x12 avr32/drivers/usbb/usbb_host.o
                0x0000000000001d34                uhd_ctrl_request_phase
                0x0000000000001d38                uhd_ctrl_request_first
                0x0000000000001d3c                uhd_ctrl_nb_trans
                0x0000000000001d40                uhd_ctrl_request_last
                0x0000000000001d44                uhd_ctrl_request_timeout
 COMMON         0x0000000000001d46        0x1 common/services/usb/uhc/uhc.o
                0x0000000000001d46                uhc_sof_timeout
 *fill*         0x0000000000001d47        0x1 
 COMMON         0x0000000000001d48        0x4 /Users/kamil/monome/avr32-tools/bin/../lib/gcc/avr32/4.4.7/../../../../avr32/lib/ucr1/libc.a(lib_a-reent.o)
                0x0000000000001d48                errno
                0x0000000000001d50                . = ALIGN (0x8)
 *fill*         0x0000000000001d4c        0x4 
                0x0000000000001d50                . = ALIGN (0x8)
                0x0000000000001d50                _end = .
                0x0000000000001d50                PROVIDE (end, .)
                0x0000000000001d50                __heap_start__ = ALIGN (0x8)

.heap           0x0000000000001d50     0x52b0
 *(.heap)
                0x00000000000052b0                . = (__heap_size__ == __max_heap_size__)?(((ORIGIN (INTRAM) + 0x7ffc) - __stack_size__) - ABSOLUTE (.)):__heap_size__
 *fill*         0x0000000000001d50     0x52b0 
                0x0000000000007000                __heap_end__ = .

.stab
 *(.stab)

.stabstr
 *(.stabstr)

.stab.excl
 *(.stab.excl)

.stab.exclstr
 *(.stab.exclstr)

.stab.index
 *(.stab.index)

.stab.indexstr
 *(.stab.indexstr)

.comment        0x0000000000000000       0x2f
 *(.comment)
 .comment       0x0000000000000000       0x2f /Users/kamil/monome/avr32-tools/bin/../lib/gcc/avr32/4.4.7/ucr1/crtbegin.o
                                         0x30 (size before relaxing)
 .comment       0x0000000000000000       0x30 ../whitewhale/main.o
 .comment       0x0000000000000000       0x30 ../skeleton/adc.o
 .comment       0x0000000000000000       0x30 ../skeleton/events.o
 .comment       0x0000000000000000       0x30 ../skeleton/init.o
 .comment       0x0000000000000000       0x30 ../skeleton/interrupts.o
 .comment       0x0000000000000000       0x30 ../skeleton/monome.o
 .comment       0x0000000000000000       0x30 ../skeleton/timers.o
 .comment       0x0000000000000000       0x30 ../skeleton/usb.o
 .comment       0x0000000000000000       0x30 ../skeleton/util.o
 .comment       0x0000000000000000       0x30 ../skeleton/usb/ftdi/ftdi.o
 .comment       0x0000000000000000       0x30 ../skeleton/usb/ftdi/uhi_ftdi.o
 .comment       0x0000000000000000       0x30 avr32/drivers/flashc/flashc.o
 .comment       0x0000000000000000       0x30 avr32/drivers/gpio/gpio.o
 .comment       0x0000000000000000       0x30 avr32/drivers/intc/intc.o
 .comment       0x0000000000000000       0x30 avr32/drivers/spi/spi.o
 .comment       0x0000000000000000       0x30 avr32/drivers/tc/tc.o
 .comment       0x0000000000000000       0x30 avr32/drivers/usart/usart.o
 .comment       0x0000000000000000       0x30 avr32/drivers/usbb/usbb_host.o
 .comment       0x0000000000000000       0x30 avr32/utils/debug/print_funcs.o
 .comment       0x0000000000000000       0x30 common/services/usb/uhc/uhc.o
 .comment       0x0000000000000000       0x30 common/services/clock/uc3b0_b1/sysclk.o
 .comment       0x0000000000000000       0x30 /Users/kamil/monome/avr32-tools/bin/../lib/gcc/avr32/4.4.7/ucr1/libgcc.a(_udivdi3.o)
 .comment       0x0000000000000000       0x30 /Users/kamil/monome/avr32-tools/bin/../lib/gcc/avr32/4.4.7/../../../../avr32/lib/ucr1/libc.a(lib_a-atexit.o)
 .comment       0x0000000000000000       0x30 /Users/kamil/monome/avr32-tools/bin/../lib/gcc/avr32/4.4.7/../../../../avr32/lib/ucr1/libc.a(lib_a-exit.o)
 .comment       0x0000000000000000       0x30 /Users/kamil/monome/avr32-tools/bin/../lib/gcc/avr32/4.4.7/../../../../avr32/lib/ucr1/libc.a(lib_a-impure.o)
 .comment       0x0000000000000000       0x30 /Users/kamil/monome/avr32-tools/bin/../lib/gcc/avr32/4.4.7/../../../../avr32/lib/ucr1/libc.a(lib_a-malloc.o)
 .comment       0x0000000000000000       0x30 /Users/kamil/monome/avr32-tools/bin/../lib/gcc/avr32/4.4.7/../../../../avr32/lib/ucr1/libc.a(lib_a-mallocr.o)
 .comment       0x0000000000000000       0x30 /Users/kamil/monome/avr32-tools/bin/../lib/gcc/avr32/4.4.7/../../../../avr32/lib/ucr1/libc.a(lib_a-mlock.o)
 .comment       0x0000000000000000       0x30 /Users/kamil/monome/avr32-tools/bin/../lib/gcc/avr32/4.4.7/../../../../avr32/lib/ucr1/libc.a(lib_a-rand.o)
 .comment       0x0000000000000000       0x30 /Users/kamil/monome/avr32-tools/bin/../lib/gcc/avr32/4.4.7/../../../../avr32/lib/ucr1/libc.a(lib_a-sbrkr.o)
 .comment       0x0000000000000000       0x30 /Users/kamil/monome/avr32-tools/bin/../lib/gcc/avr32/4.4.7/../../../../avr32/lib/ucr1/libc.a(lib_a-strncmp.o)
 .comment       0x0000000000000000       0x30 /Users/kamil/monome/avr32-tools/bin/../lib/gcc/avr32/4.4.7/../../../../avr32/lib/ucr1/libc.a(lib_a-syscalls.o)
 .comment       0x0000000000000000       0x30 /Users/kamil/monome/avr32-tools/bin/../lib/gcc/avr32/4.4.7/../../../../avr32/lib/ucr1/libc.a(lib_a-__atexit.o)
 .comment       0x0000000000000000       0x30 /Users/kamil/monome/avr32-tools/bin/../lib/gcc/avr32/4.4.7/../../../../avr32/lib/ucr1/libc.a(lib_a-__call_atexit.o)
 .comment       0x0000000000000000       0x30 /Users/kamil/monome/avr32-tools/bin/../lib/gcc/avr32/4.4.7/../../../../avr32/lib/ucr1/libc.a(lib_a-errno.o)
 .comment       0x0000000000000000       0x30 /Users/kamil/monome/avr32-tools/bin/../lib/gcc/avr32/4.4.7/../../../../avr32/lib/ucr1/libc.a(lib_a-findfp.o)
 .comment       0x0000000000000000       0x30 /Users/kamil/monome/avr32-tools/bin/../lib/gcc/avr32/4.4.7/../../../../avr32/lib/ucr1/libc.a(lib_a-freer.o)
 .comment       0x0000000000000000       0x30 /Users/kamil/monome/avr32-tools/bin/../lib/gcc/avr32/4.4.7/../../../../avr32/lib/ucr1/libc.a(lib_a-reent.o)
 .comment       0x0000000000000000       0x30 /Users/kamil/monome/avr32-tools/bin/../lib/gcc/avr32/4.4.7/ucr1/crtend.o

.debug
 *(.debug)

.line
 *(.line)

.debug_srcinfo
 *(.debug_srcinfo)

.debug_sfnames
 *(.debug_sfnames)

.debug_aranges  0x0000000000000000     0x1018
 *(.debug_aranges)
 .debug_aranges
                0x0000000000000000       0xf0 ../whitewhale/main.o
 .debug_aranges
                0x00000000000000f0       0x28 ../skeleton/adc.o
 .debug_aranges
                0x0000000000000118       0x30 ../skeleton/events.o
 .debug_aranges
                0x0000000000000148       0x38 ../skeleton/init.o
 .debug_aranges
                0x0000000000000180       0x40 ../skeleton/interrupts.o
 .debug_aranges
                0x00000000000001c0      0x108 ../skeleton/monome.o
 .debug_aranges
                0x00000000000002c8       0x48 ../skeleton/timers.o
 .debug_aranges
                0x0000000000000310       0x50 ../skeleton/usb.o
 .debug_aranges
                0x0000000000000360       0x28 ../skeleton/util.o
 .debug_aranges
                0x0000000000000388       0x70 ../skeleton/usb/ftdi/ftdi.o
 .debug_aranges
                0x00000000000003f8       0x58 ../skeleton/usb/ftdi/uhi_ftdi.o
 .debug_aranges
                0x0000000000000450      0x218 avr32/drivers/flashc/flashc.o
 .debug_aranges
                0x0000000000000668      0x100 avr32/drivers/gpio/gpio.o
 .debug_aranges
                0x0000000000000768       0x38 avr32/drivers/intc/intc.o
 .debug_aranges
                0x00000000000007a0       0xa8 avr32/drivers/spi/spi.o
 .debug_aranges
                0x0000000000000848       0xa8 avr32/drivers/tc/tc.o
 .debug_aranges
                0x00000000000008f0       0xd8 avr32/drivers/usart/usart.o
 .debug_aranges
                0x00000000000009c8       0xe0 avr32/drivers/usbb/usbb_host.o
 .debug_aranges
                0x0000000000000aa8       0x88 avr32/utils/debug/print_funcs.o
 .debug_aranges
                0x0000000000000b30      0x120 common/services/usb/uhc/uhc.o
 .debug_aranges
                0x0000000000000c50       0x60 common/services/clock/uc3b0_b1/sysclk.o
 .debug_aranges
                0x0000000000000cb0       0x20 /Users/kamil/monome/avr32-tools/bin/../lib/gcc/avr32/4.4.7/ucr1/libgcc.a(_udivdi3.o)
 .debug_aranges
                0x0000000000000cd0       0x20 /Users/kamil/monome/avr32-tools/bin/../lib/gcc/avr32/4.4.7/../../../../avr32/lib/ucr1/libc.a(lib_a-atexit.o)
 .debug_aranges
                0x0000000000000cf0       0x20 /Users/kamil/monome/avr32-tools/bin/../lib/gcc/avr32/4.4.7/../../../../avr32/lib/ucr1/libc.a(lib_a-exit.o)
 .debug_aranges
                0x0000000000000d10       0x28 /Users/kamil/monome/avr32-tools/bin/../lib/gcc/avr32/4.4.7/../../../../avr32/lib/ucr1/libc.a(lib_a-malloc.o)
 .debug_aranges
                0x0000000000000d38       0x20 /Users/kamil/monome/avr32-tools/bin/../lib/gcc/avr32/4.4.7/../../../../avr32/lib/ucr1/libc.a(lib_a-mallocr.o)
 .debug_aranges
                0x0000000000000d58       0x28 /Users/kamil/monome/avr32-tools/bin/../lib/gcc/avr32/4.4.7/../../../../avr32/lib/ucr1/libc.a(lib_a-mlock.o)
 .debug_aranges
                0x0000000000000d80       0x28 /Users/kamil/monome/avr32-tools/bin/../lib/gcc/avr32/4.4.7/../../../../avr32/lib/ucr1/libc.a(lib_a-rand.o)
 .debug_aranges
                0x0000000000000da8       0x20 /Users/kamil/monome/avr32-tools/bin/../lib/gcc/avr32/4.4.7/../../../../avr32/lib/ucr1/libc.a(lib_a-sbrkr.o)
 .debug_aranges
                0x0000000000000dc8       0x20 /Users/kamil/monome/avr32-tools/bin/../lib/gcc/avr32/4.4.7/../../../../avr32/lib/ucr1/libc.a(lib_a-strncmp.o)
 .debug_aranges
                0x0000000000000de8       0xf8 /Users/kamil/monome/avr32-tools/bin/../lib/gcc/avr32/4.4.7/../../../../avr32/lib/ucr1/libc.a(lib_a-syscalls.o)
 .debug_aranges
                0x0000000000000ee0       0x20 /Users/kamil/monome/avr32-tools/bin/../lib/gcc/avr32/4.4.7/../../../../avr32/lib/ucr1/libc.a(lib_a-__atexit.o)
 .debug_aranges
                0x0000000000000f00       0x20 /Users/kamil/monome/avr32-tools/bin/../lib/gcc/avr32/4.4.7/../../../../avr32/lib/ucr1/libc.a(lib_a-__call_atexit.o)
 .debug_aranges
                0x0000000000000f20       0x20 /Users/kamil/monome/avr32-tools/bin/../lib/gcc/avr32/4.4.7/../../../../avr32/lib/ucr1/libc.a(lib_a-errno.o)
 .debug_aranges
                0x0000000000000f40       0x80 /Users/kamil/monome/avr32-tools/bin/../lib/gcc/avr32/4.4.7/../../../../avr32/lib/ucr1/libc.a(lib_a-findfp.o)
 .debug_aranges
                0x0000000000000fc0       0x28 /Users/kamil/monome/avr32-tools/bin/../lib/gcc/avr32/4.4.7/../../../../avr32/lib/ucr1/libc.a(lib_a-freer.o)
 .debug_aranges
                0x0000000000000fe8       0x30 /Users/kamil/monome/avr32-tools/bin/../lib/gcc/avr32/4.4.7/../../../../avr32/lib/ucr1/libc.a(lib_a-reent.o)

.debug_pubnames
                0x0000000000000000     0x24db
 *(.debug_pubnames)
 .debug_pubnames
                0x0000000000000000      0x382 ../whitewhale/main.o
 .debug_pubnames
                0x0000000000000382       0x2f ../skeleton/adc.o
 .debug_pubnames
                0x00000000000003b1       0x57 ../skeleton/events.o
 .debug_pubnames
                0x0000000000000408       0x4b ../skeleton/init.o
 .debug_pubnames
                0x0000000000000453       0x77 ../skeleton/interrupts.o
 .debug_pubnames
                0x00000000000004ca      0x291 ../skeleton/monome.o
 .debug_pubnames
                0x000000000000075b       0x73 ../skeleton/timers.o
 .debug_pubnames
                0x00000000000007ce       0x88 ../skeleton/usb.o
 .debug_pubnames
                0x0000000000000856       0x23 ../skeleton/util.o
 .debug_pubnames
                0x0000000000000879       0xb5 ../skeleton/usb/ftdi/ftdi.o
 .debug_pubnames
                0x000000000000092e       0xcd ../skeleton/usb/ftdi/uhi_ftdi.o
 .debug_pubnames
                0x00000000000009fb      0x771 avr32/drivers/flashc/flashc.o
 .debug_pubnames
                0x000000000000116c      0x330 avr32/drivers/gpio/gpio.o
 .debug_pubnames
                0x000000000000149c       0x62 avr32/drivers/intc/intc.o
 .debug_pubnames
                0x00000000000014fe      0x178 avr32/drivers/spi/spi.o
 .debug_pubnames
                0x0000000000001676      0x164 avr32/drivers/tc/tc.o
 .debug_pubnames
                0x00000000000017da      0x227 avr32/drivers/usart/usart.o
 .debug_pubnames
                0x0000000000001a01      0x1d4 avr32/drivers/usbb/usbb_host.o
 .debug_pubnames
                0x0000000000001bd5      0x10f avr32/utils/debug/print_funcs.o
 .debug_pubnames
                0x0000000000001ce4      0x196 common/services/usb/uhc/uhc.o
 .debug_pubnames
                0x0000000000001e7a       0xc7 common/services/clock/uc3b0_b1/sysclk.o
 .debug_pubnames
                0x0000000000001f41       0x20 /Users/kamil/monome/avr32-tools/bin/../lib/gcc/avr32/4.4.7/ucr1/libgcc.a(_udivdi3.o)
 .debug_pubnames
                0x0000000000001f61       0x1d /Users/kamil/monome/avr32-tools/bin/../lib/gcc/avr32/4.4.7/../../../../avr32/lib/ucr1/libc.a(lib_a-atexit.o)
 .debug_pubnames
                0x0000000000001f7e       0x1b /Users/kamil/monome/avr32-tools/bin/../lib/gcc/avr32/4.4.7/../../../../avr32/lib/ucr1/libc.a(lib_a-exit.o)
 .debug_pubnames
                0x0000000000001f99       0x39 /Users/kamil/monome/avr32-tools/bin/../lib/gcc/avr32/4.4.7/../../../../avr32/lib/ucr1/libc.a(lib_a-impure.o)
 .debug_pubnames
                0x0000000000001fd2       0x26 /Users/kamil/monome/avr32-tools/bin/../lib/gcc/avr32/4.4.7/../../../../avr32/lib/ucr1/libc.a(lib_a-malloc.o)
 .debug_pubnames
                0x0000000000001ff8       0xce /Users/kamil/monome/avr32-tools/bin/../lib/gcc/avr32/4.4.7/../../../../avr32/lib/ucr1/libc.a(lib_a-mallocr.o)
 .debug_pubnames
                0x00000000000020c6       0x38 /Users/kamil/monome/avr32-tools/bin/../lib/gcc/avr32/4.4.7/../../../../avr32/lib/ucr1/libc.a(lib_a-mlock.o)
 .debug_pubnames
                0x00000000000020fe       0x25 /Users/kamil/monome/avr32-tools/bin/../lib/gcc/avr32/4.4.7/../../../../avr32/lib/ucr1/libc.a(lib_a-rand.o)
 .debug_pubnames
                0x0000000000002123       0x1e /Users/kamil/monome/avr32-tools/bin/../lib/gcc/avr32/4.4.7/../../../../avr32/lib/ucr1/libc.a(lib_a-sbrkr.o)
 .debug_pubnames
                0x0000000000002141       0x1e /Users/kamil/monome/avr32-tools/bin/../lib/gcc/avr32/4.4.7/../../../../avr32/lib/ucr1/libc.a(lib_a-strncmp.o)
 .debug_pubnames
                0x000000000000215f      0x171 /Users/kamil/monome/avr32-tools/bin/../lib/gcc/avr32/4.4.7/../../../../avr32/lib/ucr1/libc.a(lib_a-syscalls.o)
 .debug_pubnames
                0x00000000000022d0       0x2a /Users/kamil/monome/avr32-tools/bin/../lib/gcc/avr32/4.4.7/../../../../avr32/lib/ucr1/libc.a(lib_a-__atexit.o)
 .debug_pubnames
                0x00000000000022fa       0x27 /Users/kamil/monome/avr32-tools/bin/../lib/gcc/avr32/4.4.7/../../../../avr32/lib/ucr1/libc.a(lib_a-__call_atexit.o)
 .debug_pubnames
                0x0000000000002321       0x1e /Users/kamil/monome/avr32-tools/bin/../lib/gcc/avr32/4.4.7/../../../../avr32/lib/ucr1/libc.a(lib_a-errno.o)
 .debug_pubnames
                0x000000000000233f      0x119 /Users/kamil/monome/avr32-tools/bin/../lib/gcc/avr32/4.4.7/../../../../avr32/lib/ucr1/libc.a(lib_a-findfp.o)
 .debug_pubnames
                0x0000000000002458       0x31 /Users/kamil/monome/avr32-tools/bin/../lib/gcc/avr32/4.4.7/../../../../avr32/lib/ucr1/libc.a(lib_a-freer.o)
 .debug_pubnames
                0x0000000000002489       0x52 /Users/kamil/monome/avr32-tools/bin/../lib/gcc/avr32/4.4.7/../../../../avr32/lib/ucr1/libc.a(lib_a-reent.o)

.debug_info     0x0000000000000000    0x292e0
 *(.debug_info .gnu.linkonce.wi.*)
 .debug_info    0x0000000000000000     0x1b07 ../whitewhale/main.o
 .debug_info    0x0000000000001b07      0xcf2 ../skeleton/adc.o
 .debug_info    0x00000000000027f9      0x281 ../skeleton/events.o
 .debug_info    0x0000000000002a7a     0x1802 ../skeleton/init.o
 .debug_info    0x000000000000427c      0xc21 ../skeleton/interrupts.o
 .debug_info    0x0000000000004e9d     0x12d5 ../skeleton/monome.o
 .debug_info    0x0000000000006172      0x2e1 ../skeleton/timers.o
 .debug_info    0x0000000000006453      0x3cf ../skeleton/usb.o
 .debug_info    0x0000000000006822      0x161 ../skeleton/util.o
 .debug_info    0x0000000000006983      0x680 ../skeleton/usb/ftdi/ftdi.o
 .debug_info    0x0000000000007003      0xb15 ../skeleton/usb/ftdi/uhi_ftdi.o
 .debug_info    0x0000000000007b18     0x1f63 avr32/drivers/flashc/flashc.o
 .debug_info    0x0000000000009a7b      0xb50 avr32/drivers/gpio/gpio.o
 .debug_info    0x000000000000a5cb      0x585 avr32/drivers/intc/intc.o
 .debug_info    0x000000000000ab50     0x108c avr32/drivers/spi/spi.o
 .debug_info    0x000000000000bbdc     0x1182 avr32/drivers/tc/tc.o
 .debug_info    0x000000000000cd5e     0x2127 avr32/drivers/usart/usart.o
 .debug_info    0x000000000000ee85     0xd7a2 avr32/drivers/usbb/usbb_host.o
 .debug_info    0x000000000001c627     0x1747 avr32/utils/debug/print_funcs.o
 .debug_info    0x000000000001dd6e      0xfab common/services/usb/uhc/uhc.o
 .debug_info    0x000000000001ed19     0x1745 common/services/clock/uc3b0_b1/sysclk.o
 .debug_info    0x000000000002045e      0x587 /Users/kamil/monome/avr32-tools/bin/../lib/gcc/avr32/4.4.7/ucr1/libgcc.a(_udivdi3.o)
 .debug_info    0x00000000000209e5       0xc9 /Users/kamil/monome/avr32-tools/bin/../lib/gcc/avr32/4.4.7/../../../../avr32/lib/ucr1/libc.a(lib_a-atexit.o)
 .debug_info    0x0000000000020aae      0x8bb /Users/kamil/monome/avr32-tools/bin/../lib/gcc/avr32/4.4.7/../../../../avr32/lib/ucr1/libc.a(lib_a-exit.o)
 .debug_info    0x0000000000021369      0x964 /Users/kamil/monome/avr32-tools/bin/../lib/gcc/avr32/4.4.7/../../../../avr32/lib/ucr1/libc.a(lib_a-impure.o)
 .debug_info    0x0000000000021ccd      0x8ee /Users/kamil/monome/avr32-tools/bin/../lib/gcc/avr32/4.4.7/../../../../avr32/lib/ucr1/libc.a(lib_a-malloc.o)
 .debug_info    0x00000000000225bb      0xc52 /Users/kamil/monome/avr32-tools/bin/../lib/gcc/avr32/4.4.7/../../../../avr32/lib/ucr1/libc.a(lib_a-mallocr.o)
 .debug_info    0x000000000002320d      0x8d3 /Users/kamil/monome/avr32-tools/bin/../lib/gcc/avr32/4.4.7/../../../../avr32/lib/ucr1/libc.a(lib_a-mlock.o)
 .debug_info    0x0000000000023ae0      0x91e /Users/kamil/monome/avr32-tools/bin/../lib/gcc/avr32/4.4.7/../../../../avr32/lib/ucr1/libc.a(lib_a-rand.o)
 .debug_info    0x00000000000243fe      0x8e2 /Users/kamil/monome/avr32-tools/bin/../lib/gcc/avr32/4.4.7/../../../../avr32/lib/ucr1/libc.a(lib_a-sbrkr.o)
 .debug_info    0x0000000000024ce0       0xcd /Users/kamil/monome/avr32-tools/bin/../lib/gcc/avr32/4.4.7/../../../../avr32/lib/ucr1/libc.a(lib_a-strncmp.o)
 .debug_info    0x0000000000024dad      0x93e /Users/kamil/monome/avr32-tools/bin/../lib/gcc/avr32/4.4.7/../../../../avr32/lib/ucr1/libc.a(lib_a-syscalls.o)
 .debug_info    0x00000000000256eb      0x930 /Users/kamil/monome/avr32-tools/bin/../lib/gcc/avr32/4.4.7/../../../../avr32/lib/ucr1/libc.a(lib_a-__atexit.o)
 .debug_info    0x000000000002601b      0x935 /Users/kamil/monome/avr32-tools/bin/../lib/gcc/avr32/4.4.7/../../../../avr32/lib/ucr1/libc.a(lib_a-__call_atexit.o)
 .debug_info    0x0000000000026950      0x8aa /Users/kamil/monome/avr32-tools/bin/../lib/gcc/avr32/4.4.7/../../../../avr32/lib/ucr1/libc.a(lib_a-errno.o)
 .debug_info    0x00000000000271fa      0xc2e /Users/kamil/monome/avr32-tools/bin/../lib/gcc/avr32/4.4.7/../../../../avr32/lib/ucr1/libc.a(lib_a-findfp.o)
 .debug_info    0x0000000000027e28      0xb41 /Users/kamil/monome/avr32-tools/bin/../lib/gcc/avr32/4.4.7/../../../../avr32/lib/ucr1/libc.a(lib_a-freer.o)
 .debug_info    0x0000000000028969      0x977 /Users/kamil/monome/avr32-tools/bin/../lib/gcc/avr32/4.4.7/../../../../avr32/lib/ucr1/libc.a(lib_a-reent.o)

.debug_abbrev   0x0000000000000000     0x4e83
 *(.debug_abbrev)
 .debug_abbrev  0x0000000000000000      0x392 ../whitewhale/main.o
 .debug_abbrev  0x0000000000000392      0x25b ../skeleton/adc.o
 .debug_abbrev  0x00000000000005ed      0x142 ../skeleton/events.o
 .debug_abbrev  0x000000000000072f      0x222 ../skeleton/init.o
 .debug_abbrev  0x0000000000000951      0x207 ../skeleton/interrupts.o
 .debug_abbrev  0x0000000000000b58      0x41a ../skeleton/monome.o
 .debug_abbrev  0x0000000000000f72      0x17d ../skeleton/timers.o
 .debug_abbrev  0x00000000000010ef      0x107 ../skeleton/usb.o
 .debug_abbrev  0x00000000000011f6       0xb3 ../skeleton/util.o
 .debug_abbrev  0x00000000000012a9      0x1be ../skeleton/usb/ftdi/ftdi.o
 .debug_abbrev  0x0000000000001467      0x2d6 ../skeleton/usb/ftdi/uhi_ftdi.o
 .debug_abbrev  0x000000000000173d      0x476 avr32/drivers/flashc/flashc.o
 .debug_abbrev  0x0000000000001bb3      0x2e9 avr32/drivers/gpio/gpio.o
 .debug_abbrev  0x0000000000001e9c      0x1f2 avr32/drivers/intc/intc.o
 .debug_abbrev  0x000000000000208e      0x28e avr32/drivers/spi/spi.o
 .debug_abbrev  0x000000000000231c      0x24d avr32/drivers/tc/tc.o
 .debug_abbrev  0x0000000000002569      0x311 avr32/drivers/usart/usart.o
 .debug_abbrev  0x000000000000287a      0x3db avr32/drivers/usbb/usbb_host.o
 .debug_abbrev  0x0000000000002c55      0x1f6 avr32/utils/debug/print_funcs.o
 .debug_abbrev  0x0000000000002e4b      0x33d common/services/usb/uhc/uhc.o
 .debug_abbrev  0x0000000000003188      0x30a common/services/clock/uc3b0_b1/sysclk.o
 .debug_abbrev  0x0000000000003492      0x15c /Users/kamil/monome/avr32-tools/bin/../lib/gcc/avr32/4.4.7/ucr1/libgcc.a(_udivdi3.o)
 .debug_abbrev  0x00000000000035ee       0x83 /Users/kamil/monome/avr32-tools/bin/../lib/gcc/avr32/4.4.7/../../../../avr32/lib/ucr1/libc.a(lib_a-atexit.o)
 .debug_abbrev  0x0000000000003671      0x161 /Users/kamil/monome/avr32-tools/bin/../lib/gcc/avr32/4.4.7/../../../../avr32/lib/ucr1/libc.a(lib_a-exit.o)
 .debug_abbrev  0x00000000000037d2      0x162 /Users/kamil/monome/avr32-tools/bin/../lib/gcc/avr32/4.4.7/../../../../avr32/lib/ucr1/libc.a(lib_a-impure.o)
 .debug_abbrev  0x0000000000003934      0x17a /Users/kamil/monome/avr32-tools/bin/../lib/gcc/avr32/4.4.7/../../../../avr32/lib/ucr1/libc.a(lib_a-malloc.o)
 .debug_abbrev  0x0000000000003aae      0x207 /Users/kamil/monome/avr32-tools/bin/../lib/gcc/avr32/4.4.7/../../../../avr32/lib/ucr1/libc.a(lib_a-mallocr.o)
 .debug_abbrev  0x0000000000003cb5      0x15d /Users/kamil/monome/avr32-tools/bin/../lib/gcc/avr32/4.4.7/../../../../avr32/lib/ucr1/libc.a(lib_a-mlock.o)
 .debug_abbrev  0x0000000000003e12      0x1b5 /Users/kamil/monome/avr32-tools/bin/../lib/gcc/avr32/4.4.7/../../../../avr32/lib/ucr1/libc.a(lib_a-rand.o)
 .debug_abbrev  0x0000000000003fc7      0x181 /Users/kamil/monome/avr32-tools/bin/../lib/gcc/avr32/4.4.7/../../../../avr32/lib/ucr1/libc.a(lib_a-sbrkr.o)
 .debug_abbrev  0x0000000000004148       0x87 /Users/kamil/monome/avr32-tools/bin/../lib/gcc/avr32/4.4.7/../../../../avr32/lib/ucr1/libc.a(lib_a-strncmp.o)